<html>
<body>
<pre>
<h1>µVision Build Log</h1>
<h2>Tool Versions:</h2>
IDE-Version: ¦ÌVision V5.43.1.0
Copyright (C) 2025 ARM Ltd and ARM Germany GmbH. All rights reserved.
License Information: 11 11, 11, LIC=GMZI6-DNH8Z-2ZLW4-F4GS1-C4LUG-L7S79
 
Tool Versions:
Toolchain:       MDK-ARM Plus  Version: 5.43.0.0
Toolchain Path:  C:\Users\EVC2-5\AppData\Local\Keil_v5\ARM\ARMCC\Bin
C Compiler:      Armcc.exe V5.06 update 7 (build 960)
Assembler:       Armasm.exe V5.06 update 7 (build 960)
Linker/Locator:  ArmLink.exe V5.06 update 7 (build 960)
Library Manager: ArmAr.exe V5.06 update 7 (build 960)
Hex Converter:   FromElf.exe V5.06 update 7 (build 960)
CPU DLL:         SARMCM3.DLL V5.43.0.0
Dialog DLL:      DCM.DLL V1.17.5.0
Target DLL:      Segger\JL2CM3.dll V2.99.45.0
Dialog DLL:      TCM.DLL V1.56.6.0
 
<h2>Project:</h2>
C:\AT32_Lwip\MAIN.uvprojx
Project File Date:  08/05/2026

<h2>Output:</h2>
*** Using Compiler 'V5.06 update 7 (build 960)', folder: 'C:\Users\EVC2-5\AppData\Local\Keil_v5\ARM\ARMCC\Bin'
Build target 'PRO'
Note: source file '.\LWIP\src\core\timers.c' - object file renamed from '.\OUTFILES\timers.o' to '.\OUTFILES\timers_1.o'.
compiling err.c...
compiling api_lib.c...
compiling api_msg.c...
compiling netbuf.c...
compiling netdb.c...
compiling netifapi.c...
compiling tcpip.c...
compiling def.c...
compiling sockets.c...
compiling dns.c...
compiling init.c...
compiling dhcp.c...
compiling mem.c...
compiling memp.c...
compiling netif.c...
compiling pbuf.c...
compiling stats.c...
compiling raw.c...
compiling sys.c...
compiling tcp.c...
compiling tcp_in.c...
compiling tcp_out.c...
compiling timers.c...
compiling udp.c...
compiling autoip.c...
compiling icmp.c...
compiling igmp.c...
compiling inet.c...
compiling inet_chksum.c...
compiling ip.c...
compiling ip_addr.c...
compiling ip_frag.c...
compiling etharp.c...
compiling slipif.c...
compiling sys_arch.c...
compiling ethernetif.c...
compiling at32_emac_phy.c...
compiling netconf.c...
compiling main.c...
compiling at32f435_437_int.c...
linking...
Program Size: Code=67508 RO-data=1432 RW-data=516 ZI-data=125908  
FromELF: creating hex file...
".\OUTFILES\MAIN.axf" - 0 Error(s), 0 Warning(s).

<h2>Software Packages used:</h2>

Package Vendor: ArteryTek
                
                ArteryTek::AT32F435_437_DFP@2.2.7
                ArteryTek AT32F4 Series Device Support,Drivers

<h2>Collection of Component include folders:</h2>
  C:/Users/EVC2-5/AppData/Local/Arm/Packs/ArteryTek/AT32F435_437_DFP/2.2.7/Device/Include

<h2>Collection of Component Files used:</h2>
Build Time Elapsed:  00:00:11
</pre>
</body>
</html>
