Component: ARM Compiler 5.06 update 7 (build 960) Tool: armlink [4d3601]

==============================================================================

Section Cross References

    startup_at32f435_437.o(RESET) refers to startup_at32f435_437.o(STACK) for __initial_sp
    startup_at32f435_437.o(RESET) refers to startup_at32f435_437.o(.text) for Reset_Handler
    startup_at32f435_437.o(RESET) refers to at32f435_437_int.o(i.NMI_Handler) for NMI_Handler
    startup_at32f435_437.o(RESET) refers to at32f435_437_int.o(i.HardFault_Handler) for HardFault_Handler
    startup_at32f435_437.o(RESET) refers to at32f435_437_int.o(i.MemManage_Handler) for MemManage_Handler
    startup_at32f435_437.o(RESET) refers to at32f435_437_int.o(i.BusFault_Handler) for BusFault_Handler
    startup_at32f435_437.o(RESET) refers to at32f435_437_int.o(i.UsageFault_Handler) for UsageFault_Handler
    startup_at32f435_437.o(RESET) refers to port.o(.emb_text) for SVC_Handler
    startup_at32f435_437.o(RESET) refers to at32f435_437_int.o(i.DebugMon_Handler) for DebugMon_Handler
    startup_at32f435_437.o(RESET) refers to port.o(i.SysTick_Handler) for SysTick_Handler
    startup_at32f435_437.o(RESET) refers to at32f435_437_int.o(i.EMAC_IRQHandler) for EMAC_IRQHandler
    startup_at32f435_437.o(RESET) refers to main.o(i.OTGFS2_IRQHandler) for OTGFS2_IRQHandler
    startup_at32f435_437.o(.text) refers to system_at32f435_437.o(i.SystemInit) for SystemInit
    startup_at32f435_437.o(.text) refers to entry.o(.ARM.Collect$$$$00000000) for __main
    system_at32f435_437.o(i.system_core_clock_update) refers to at32f435_437_crm.o(i.crm_sysclk_switch_status_get) for crm_sysclk_switch_status_get
    system_at32f435_437.o(i.system_core_clock_update) refers to uldiv.o(.text) for __aeabi_uldivmod
    system_at32f435_437.o(i.system_core_clock_update) refers to system_at32f435_437.o(.data) for system_core_clock
    system_at32f435_437.o(i.system_core_clock_update) refers to system_at32f435_437.o(.constdata) for pll_fr_table
    at32f435_437_adc.o(i.adc_reset) refers to at32f435_437_crm.o(i.crm_periph_reset) for crm_periph_reset
    at32f435_437_can.o(i.can_interrupt_flag_get) refers to at32f435_437_can.o(i.can_flag_get) for can_flag_get
    at32f435_437_can.o(i.can_message_receive) refers to at32f435_437_can.o(i.can_receive_fifo_release) for can_receive_fifo_release
    at32f435_437_can.o(i.can_reset) refers to at32f435_437_crm.o(i.crm_periph_reset) for crm_periph_reset
    at32f435_437_crm.o(i.crm_clocks_freq_get) refers to at32f435_437_crm.o(i.crm_sysclk_switch_status_get) for crm_sysclk_switch_status_get
    at32f435_437_crm.o(i.crm_clocks_freq_get) refers to uldiv.o(.text) for __aeabi_uldivmod
    at32f435_437_crm.o(i.crm_clocks_freq_get) refers to at32f435_437_crm.o(.constdata) for pll_fr_table
    at32f435_437_crm.o(i.crm_hext_stable_wait) refers to at32f435_437_crm.o(i.crm_flag_get) for crm_flag_get
    at32f435_437_crm.o(i.crm_pll_config) refers to at32f435_437_crm.o(i.crm_hick_divider_select) for crm_hick_divider_select
    at32f435_437_crm.o(i.crm_usb_clock_source_select) refers to at32f435_437_crm.o(i.crm_hick_sclk_frequency_select) for crm_hick_sclk_frequency_select
    at32f435_437_dac.o(i.dac_reset) refers to at32f435_437_crm.o(i.crm_periph_reset) for crm_periph_reset
    at32f435_437_dvp.o(i.dvp_reset) refers to at32f435_437_crm.o(i.crm_periph_reset) for crm_periph_reset
    at32f435_437_emac.o(i.emac_clock_range_set) refers to at32f435_437_crm.o(i.crm_clocks_freq_get) for crm_clocks_freq_get
    at32f435_437_emac.o(i.emac_control_config) refers to at32f435_437_emac.o(i.emac_deferral_check_set) for emac_deferral_check_set
    at32f435_437_emac.o(i.emac_control_config) refers to at32f435_437_emac.o(i.emac_backoff_limit_set) for emac_backoff_limit_set
    at32f435_437_emac.o(i.emac_control_config) refers to at32f435_437_emac.o(i.emac_auto_pad_crc_stripping_set) for emac_auto_pad_crc_stripping_set
    at32f435_437_emac.o(i.emac_control_config) refers to at32f435_437_emac.o(i.emac_retry_disable) for emac_retry_disable
    at32f435_437_emac.o(i.emac_control_config) refers to at32f435_437_emac.o(i.emac_ipv4_checksum_offload_set) for emac_ipv4_checksum_offload_set
    at32f435_437_emac.o(i.emac_control_config) refers to at32f435_437_emac.o(i.emac_loopback_mode_enable) for emac_loopback_mode_enable
    at32f435_437_emac.o(i.emac_control_config) refers to at32f435_437_emac.o(i.emac_receive_own_disable) for emac_receive_own_disable
    at32f435_437_emac.o(i.emac_control_config) refers to at32f435_437_emac.o(i.emac_carrier_sense_disable) for emac_carrier_sense_disable
    at32f435_437_emac.o(i.emac_control_config) refers to at32f435_437_emac.o(i.emac_interframe_gap_set) for emac_interframe_gap_set
    at32f435_437_emac.o(i.emac_control_config) refers to at32f435_437_emac.o(i.emac_jabber_disable) for emac_jabber_disable
    at32f435_437_emac.o(i.emac_control_config) refers to at32f435_437_emac.o(i.emac_watchdog_disable) for emac_watchdog_disable
[...]
    usbd_outept_handler                      0x080132fb   Thumb Code   146  usbd_int.o(i.usbd_outept_handler)
    usbd_reset_handler                       0x0801338d   Thumb Code   290  usbd_int.o(i.usbd_reset_handler)
    usbd_rxflvl_handler                      0x080134af   Thumb Code   130  usbd_int.o(i.usbd_rxflvl_handler)
    usbd_set_device_addr                     0x08013655   Thumb Code    16  usbd_core.o(i.usbd_set_device_addr)
    usbd_set_stall                           0x08013697   Thumb Code    74  usbd_core.o(i.usbd_set_stall)
    usbd_setup_request_parse                 0x080136e1   Thumb Code    40  usbd_sdr.o(i.usbd_setup_request_parse)
    usbd_sof_handler                         0x08013709   Thumb Code    20  usbd_int.o(i.usbd_sof_handler)
    usbd_suspend_handler                     0x0801371d   Thumb Code    56  usbd_int.o(i.usbd_suspend_handler)
    usbd_wakeup_handler                      0x08013791   Thumb Code    54  usbd_int.o(i.usbd_wakeup_handler)
    uxListRemove                             0x080137c7   Thumb Code    40  list.o(i.uxListRemove)
    vListInitialise                          0x080137ef   Thumb Code    26  list.o(i.vListInitialise)
    vListInitialiseItem                      0x08013809   Thumb Code     6  list.o(i.vListInitialiseItem)
    vListInsert                              0x0801380f   Thumb Code    52  list.o(i.vListInsert)
    vListInsertEnd                           0x08013843   Thumb Code    24  list.o(i.vListInsertEnd)
    vPortEnterCritical                       0x0801385d   Thumb Code    76  port.o(i.vPortEnterCritical)
    vPortExitCritical                        0x080138b1   Thumb Code    56  port.o(i.vPortExitCritical)
    vPortFree                                0x080138ed   Thumb Code   150  heap_4.o(i.vPortFree)
    vPortSetupTimerInterrupt                 0x08013991   Thumb Code    36  port.o(i.vPortSetupTimerInterrupt)
    vPortValidateInterruptPriority           0x080139b9   Thumb Code   106  port.o(i.vPortValidateInterruptPriority)
    vTaskDelay                               0x08013a31   Thumb Code    82  tasks.o(i.vTaskDelay)
    vTaskDelete                              0x08013a8d   Thumb Code   202  tasks.o(i.vTaskDelete)
    vTaskInternalSetTimeOutState             0x08013b81   Thumb Code    14  tasks.o(i.vTaskInternalSetTimeOutState)
    vTaskMissedYield                         0x08013b99   Thumb Code     8  tasks.o(i.vTaskMissedYield)
    vTaskPlaceOnEventList                    0x08013ba5   Thumb Code    52  tasks.o(i.vTaskPlaceOnEventList)
    vTaskPriorityDisinheritAfterTimeout      0x08013bdd   Thumb Code   216  tasks.o(i.vTaskPriorityDisinheritAfterTimeout)
    vTaskStartScheduler                      0x08013cc1   Thumb Code   112  tasks.o(i.vTaskStartScheduler)
    vTaskSuspendAll                          0x08013d51   Thumb Code    12  tasks.o(i.vTaskSuspendAll)
    vTaskSwitchContext                       0x08013d61   Thumb Code   118  tasks.o(i.vTaskSwitchContext)
    w25x80_init                              0x08013ded   Thumb Code     8  w25x80.o(i.w25x80_init)
    w25x80_read_data                         0x08013df5   Thumb Code   100  w25x80.o(i.w25x80_read_data)
    w25x80_sector_erase                      0x08013e5d   Thumb Code    64  w25x80.o(i.w25x80_sector_erase)
    w25x80_write_data                        0x08013f05   Thumb Code   114  w25x80.o(i.w25x80_write_data)
    xPortStartScheduler                      0x08013f79   Thumb Code   330  port.o(i.xPortStartScheduler)
    xQueueCreateMutex                        0x080140e1   Thumb Code    34  queue.o(i.xQueueCreateMutex)
    xQueueGenericCreate                      0x08014103   Thumb Code   162  queue.o(i.xQueueGenericCreate)
    xQueueGenericReset                       0x080141a5   Thumb Code   146  queue.o(i.xQueueGenericReset)
    xQueueGenericSend                        0x0801423d   Thumb Code   380  queue.o(i.xQueueGenericSend)
    xQueueGenericSendFromISR                 0x080143bd   Thumb Code   288  queue.o(i.xQueueGenericSendFromISR)
    xQueueGiveFromISR                        0x080144dd   Thumb Code   260  queue.o(i.xQueueGiveFromISR)
    xQueueReceive                            0x080145e1   Thumb Code   316  queue.o(i.xQueueReceive)
    xQueueReceiveFromISR                     0x08014721   Thumb Code   238  queue.o(i.xQueueReceiveFromISR)
    xQueueSemaphoreTake                      0x08014811   Thumb Code   394  queue.o(i.xQueueSemaphoreTake)
    xTaskCheckForTimeOut                     0x080149a1   Thumb Code   136  tasks.o(i.xTaskCheckForTimeOut)
    xTaskCreate                              0x08014a31   Thumb Code    96  tasks.o(i.xTaskCreate)
    xTaskGetTickCount                        0x08014a91   Thumb Code     6  tasks.o(i.xTaskGetTickCount)
    xTaskIncrementTick                       0x08014a9d   Thumb Code   282  tasks.o(i.xTaskIncrementTick)
    xTaskPriorityDisinherit                  0x08014be5   Thumb Code   174  tasks.o(i.xTaskPriorityDisinherit)
    xTaskPriorityInherit                     0x08014ca1   Thumb Code   172  tasks.o(i.xTaskPriorityInherit)
    xTaskRemoveFromEventList                 0x08014d59   Thumb Code   128  tasks.o(i.xTaskRemoveFromEventList)
    xTaskResumeAll                           0x08014df1   Thumb Code   224  tasks.o(i.xTaskResumeAll)
    tcp_state_str                            0x08014fb0   Data          44  tcp.o(.constdata)
    tcp_backoff                              0x08014fdc   Data          13  tcp.o(.constdata)
    tcp_persist_backoff                      0x08014fe9   Data           7  tcp.o(.constdata)
    tcp_pcb_lists                            0x08014ff0   Data          16  tcp.o(.constdata)
    ip_addr_any                              0x08015000   Data           4  ip_addr.o(.constdata)
    ip_addr_broadcast                        0x08015004   Data           4  ip_addr.o(.constdata)
    ethbroadcast                             0x08015008   Data           6  etharp.o(.constdata)
    ethzero                                  0x0801500e   Data           6  etharp.o(.constdata)
    Region$$Table$$Base                      0x08015260   Number         0  anon$$obj.o(Region$$Table)
    Region$$Table$$Limit                     0x08015280   Number         0  anon$$obj.o(Region$$Table)
    system_core_clock                        0x20000000   Data           4  system_at32f435_437.o(.data)
    dma_tx_desc_to_set                       0x20000004   Data           4  at32f435_437_emac.o(.data)
    dma_rx_desc_to_get                       0x20000008   Data           4  at32f435_437_emac.o(.data)
    ptp_dma_tx_desc_to_set                   0x2000000c   Data           4  at32f435_437_emac.o(.data)
    ptp_dma_rx_desc_to_get                   0x20000010   Data           4  at32f435_437_emac.o(.data)
    pxCurrentTCB                             0x20000018   Data           4  tasks.o(.data)
    uxTopUsedPriority                        0x20000050   Data           4  tasks.o(.data)
    netif_list                               0x200000d4   Data           4  netif.o(.data)
    netif_default                            0x200000d8   Data           4  netif.o(.data)
    pbuf_free_ooseq_pending                  0x200000e4   Data           1  pbuf.o(.data)
    tcp_ticks                                0x200000f8   Data           4  tcp.o(.data)
    tcp_bound_pcbs                           0x200000fc   Data           4  tcp.o(.data)
    tcp_listen_pcbs                          0x20000100   Data           4  tcp.o(.data)
    tcp_active_pcbs                          0x20000104   Data           4  tcp.o(.data)
    tcp_tw_pcbs                              0x20000108   Data           4  tcp.o(.data)
    tcp_tmp_pcb                              0x2000010c   Data           4  tcp.o(.data)
    tcp_active_pcbs_changed                  0x20000110   Data           1  tcp.o(.data)
    tcp_input_pcb                            0x20000138   Data           4  tcp_in.o(.data)
    udp_pcbs                                 0x20000154   Data           4  udp.o(.data)
    current_netif                            0x2000016c   Data           4  ip.o(.data)
    current_header                           0x20000170   Data           4  ip.o(.data)
    current_iphdr_src                        0x20000174   Data           4  ip.o(.data)
    current_iphdr_dest                       0x20000178   Data           4  ip.o(.data)
    lwip_netif                               0x20000198   Data           4  ethernetif.o(.data)
    tcp_end_time                             0x2000019c   Data           4  ethernetif.o(.data)
    arp_end_time                             0x200001a0   Data           4  ethernetif.o(.data)
    MACaddr                                  0x200001a4   Data           6  ethernetif.o(.data)
    lwip_sys_now                             0x200001b4   Data           4  sys_arch.o(.data)
    lwip_sys_mutex                           0x200001b8   Data           4  sys_arch.o(.data)
    the_waiting_fn                           0x200001bc   Data           4  sys_arch.o(.data)
    link_status_handler                      0x200001c4   Data           4  netconf.o(.data)
    tcp_timer                                0x200001c8   Data           4  netconf.o(.data)
    arp_timer                                0x200001cc   Data           4  netconf.o(.data)
    dns_timer                                0x200001d0   Data           4  netconf.o(.data)
    dhcp_fine_timer                          0x200001dc   Data           4  netconf.o(.data)
    dhcp_coarse_timer                        0x200001e0   Data           4  netconf.o(.data)
    linecoding                               0x200001ec   Data           8  cdc_msc_class.o(.data)
    cdc_msc_class_handler                    0x200001f4   Data          40  cdc_msc_class.o(.data)
    cdc_msc_desc_handler                     0x2000021c   Data          40  cdc_msc_desc.o(.data)
    page00_inquiry_data                      0x2000030c   Data           5  msc_bot_scsi.o(.data)
    sense_data                               0x20000314   Data          24  msc_bot_scsi.o(.data)
    mode_sense6_data                         0x2000032c   Data           8  msc_bot_scsi.o(.data)
    mode_sense10_data                        0x20000334   Data           8  msc_bot_scsi.o(.data)
    res                                      0x20000348   Data           1  main.o(.data)
    network_handler                          0x2000034c   Data           4  main.o(.data)
    dns_handler                              0x20000350   Data           4  main.o(.data)
    usb_handler                              0x20000354   Data           4  main.o(.data)
    scsi_inquiry                             0x20000360   Data          36  msc_diskio.o(.data)
    __stdout                                 0x20000388   Data           4  stdout.o(.data)
    dhcp_rx_options_val                      0x2000a670   Data          40  dhcp.o(.bss)
    dhcp_rx_options_given                    0x2000a698   Data          10  dhcp.o(.bss)
    ram_heap                                 0x2000ad07   Data       20500  mem.o(.bss)
    lwip_stats                               0x200162f8   Data         488  stats.o(.bss)
    DMARxDscrTab                             0x200165cc   Data         320  ethernetif.o(.bss)
    DMATxDscrTab                             0x2001670c   Data         320  ethernetif.o(.bss)
    Rx_Buff                                  0x2001684c   Data       15200  ethernetif.o(.bss)
    Tx_Buff                                  0x2001a3ac   Data       15200  ethernetif.o(.bss)
    mac_control_para                         0x2001df0c   Data          14  at32_emac_phy.o(.bss)
    netif                                    0x2001df1c   Data          68  netconf.o(.bss)
    cdc_msc_struct                           0x2001df60   Data        4272  cdc_msc_class.o(.bss)
    otg_core_struct                          0x2001f538   Data         776  main.o(.bss)
    usb_buffer                               0x2001f840   Data         256  main.o(.bss)
    g_file_system                            0x2001f940   Data        4148  main.o(.bss)
    __initial_sp                             0x20021978   Data           0  startup_at32f435_437.o(STACK)



==============================================================================

Memory Map of the image

  Image Entry point : 0x0800020d

  Load Region LR_IROM1 (Base: 0x08000000, Size: 0x0001560c, Max: 0x00100000, ABSOLUTE, COMPRESSED[0x000153c4])

    Execution Region ER_IROM1 (Exec base: 0x08000000, Load base: 0x08000000, Size: 0x00015280, Max: 0x00100000, ABSOLUTE)

    Exec Addr    Load Addr    Size         Type   Attr      Idx    E Section Name        Object

    0x08000000   0x08000000   0x0000020c   Data   RO            3    RESET               startup_at32f435_437.o
    0x0800020c   0x0800020c   0x00000000   Code   RO        11386  * .ARM.Collect$$$$00000000  mc_w.l(entry.o)
    0x0800020c   0x0800020c   0x00000004   Code   RO        11675    .ARM.Collect$$$$00000001  mc_w.l(entry2.o)
    0x08000210   0x08000210   0x00000004   Code   RO        11678    .ARM.Collect$$$$00000004  mc_w.l(entry5.o)
    0x08000214   0x08000214   0x00000000   Code   RO        11680    .ARM.Collect$$$$00000008  mc_w.l(entry7b.o)
    0x08000214   0x08000214   0x00000000   Code   RO        11682    .ARM.Collect$$$$0000000A  mc_w.l(entry8b.o)
    0x08000214   0x08000214   0x00000008   Code   RO        11683    .ARM.Collect$$$$0000000B  mc_w.l(entry9a.o)
    0x0800021c   0x0800021c   0x00000004   Code   RO        11690    .ARM.Collect$$$$0000000E  mc_w.l(entry12b.o)
    0x08000220   0x08000220   0x00000000   Code   RO        11685    .ARM.Collect$$$$0000000F  mc_w.l(entry10a.o)
    0x08000220   0x08000220   0x00000000   Code   RO        11687    .ARM.Collect$$$$00000011  mc_w.l(entry11a.o)
    0x08000220   0x08000220   0x00000004   Code   RO        11676    .ARM.Collect$$$$00002712  mc_w.l(entry2.o)
    0x08000224   0x08000224   0x000000be   Code   RO         6516    .emb_text           port.o
    0x080002e2   0x080002e2   0x00000002   PAD
    0x080002e4   0x080002e4   0x00000024   Code   RO            4    .text               startup_at32f435_437.o
    0x08000308   0x08000308   0x00000062   Code   RO        11391    .text               mc_w.l(uldiv.o)
    0x0800036a   0x0800036a   0x00000002   PAD
    0x0800036c   0x0800036c   0x00000024   Code   RO        11393    .text               mc_w.l(rand.o)
    0x08000390   0x08000390   0x00000024   Code   RO        11396    .text               mc_w.l(memcpya.o)
    0x080003b4   0x080003b4   0x00000024   Code   RO        11400    .text               mc_w.l(memseta.o)
    0x080003d8   0x080003d8   0x0000000e   Code   RO        11404    .text               mc_w.l(strlen.o)
    0x080003e6   0x080003e6   0x0000001c   Code   RO        11406    .text               mc_w.l(strcmp.o)
    0x08000402   0x08000402   0x0000001a   Code   RO        11408    .text               mc_w.l(memcmp.o)
    0x0800041c   0x0800041c   0x0000002c   Code   RO        11692    .text               mc_w.l(uidiv.o)
    0x08000448   0x08000448   0x0000001e   Code   RO        11694    .text               mc_w.l(llshl.o)
    0x08000466   0x08000466   0x00000020   Code   RO        11696    .text               mc_w.l(llushr.o)
    0x08000486   0x08000486   0x00000002   PAD
    0x08000488   0x08000488   0x00000024   Code   RO        11718    .text               mc_w.l(init.o)
    0x080004ac   0x080004ac   0x00000056   Code   RO        11764    .text               mc_w.l(__dczerorl2.o)
    0x08000502   0x08000502   0x00000004   Code   RO        11266    i.BusFault_Handler  at32f435_437_int.o
    0x08000506   0x08000506   0x00000002   Code   RO        11267    i.DebugMon_Handler  at32f435_437_int.o
    0x08000508   0x08000508   0x00000012   Code   RO        11268    i.EMAC_IRQHandler   at32f435_437_int.o
    0x0800051a   0x0800051a   0x00000004   Code   RO        11269    i.HardFault_Handler  at32f435_437_int.o
    0x0800051e   0x0800051e   0x00000004   Code   RO        11270    i.MemManage_Handler  at32f435_437_int.o
    0x08000522   0x08000522   0x00000002   Code   RO        11271    i.NMI_Handler       at32f435_437_int.o
    0x08000524   0x08000524   0x00000010   Code   RO        11130    i.OTGFS2_IRQHandler  main.o
    0x08000534   0x08000534   0x00000034   Code   RO         6517    i.SysTick_Handler   port.o
    0x08000568   0x08000568   0x00000090   Code   RO           13    i.SystemInit        system_at32f435_437.o
    0x080005f8   0x080005f8   0x00000004   Code   RO        11272    i.UsageFault_Handler  at32f435_437_int.o
    0x080005fc   0x080005fc   0x00000020   Code   RO        11501    i.__0printf$3       mc_w.l(printf3.o)
    0x0800061c   0x0800061c   0x0000000e   Code   RO        11758    i.__scatterload_copy  mc_w.l(handlers.o)
    0x0800062a   0x0800062a   0x00000002   Code   RO        11759    i.__scatterload_null  mc_w.l(handlers.o)
    0x0800062c   0x0800062c   0x0000000e   Code   RO        11760    i.__scatterload_zeroinit  mc_w.l(handlers.o)
    0x0800063a   0x0800063a   0x00000002   PAD
    0x0800063c   0x0800063c   0x000001b8   Code   RO        11508    i._printf_core      mc_w.l(printf3.o)
    0x080007f4   0x080007f4   0x00000030   Code   RO          163    i.acc_calibration_mode_enable  at32f435_437_acc.o
    0x08000824   0x08000824   0x00000010   Code   RO          173    i.acc_sof_select    at32f435_437_acc.o
    0x08000834   0x08000834   0x0000000c   Code   RO          175    i.acc_write_c1      at32f435_437_acc.o
    0x08000840   0x08000840   0x0000000c   Code   RO          176    i.acc_write_c2      at32f435_437_acc.o
    0x0800084c   0x0800084c   0x0000000c   Code   RO          177    i.acc_write_c3      at32f435_437_acc.o
    0x08000858   0x08000858   0x00000020   Code   RO         8706    i.arp_timer         timers_1.o
    0x08000878   0x08000878   0x000000bc   Code   RO        10439    i.bot_cbw_decode    msc_bot_scsi.o
    0x08000934   0x08000934   0x00000012   Code   RO        10440    i.bot_scsi_allow_medium_removal  msc_bot_scsi.o
    0x08000946   0x08000946   0x00000096   Code   RO        10441    i.bot_scsi_capacity  msc_bot_scsi.o
    0x080009dc   0x080009dc   0x00000038   Code   RO        10442    i.bot_scsi_check_address  msc_bot_scsi.o
    0x08000a14   0x08000a14   0x00000042   Code   RO        10443    i.bot_scsi_clear_feature  msc_bot_scsi.o
    0x08000a56   0x08000a56   0x0000012c   Code   RO        10444    i.bot_scsi_cmd_process  msc_bot_scsi.o
    0x08000b82   0x08000b82   0x00000046   Code   RO        10445    i.bot_scsi_datain_handler  msc_bot_scsi.o
    0x08000bc8   0x08000bc8   0x0000003a   Code   RO        10446    i.bot_scsi_dataout_handler  msc_bot_scsi.o
    0x08000c02   0x08000c02   0x0000009a   Code   RO        10447    i.bot_scsi_format_capacity  msc_bot_scsi.o
    0x08000c9c   0x08000c9c   0x00000050   Code   RO        10448    i.bot_scsi_init     msc_bot_scsi.o
    0x08000cec   0x08000cec   0x00000060   Code   RO        10449    i.bot_scsi_inquiry  msc_bot_scsi.o
    0x08000d4c   0x08000d4c   0x00000030   Code   RO        10450    i.bot_scsi_mode_sense10  msc_bot_scsi.o
    0x08000d7c   0x08000d7c   0x00000030   Code   RO        10451    i.bot_scsi_mode_sense6  msc_bot_scsi.o
    0x08000dac   0x08000dac   0x0000013a   Code   RO        10452    i.bot_scsi_read10   msc_bot_scsi.o
    0x08000ee6   0x08000ee6   0x00000002   PAD
    0x08000ee8   0x08000ee8   0x00000040   Code   RO        10453    i.bot_scsi_request_sense  msc_bot_scsi.o
    0x08000f28   0x08000f28   0x00000032   Code   RO        10454    i.bot_scsi_reset    msc_bot_scsi.o
    0x08000f5a   0x08000f5a   0x00000002   PAD
    0x08000f5c   0x08000f5c   0x00000048   Code   RO        10455    i.bot_scsi_send_csw  msc_bot_scsi.o
    0x08000fa4   0x08000fa4   0x00000052   Code   RO        10456    i.bot_scsi_send_data  msc_bot_scsi.o
    0x08000ff6   0x08000ff6   0x00000002   PAD
    0x08000ff8   0x08000ff8   0x0000000c   Code   RO        10457    i.bot_scsi_sense_code  msc_bot_scsi.o
    0x08001004   0x08001004   0x00000048   Code   RO        10458    i.bot_scsi_stall    msc_bot_scsi.o
    0x0800104c   0x0800104c   0x00000012   Code   RO        10459    i.bot_scsi_start_stop  msc_bot_scsi.o
    0x0800105e   0x0800105e   0x00000030   Code   RO        10460    i.bot_scsi_test_unit  msc_bot_scsi.o
    0x0800108e   0x0800108e   0x00000074   Code   RO        10461    i.bot_scsi_verify   msc_bot_scsi.o
    0x08001102   0x08001102   0x0000016c   Code   RO        10462    i.bot_scsi_write10  msc_bot_scsi.o
    0x0800126e   0x0800126e   0x000000b6   Code   RO        10239    i.cdc_class_setup_handler  cdc_msc_class.o
    0x08001324   0x08001324   0x00000038   Code   RO        10240    i.cdc_struct_init   cdc_msc_class.o
    0x0800135c   0x0800135c   0x000000e0   Code   RO        10789    i.check_fs          ff.o
    0x0800143c   0x0800143c   0x00000034   Code   RO        10241    i.class_clear_handler  cdc_msc_class.o
    0x08001470   0x08001470   0x00000038   Code   RO        10242    i.class_ept0_rx_handler  cdc_msc_class.o
    0x080014a8   0x080014a8   0x00000006   Code   RO        10243    i.class_ept0_tx_handler  cdc_msc_class.o
    0x080014ae   0x080014ae   0x00000024   Code   RO        10244    i.class_event_handler  cdc_msc_class.o
    0x080014d2   0x080014d2   0x0000003e   Code   RO        10245    i.class_in_handler  cdc_msc_class.o
    0x08001510   0x08001510   0x00000068   Code   RO        10246    i.class_init_handler  cdc_msc_class.o
    0x08001578   0x08001578   0x00000042   Code   RO        10247    i.class_out_handler  cdc_msc_class.o
    0x080015ba   0x080015ba   0x00000056   Code   RO        10248    i.class_setup_handler  cdc_msc_class.o
    0x08001610   0x08001610   0x00000006   Code   RO        10249    i.class_sof_handler  cdc_msc_class.o
    0x08001616   0x08001616   0x00000002   PAD
    0x08001618   0x08001618   0x00000014   Code   RO          888    i.crm_ahb_div_set   at32f435_437_crm.o
    0x0800162c   0x0800162c   0x00000014   Code   RO          889    i.crm_apb1_div_set  at32f435_437_crm.o
    0x08001640   0x08001640   0x00000014   Code   RO          890    i.crm_apb2_div_set  at32f435_437_crm.o
    0x08001654   0x08001654   0x00000028   Code   RO          891    i.crm_auto_step_mode_enable  at32f435_437_crm.o
    0x0800167c   0x0800167c   0x00000044   Code   RO          893    i.crm_clkout_div_set  at32f435_437_crm.o
    0x080016c0   0x080016c0   0x00000014   Code   RO          896    i.crm_clock_out1_set  at32f435_437_crm.o
    0x080016d4   0x080016d4   0x00000068   Code   RO          898    i.crm_clock_source_enable  at32f435_437_crm.o
    0x0800173c   0x0800173c   0x00000110   Code   RO          899    i.crm_clocks_freq_get  at32f435_437_crm.o
    0x0800184c   0x0800184c   0x00000030   Code   RO          904    i.crm_flag_get      at32f435_437_crm.o
    0x0800187c   0x0800187c   0x0000002e   Code   RO          906    i.crm_hext_stable_wait  at32f435_437_crm.o
    0x080018aa   0x080018aa   0x00000002   PAD
    0x080018ac   0x080018ac   0x00000048   Code   RO          909    i.crm_hick_divider_select  at32f435_437_crm.o
    0x080018f4   0x080018f4   0x0000003c   Code   RO          910    i.crm_hick_sclk_frequency_select  at32f435_437_crm.o
    0x08001930   0x08001930   0x0000004c   Code   RO          914    i.crm_periph_clock_enable  at32f435_437_crm.o
    0x0800197c   0x0800197c   0x0000004c   Code   RO          916    i.crm_periph_reset  at32f435_437_crm.o
    0x080019c8   0x080019c8   0x00000044   Code   RO          917    i.crm_pll_config    at32f435_437_crm.o
    0x08001a0c   0x08001a0c   0x0000009c   Code   RO          919    i.crm_reset         at32f435_437_crm.o
    0x08001aa8   0x08001aa8   0x0000003c   Code   RO          920    i.crm_sysclk_switch  at32f435_437_crm.o
    0x08001ae4   0x08001ae4   0x00000010   Code   RO          921    i.crm_sysclk_switch_status_get  at32f435_437_crm.o
    0x08001af4   0x08001af4   0x00000014   Code   RO          922    i.crm_usb_clock_div_set  at32f435_437_crm.o
    0x08001b08   0x08001b08   0x00000020   Code   RO          923    i.crm_usb_clock_source_select  at32f435_437_crm.o
    0x08001b28   0x08001b28   0x00000078   Code   RO        11097    i.debug_uart_print_init  debug_usart.o
    0x08001ba0   0x08001ba0   0x000000a4   Code   RO         7519    i.dhcp_arp_reply    dhcp.o
    0x08001c44   0x08001c44   0x000001a8   Code   RO         7520    i.dhcp_bind         dhcp.o
    0x08001dec   0x08001dec   0x00000046   Code   RO         7521    i.dhcp_check        dhcp.o
    0x08001e32   0x08001e32   0x00000002   PAD
    0x08001e34   0x08001e34   0x00000050   Code   RO         7523    i.dhcp_coarse_tmr   dhcp.o
    0x08001e84   0x08001e84   0x00000318   Code   RO         7524    i.dhcp_create_msg   dhcp.o
    0x0800219c   0x0800219c   0x00000094   Code   RO         7525    i.dhcp_decline      dhcp.o
    0x08002230   0x08002230   0x00000158   Code   RO         7526    i.dhcp_delete_msg   dhcp.o
    0x08002388   0x08002388   0x000000e4   Code   RO         7527    i.dhcp_discover     dhcp.o
    0x0800246c   0x0800246c   0x00000048   Code   RO         7528    i.dhcp_fine_tmr     dhcp.o
    0x080024b4   0x080024b4   0x000000a8   Code   RO         7529    i.dhcp_handle_ack   dhcp.o
    0x0800255c   0x0800255c   0x0000003c   Code   RO         7530    i.dhcp_handle_nak   dhcp.o
    0x08002598   0x08002598   0x00000040   Code   RO         7531    i.dhcp_handle_offer  dhcp.o
    0x080025d8   0x080025d8   0x00000050   Code   RO         7533    i.dhcp_network_changed  dhcp.o
    0x08002628   0x08002628   0x00000090   Code   RO         7534    i.dhcp_option       dhcp.o
    0x080026b8   0x080026b8   0x000000b4   Code   RO         7535    i.dhcp_option_byte  dhcp.o
    0x0800276c   0x0800276c   0x000000e8   Code   RO         7536    i.dhcp_option_long  dhcp.o
    0x08002854   0x08002854   0x0000008c   Code   RO         7537    i.dhcp_option_short  dhcp.o
    0x080028e0   0x080028e0   0x0000019c   Code   RO         7538    i.dhcp_option_trailer  dhcp.o
    0x08002a7c   0x08002a7c   0x00000598   Code   RO         7539    i.dhcp_parse_reply  dhcp.o
    0x08003014   0x08003014   0x00000098   Code   RO         7540    i.dhcp_rebind       dhcp.o
    0x080030ac   0x080030ac   0x000000b8   Code   RO         7541    i.dhcp_reboot       dhcp.o
    0x08003164   0x08003164   0x000001a4   Code   RO         7542    i.dhcp_recv         dhcp.o
    0x08003308   0x08003308   0x000000b8   Code   RO         7543    i.dhcp_release      dhcp.o
    0x080033c0   0x080033c0   0x00000096   Code   RO         7544    i.dhcp_renew        dhcp.o
    0x08003456   0x08003456   0x00000002   PAD
    0x08003458   0x08003458   0x00000104   Code   RO         7545    i.dhcp_select       dhcp.o
    0x0800355c   0x0800355c   0x00000010   Code   RO         7546    i.dhcp_set_state    dhcp.o
    0x0800356c   0x0800356c   0x000001f0   Code   RO         7548    i.dhcp_start        dhcp.o
    0x0800375c   0x0800375c   0x00000110   Code   RO         7549    i.dhcp_stop         dhcp.o
    0x0800386c   0x0800386c   0x00000028   Code   RO         7550    i.dhcp_t1_timeout   dhcp.o
    0x08003894   0x08003894   0x00000028   Code   RO         7551    i.dhcp_t2_timeout   dhcp.o
    0x080038bc   0x080038bc   0x000000c4   Code   RO         7552    i.dhcp_timeout      dhcp.o
    0x08003980   0x08003980   0x00000020   Code   RO         8707    i.dhcp_timer_coarse  timers_1.o
    0x080039a0   0x080039a0   0x00000020   Code   RO         8708    i.dhcp_timer_fine   timers_1.o
    0x080039c0   0x080039c0   0x00000012   Code   RO        10729    i.disk_initialize   diskio.o
    0x080039d2   0x080039d2   0x00000028   Code   RO        10730    i.disk_ioctl        diskio.o
    0x080039fa   0x080039fa   0x0000002a   Code   RO        10731    i.disk_read         diskio.o
    0x08003a24   0x08003a24   0x0000000c   Code   RO        10732    i.disk_status       diskio.o
    0x08003a30   0x08003a30   0x0000002a   Code   RO        10733    i.disk_write        diskio.o
    0x08003a5a   0x08003a5a   0x0000000a   Code   RO         1291    i.dma_channel_enable  at32f435_437_dma.o
    0x08003a64   0x08003a64   0x00000018   Code   RO         1294    i.dma_default_para_init  at32f435_437_dma.o
    0x08003a7c   0x08003a7c   0x00000020   Code   RO         1295    i.dma_flag_clear    at32f435_437_dma.o
    0x08003a9c   0x08003a9c   0x0000002c   Code   RO         1296    i.dma_flag_get      at32f435_437_dma.o
    0x08003ac8   0x08003ac8   0x00000062   Code   RO         1298    i.dma_init          at32f435_437_dma.o
    0x08003b2a   0x08003b2a   0x00000002   PAD
    0x08003b2c   0x08003b2c   0x00000070   Code   RO         1301    i.dma_reset         at32f435_437_dma.o
    0x08003b9c   0x08003b9c   0x0000000e   Code   RO         1302    i.dmamux_enable     at32f435_437_dma.o
    0x08003baa   0x08003baa   0x0000000a   Code   RO         1309    i.dmamux_init       at32f435_437_dma.o
    0x08003bb4   0x08003bb4   0x00000016   Code   RO         7733    i.dns_check_entries  dns.o
    0x08003bca   0x08003bca   0x00000002   PAD
    0x08003bcc   0x08003bcc   0x000001b0   Code   RO         7734    i.dns_check_entry   dns.o
    0x08003d7c   0x08003d7c   0x0000003c   Code   RO         7735    i.dns_compare_name  dns.o
    0x08003db8   0x08003db8   0x000000ec   Code   RO         7736    i.dns_enqueue       dns.o
    0x08003ea4   0x08003ea4   0x00000084   Code   RO        11131    i.dns_found         main.o
    0x08003f28   0x08003f28   0x0000007c   Code   RO         7737    i.dns_gethostbyname  dns.o
    0x08003fa4   0x08003fa4   0x00000078   Code   RO         7739    i.dns_init          dns.o
    0x0800401c   0x0800401c   0x00000068   Code   RO         7740    i.dns_lookup        dns.o
    0x08004084   0x08004084   0x0000002a   Code   RO         7741    i.dns_parse_name    dns.o
    0x080040ae   0x080040ae   0x00000002   PAD
    0x080040b0   0x080040b0   0x00000188   Code   RO         7742    i.dns_recv          dns.o
    0x08004238   0x08004238   0x000001f0   Code   RO         7743    i.dns_send          dns.o
    0x08004428   0x08004428   0x00000024   Code   RO         7744    i.dns_setserver     dns.o
    0x0800444c   0x0800444c   0x000001b8   Code   RO        11132    i.dns_task_function  main.o
    0x08004604   0x08004604   0x00000020   Code   RO         8709    i.dns_timer         timers_1.o
    0x08004624   0x08004624   0x00000018   Code   RO         7745    i.dns_tmr           dns.o
    0x0800463c   0x0800463c   0x00000014   Code   RO         1892    i.emac_auto_pad_crc_stripping_set  at32f435_437_emac.o
    0x08004650   0x08004650   0x00000014   Code   RO         1893    i.emac_backoff_limit_set  at32f435_437_emac.o
    0x08004664   0x08004664   0x00000014   Code   RO         1895    i.emac_carrier_sense_disable  at32f435_437_emac.o
    0x08004678   0x08004678   0x000000c4   Code   RO         1896    i.emac_clock_range_set  at32f435_437_emac.o
    0x0800473c   0x0800473c   0x00000048   Code   RO         1897    i.emac_control_config  at32f435_437_emac.o
    0x08004784   0x08004784   0x00000020   Code   RO         1898    i.emac_control_para_init  at32f435_437_emac.o
    0x080047a4   0x080047a4   0x00000014   Code   RO         1899    i.emac_deferral_check_set  at32f435_437_emac.o
    0x080047b8   0x080047b8   0x00000028   Code   RO         1900    i.emac_delay        at32f435_437_emac.o
    0x080047e0   0x080047e0   0x000000f4   Code   RO         1905    i.emac_dma_config   at32f435_437_emac.o
    0x080048d4   0x080048d4   0x000000ac   Code   RO         1908    i.emac_dma_descriptor_list_address_set  at32f435_437_emac.o
    0x08004980   0x08004980   0x0000000c   Code   RO         1912    i.emac_dma_flag_clear  at32f435_437_emac.o
    0x0800498c   0x0800498c   0x00000014   Code   RO         1913    i.emac_dma_flag_get  at32f435_437_emac.o
    0x080049a0   0x080049a0   0x000000f4   Code   RO         1914    i.emac_dma_interrupt_enable  at32f435_437_emac.o
    0x08004a94   0x08004a94   0x000000c4   Code   RO         1917    i.emac_dma_operations_set  at32f435_437_emac.o
    0x08004b58   0x08004b58   0x0000002e   Code   RO         1918    i.emac_dma_para_init  at32f435_437_emac.o
    0x08004b86   0x08004b86   0x00000016   Code   RO         1923    i.emac_dma_rx_desc_interrupt_config  at32f435_437_emac.o
    0x08004b9c   0x08004b9c   0x00000018   Code   RO         1925    i.emac_dma_software_reset_get  at32f435_437_emac.o
    0x08004bb4   0x08004bb4   0x00000014   Code   RO         1926    i.emac_dma_software_reset_set  at32f435_437_emac.o
    0x08004bc8   0x08004bc8   0x0000000a   Code   RO         1930    i.emac_dmarxdesc_frame_length_get  at32f435_437_emac.o
    0x08004bd2   0x08004bd2   0x00000002   PAD
    0x08004bd4   0x08004bd4   0x00000014   Code   RO         1932    i.emac_duplex_mode_set  at32f435_437_emac.o
    0x08004be8   0x08004be8   0x00000014   Code   RO         1933    i.emac_fast_speed_set  at32f435_437_emac.o
    0x08004bfc   0x08004bfc   0x0000000c   Code   RO         9389    i.emac_getcurrenttxbuffer  ethernetif.o
    0x08004c08   0x08004c08   0x00000014   Code   RO         1941    i.emac_interframe_gap_set  at32f435_437_emac.o
    0x08004c1c   0x08004c1c   0x00000014   Code   RO         1944    i.emac_ipv4_checksum_offload_set  at32f435_437_emac.o
    0x08004c30   0x08004c30   0x00000014   Code   RO         1945    i.emac_jabber_disable  at32f435_437_emac.o
    0x08004c44   0x08004c44   0x000000a8   Code   RO         9687    i.emac_layer2_configuration  at32_emac_phy.o
    0x08004cec   0x08004cec   0x00000038   Code   RO         1946    i.emac_local_address_set  at32f435_437_emac.o
    0x08004d24   0x08004d24   0x00000014   Code   RO         1947    i.emac_loopback_mode_enable  at32f435_437_emac.o
    0x08004d38   0x08004d38   0x0000000e   Code   RO         9688    i.emac_nvic_configuration  at32_emac_phy.o
    0x08004d46   0x08004d46   0x0000001c   Code   RO         9689    i.emac_phy_init     at32_emac_phy.o
    0x08004d62   0x08004d62   0x00000002   PAD
    0x08004d64   0x08004d64   0x0000006c   Code   RO         1965    i.emac_phy_register_read  at32f435_437_emac.o
    0x08004dd0   0x08004dd0   0x00000068   Code   RO         9690    i.emac_phy_register_reset  at32_emac_phy.o
    0x08004e38   0x08004e38   0x0000006c   Code   RO         1966    i.emac_phy_register_write  at32f435_437_emac.o
    0x08004ea4   0x08004ea4   0x0000011c   Code   RO         9691    i.emac_pins_configuration  at32_emac_phy.o
    0x08004fc0   0x08004fc0   0x00000014   Code   RO         1999    i.emac_receive_own_disable  at32f435_437_emac.o
    0x08004fd4   0x08004fd4   0x00000048   Code   RO         2001    i.emac_received_packet_size_get  at32f435_437_emac.o
    0x0800501c   0x0800501c   0x0000002c   Code   RO         2003    i.emac_receiver_enable  at32f435_437_emac.o
    0x08005048   0x08005048   0x00000018   Code   RO         2004    i.emac_reset        at32f435_437_emac.o
    0x08005060   0x08005060   0x00000014   Code   RO         2005    i.emac_retry_disable  at32f435_437_emac.o
    0x08005074   0x08005074   0x000000a4   Code   RO         9390    i.emac_rxpkt_chainmode  ethernetif.o
    0x08005118   0x08005118   0x00000150   Code   RO         9692    i.emac_speed_config  at32_emac_phy.o
    0x08005268   0x08005268   0x00000028   Code   RO         2008    i.emac_start        at32f435_437_emac.o
    0x08005290   0x08005290   0x00000028   Code   RO         2009    i.emac_stop         at32f435_437_emac.o
    0x080052b8   0x080052b8   0x00000034   Code   RO         9693    i.emac_system_init  at32_emac_phy.o
    0x080052ec   0x080052ec   0x0000002c   Code   RO         2011    i.emac_trasmitter_enable  at32f435_437_emac.o
    0x08005318   0x08005318   0x00000028   Code   RO         9391    i.emac_tx_delay     ethernetif.o
    0x08005340   0x08005340   0x00000074   Code   RO         9392    i.emac_txpkt_chainmode  ethernetif.o
    0x080053b4   0x080053b4   0x00000014   Code   RO         2019    i.emac_watchdog_disable  at32f435_437_emac.o
    0x080053c8   0x080053c8   0x00000230   Code   RO         9272    i.etharp_arp_input  etharp.o
    0x080055f8   0x080055f8   0x00000038   Code   RO         9273    i.etharp_cleanup_netif  etharp.o
    0x08005630   0x08005630   0x00000308   Code   RO         9275    i.etharp_find_entry  etharp.o
    0x08005938   0x08005938   0x00000078   Code   RO         9276    i.etharp_free_entry  etharp.o
    0x080059b0   0x080059b0   0x00000224   Code   RO         9277    i.etharp_output     etharp.o
    0x08005bd4   0x08005bd4   0x00000108   Code   RO         9278    i.etharp_output_to_arp_index  etharp.o
    0x08005cdc   0x08005cdc   0x00000298   Code   RO         9279    i.etharp_query      etharp.o
    0x08005f74   0x08005f74   0x000001bc   Code   RO         9280    i.etharp_raw        etharp.o
    0x08006130   0x08006130   0x00000030   Code   RO         9282    i.etharp_request    etharp.o
    0x08006160   0x08006160   0x000000a4   Code   RO         9283    i.etharp_send_ip    etharp.o
    0x08006204   0x08006204   0x00000098   Code   RO         9284    i.etharp_tmr        etharp.o
    0x0800629c   0x0800629c   0x00000164   Code   RO         9285    i.etharp_update_arp_entry  etharp.o
    0x08006400   0x08006400   0x00000168   Code   RO         9286    i.ethernet_input    etharp.o
    0x08006568   0x08006568   0x000000b8   Code   RO         9393    i.ethernetif_init   ethernetif.o
    0x08006620   0x08006620   0x00000030   Code   RO         9394    i.ethernetif_input  ethernetif.o
    0x08006650   0x08006650   0x00000024   Code   RO         9694    i.ethernetif_notify_conn_changed  at32_emac_phy.o
    0x08006674   0x08006674   0x0000003c   Code   RO         9695    i.ethernetif_set_link  at32_emac_phy.o
    0x080066b0   0x080066b0   0x00000038   Code   RO         9696    i.ethernetif_update_config  at32_emac_phy.o
    0x080066e8   0x080066e8   0x00000060   Code   RO        10812    i.f_mount           ff.o
    0x08006748   0x08006748   0x00000078   Code   RO        10824    i.find_volume       ff.o
    0x080067c0   0x080067c0   0x00000034   Code   RO        11098    i.fputc             debug_usart.o
    0x080067f4   0x080067f4   0x00000040   Code   RO        10345    i.get_device_config_string  cdc_msc_desc.o
    0x08006834   0x08006834   0x00000008   Code   RO        10346    i.get_device_configuration  cdc_msc_desc.o
    0x0800683c   0x0800683c   0x00000008   Code   RO        10347    i.get_device_descriptor  cdc_msc_desc.o
    0x08006844   0x08006844   0x00000040   Code   RO        10348    i.get_device_interface_string  cdc_msc_desc.o
    0x08006884   0x08006884   0x00000008   Code   RO        10349    i.get_device_lang_id  cdc_msc_desc.o
    0x0800688c   0x0800688c   0x00000028   Code   RO        10350    i.get_device_manufacturer_string  cdc_msc_desc.o
    0x080068b4   0x080068b4   0x00000004   Code   RO        10351    i.get_device_other_speed  cdc_msc_desc.o
    0x080068b8   0x080068b8   0x00000040   Code   RO        10352    i.get_device_product_string  cdc_msc_desc.o
    0x080068f8   0x080068f8   0x00000004   Code   RO        10353    i.get_device_qualifier  cdc_msc_desc.o
    0x080068fc   0x080068fc   0x00000010   Code   RO        10354    i.get_device_serial_string  cdc_msc_desc.o
    0x0800690c   0x0800690c   0x0000001c   Code   RO        11341    i.get_inquiry       msc_diskio.o
    0x08006928   0x08006928   0x00000052   Code   RO        10828    i.get_ldnumber      ff.o
    0x0800697a   0x0800697a   0x00000002   PAD
    0x0800697c   0x0800697c   0x00000034   Code   RO        10355    i.get_serial_num    cdc_msc_desc.o
    0x080069b0   0x080069b0   0x00000004   Code   RO         3394    i.gpio_bits_reset   at32f435_437_gpio.o
    0x080069b4   0x080069b4   0x00000004   Code   RO         3395    i.gpio_bits_set     at32f435_437_gpio.o
    0x080069b8   0x080069b8   0x00000014   Code   RO         3398    i.gpio_default_para_init  at32f435_437_gpio.o
    0x080069cc   0x080069cc   0x0000007a   Code   RO         3399    i.gpio_init         at32f435_437_gpio.o
    0x08006a46   0x08006a46   0x00000042   Code   RO         3404    i.gpio_pin_mux_config  at32f435_437_gpio.o
    0x08006a88   0x08006a88   0x00000012   Code   RO         8921    i.icmp_dest_unreach  icmp.o
    0x08006a9a   0x08006a9a   0x00000002   PAD
    0x08006a9c   0x08006a9c   0x000003d4   Code   RO         8922    i.icmp_input        icmp.o
    0x08006e70   0x08006e70   0x0000012c   Code   RO         8923    i.icmp_send_response  icmp.o
    0x08006f9c   0x08006f9c   0x00000012   Code   RO         8924    i.icmp_time_exceeded  icmp.o
    0x08006fae   0x08006fae   0x0000002a   Code   RO         8952    i.igmp_delaying_member  igmp.o
    0x08006fd8   0x08006fd8   0x00000024   Code   RO         8954    i.igmp_init         igmp.o
    0x08006ffc   0x08006ffc   0x00000200   Code   RO         8955    i.igmp_input        igmp.o
    0x080071fc   0x080071fc   0x00000050   Code   RO         8956    i.igmp_ip_output_if  igmp.o
    0x0800724c   0x0800724c   0x0000002c   Code   RO         8959    i.igmp_lookfor_group  igmp.o
    0x08007278   0x08007278   0x00000058   Code   RO         8960    i.igmp_lookup_group  igmp.o
    0x080072d0   0x080072d0   0x00000028   Code   RO         8962    i.igmp_report_groups  igmp.o
    0x080072f8   0x080072f8   0x00000140   Code   RO         8963    i.igmp_send         igmp.o
    0x08007438   0x08007438   0x00000048   Code   RO         8964    i.igmp_start        igmp.o
    0x08007480   0x08007480   0x0000001e   Code   RO         8965    i.igmp_start_timer  igmp.o
    0x0800749e   0x0800749e   0x00000002   PAD
    0x080074a0   0x080074a0   0x00000034   Code   RO         8967    i.igmp_timeout      igmp.o
    0x080074d4   0x080074d4   0x0000001c   Code   RO         8710    i.igmp_timer        timers_1.o
    0x080074f0   0x080074f0   0x0000002c   Code   RO         8968    i.igmp_tmr          igmp.o
    0x0800751c   0x0800751c   0x00000010   Code   RO         9475    i.inHandlerMode     sys_arch.o
    0x0800752c   0x0800752c   0x00000014   Code   RO         9066    i.inet_chksum       inet_chksum.o
    0x08007540   0x08007540   0x00000056   Code   RO         9067    i.inet_chksum_pbuf  inet_chksum.o
    0x08007596   0x08007596   0x0000004e   Code   RO         9151    i.ip4_addr_isbroadcast  ip_addr.o
    0x080075e4   0x080075e4   0x00000244   Code   RO         9205    i.ip_frag           ip_frag.o
    0x08007828   0x08007828   0x0000000a   Code   RO         9206    i.ip_frag_alloc_pbuf_custom_ref  ip_frag.o
    0x08007832   0x08007832   0x00000002   PAD
    0x08007834   0x08007834   0x00000084   Code   RO         9207    i.ip_frag_free_pbuf_custom_ref  ip_frag.o
    0x080078b8   0x080078b8   0x000002b4   Code   RO         9103    i.ip_input          ip.o
    0x08007b6c   0x08007b6c   0x000000bc   Code   RO         9104    i.ip_output         ip.o
    0x08007c28   0x08007c28   0x00000034   Code   RO         9105    i.ip_output_if      ip.o
    0x08007c5c   0x08007c5c   0x00000240   Code   RO         9106    i.ip_output_if_opt  ip.o
    0x08007e9c   0x08007e9c   0x000001ec   Code   RO         9208    i.ip_reass          ip_frag.o
    0x08008088   0x08008088   0x00000330   Code   RO         9209    i.ip_reass_chain_frag_into_datagram_and_validate  ip_frag.o
    0x080083b8   0x080083b8   0x000000ac   Code   RO         9210    i.ip_reass_dequeue_datagram  ip_frag.o
    0x08008464   0x08008464   0x00000068   Code   RO         9211    i.ip_reass_enqueue_new_datagram  ip_frag.o
    0x080084cc   0x080084cc   0x000001e4   Code   RO         9212    i.ip_reass_free_complete_datagram  ip_frag.o
    0x080086b0   0x080086b0   0x0000007c   Code   RO         9213    i.ip_reass_remove_oldest_datagram  ip_frag.o
    0x0800872c   0x0800872c   0x00000020   Code   RO         8711    i.ip_reass_timer    timers_1.o
    0x0800874c   0x0800874c   0x0000003c   Code   RO         9214    i.ip_reass_tmr      ip_frag.o
    0x08008788   0x08008788   0x0000006c   Code   RO         9107    i.ip_route          ip.o
    0x080087f4   0x080087f4   0x00000018   Code   RO         9153    i.ipaddr_addr       ip_addr.o
    0x0800880c   0x0800880c   0x000001c8   Code   RO         9154    i.ipaddr_aton       ip_addr.o
    0x080089d4   0x080089d4   0x00000014   Code   RO         9155    i.ipaddr_ntoa       ip_addr.o
    0x080089e8   0x080089e8   0x000000a8   Code   RO         9156    i.ipaddr_ntoa_r     ip_addr.o
    0x08008a90   0x08008a90   0x000000bc   Code   RO         9215    i.ipfrag_free_pbuf_custom  ip_frag.o
    0x08008b4c   0x08008b4c   0x0000000c   Code   RO        10829    i.ld_16             ff.o
    0x08008b58   0x08008b58   0x00000018   Code   RO        10830    i.ld_32             ff.o
    0x08008b70   0x08008b70   0x0000001e   Code   RO         9697    i.link_update       at32_emac_phy.o
    0x08008b8e   0x08008b8e   0x00000002   PAD
    0x08008b90   0x08008b90   0x000000b0   Code   RO         9395    i.low_level_init    ethernetif.o
    0x08008c40   0x08008c40   0x0000007c   Code   RO         9396    i.low_level_input   ethernetif.o
    0x08008cbc   0x08008cbc   0x0000003a   Code   RO         9397    i.low_level_output  ethernetif.o
    0x08008cf6   0x08008cf6   0x0000001a   Code   RO         7487    i.lwip_htonl        def.o
    0x08008d10   0x08008d10   0x0000000c   Code   RO         7488    i.lwip_htons        def.o
    0x08008d1c   0x08008d1c   0x00000030   Code   RO         7812    i.lwip_init         init.o
    0x08008d4c   0x08008d4c   0x0000000c   Code   RO         7489    i.lwip_ntohl        def.o
    0x08008d58   0x08008d58   0x0000000c   Code   RO         7490    i.lwip_ntohs        def.o
    0x08008d64   0x08008d64   0x00000174   Code   RO         9783    i.lwip_periodic_handle  netconf.o
    0x08008ed8   0x08008ed8   0x00000010   Code   RO         9784    i.lwip_pkt_handle   netconf.o
    0x08008ee8   0x08008ee8   0x0000002c   Code   RO         9398    i.lwip_set_mac_address  ethernetif.o
    0x08008f14   0x08008f14   0x00000002   Code   RO         7230    i.lwip_socket_init  sockets.o
    0x08008f16   0x08008f16   0x0000005e   Code   RO         9070    i.lwip_standard_chksum  inet_chksum.o
    0x08008f74   0x08008f74   0x0000006c   Code   RO         8712    i.lwip_timeout_poll  timers_1.o
    0x08008fe0   0x08008fe0   0x00000114   Code   RO        11133    i.main              main.o
    0x080090f4   0x080090f4   0x00000198   Code   RO         7849    i.mem_free          mem.o
    0x0800928c   0x0800928c   0x000000ec   Code   RO         7850    i.mem_init          mem.o
    0x08009378   0x08009378   0x00000304   Code   RO         7851    i.mem_malloc        mem.o
    0x0800967c   0x0800967c   0x00000228   Code   RO         7852    i.mem_trim          mem.o
    0x080098a4   0x080098a4   0x000000d0   Code   RO         7893    i.memp_free         memp.o
    0x08009974   0x08009974   0x00000090   Code   RO         7894    i.memp_init         memp.o
    0x08009a04   0x08009a04   0x00000178   Code   RO         7895    i.memp_malloc       memp.o
    0x08009b7c   0x08009b7c   0x000002f4   Code   RO        10832    i.mount_volume      ff.o
    0x08009e70   0x08009e70   0x00000034   Code   RO        10833    i.move_window       ff.o
    0x08009ea4   0x08009ea4   0x000000ec   Code   RO        10250    i.msc_class_setup_handler  cdc_msc_class.o
    0x08009f90   0x08009f90   0x00000020   Code   RO        11342    i.msc_disk_capacity  msc_diskio.o
    0x08009fb0   0x08009fb0   0x0000002e   Code   RO        11343    i.msc_disk_read     msc_diskio.o
    0x08009fde   0x08009fde   0x00000062   Code   RO        11344    i.msc_disk_write    msc_diskio.o
    0x0800a040   0x0800a040   0x00000114   Code   RO         7937    i.netif_add         netif.o
    0x0800a154   0x0800a154   0x00000040   Code   RO         7939    i.netif_init        netif.o
    0x0800a194   0x0800a194   0x00000134   Code   RO         7940    i.netif_loop_output  netif.o
    0x0800a2c8   0x0800a2c8   0x0000001c   Code   RO         7941    i.netif_loopif_init  netif.o
    0x0800a2e4   0x0800a2e4   0x0000014c   Code   RO         7942    i.netif_poll        netif.o
    0x0800a430   0x0800a430   0x00000028   Code   RO         7944    i.netif_set_addr    netif.o
    0x0800a458   0x0800a458   0x00000010   Code   RO         7945    i.netif_set_default  netif.o
    0x0800a468   0x0800a468   0x0000002a   Code   RO         7946    i.netif_set_down    netif.o
    0x0800a492   0x0800a492   0x00000010   Code   RO         7947    i.netif_set_gw      netif.o
    0x0800a4a2   0x0800a4a2   0x00000002   PAD
    0x0800a4a4   0x0800a4a4   0x00000084   Code   RO         7948    i.netif_set_ipaddr  netif.o
    0x0800a528   0x0800a528   0x00000006   Code   RO         7949    i.netif_set_link_callback  netif.o
    0x0800a52e   0x0800a52e   0x0000002a   Code   RO         7950    i.netif_set_link_down  netif.o
    0x0800a558   0x0800a558   0x00000060   Code   RO         7951    i.netif_set_link_up  netif.o
    0x0800a5b8   0x0800a5b8   0x00000010   Code   RO         7952    i.netif_set_netmask  netif.o
    0x0800a5c8   0x0800a5c8   0x00000046   Code   RO         7953    i.netif_set_up      netif.o
    0x0800a60e   0x0800a60e   0x00000002   PAD
    0x0800a610   0x0800a610   0x00000088   Code   RO        11134    i.network_task_function  main.o
    0x0800a698   0x0800a698   0x000000c8   Code   RO         3767    i.nvic_irq_enable   at32f435_437_misc.o
    0x0800a760   0x0800a760   0x00000028   Code   RO         3769    i.nvic_priority_group_config  at32f435_437_misc.o
    0x0800a788   0x0800a788   0x0000045c   Code   RO         8074    i.pbuf_alloc        pbuf.o
    0x0800abe4   0x0800abe4   0x00000100   Code   RO         8075    i.pbuf_alloced_custom  pbuf.o
    0x0800ace4   0x0800ace4   0x00000174   Code   RO         8076    i.pbuf_cat          pbuf.o
    0x0800ae58   0x0800ae58   0x0000001a   Code   RO         8077    i.pbuf_chain        pbuf.o
    0x0800ae72   0x0800ae72   0x00000012   Code   RO         8078    i.pbuf_clen         pbuf.o
    0x0800ae84   0x0800ae84   0x00000274   Code   RO         8080    i.pbuf_copy         pbuf.o
    0x0800b0f8   0x0800b0f8   0x00000148   Code   RO         8081    i.pbuf_copy_partial  pbuf.o
    0x0800b240   0x0800b240   0x000001d0   Code   RO         8083    i.pbuf_free         pbuf.o
    0x0800b410   0x0800b410   0x00000040   Code   RO         8084    i.pbuf_free_ooseq   pbuf.o
    0x0800b450   0x0800b450   0x0000000a   Code   RO         8085    i.pbuf_free_ooseq_callback  pbuf.o
    0x0800b45a   0x0800b45a   0x00000002   PAD
    0x0800b45c   0x0800b45c   0x00000184   Code   RO         8087    i.pbuf_header       pbuf.o
    0x0800b5e0   0x0800b5e0   0x00000048   Code   RO         8090    i.pbuf_pool_is_empty  pbuf.o
    0x0800b628   0x0800b628   0x000001dc   Code   RO         8091    i.pbuf_realloc      pbuf.o
    0x0800b804   0x0800b804   0x0000001a   Code   RO         8092    i.pbuf_ref          pbuf.o
    0x0800b81e   0x0800b81e   0x00000002   PAD
    0x0800b820   0x0800b820   0x000001c0   Code   RO         7853    i.plug_holes        mem.o
    0x0800b9e0   0x0800b9e0   0x00000098   Code   RO         6193    i.prvAddCurrentTaskToDelayedList  tasks.o
    0x0800ba78   0x0800ba78   0x000000b4   Code   RO         6194    i.prvAddNewTaskToReadyList  tasks.o
    0x0800bb2c   0x0800bb2c   0x00000048   Code   RO         6195    i.prvCheckTasksWaitingTermination  tasks.o
    0x0800bb74   0x0800bb74   0x0000002a   Code   RO         5875    i.prvCopyDataFromQueue  queue.o
    0x0800bb9e   0x0800bb9e   0x0000007e   Code   RO         5876    i.prvCopyDataToQueue  queue.o
    0x0800bc1c   0x0800bc1c   0x00000012   Code   RO         6196    i.prvDeleteTCB      tasks.o
    0x0800bc2e   0x0800bc2e   0x00000014   Code   RO         5877    i.prvGetDisinheritPriorityAfterTimeout  queue.o
    0x0800bc42   0x0800bc42   0x00000002   PAD
    0x0800bc44   0x0800bc44   0x0000007c   Code   RO         6593    i.prvHeapInit       heap_4.o
    0x0800bcc0   0x0800bcc0   0x00000028   Code   RO         6197    i.prvIdleTask       tasks.o
    0x0800bce8   0x0800bce8   0x0000001e   Code   RO         5878    i.prvInitialiseMutex  queue.o
    0x0800bd06   0x0800bd06   0x00000026   Code   RO         5879    i.prvInitialiseNewQueue  queue.o
    0x0800bd2c   0x0800bd2c   0x000000b4   Code   RO         6198    i.prvInitialiseNewTask  tasks.o
    0x0800bde0   0x0800bde0   0x00000068   Code   RO         6199    i.prvInitialiseTaskLists  tasks.o
    0x0800be48   0x0800be48   0x00000068   Code   RO         6594    i.prvInsertBlockIntoFreeList  heap_4.o
    0x0800beb0   0x0800beb0   0x0000001a   Code   RO         5880    i.prvIsQueueEmpty   queue.o
    0x0800beca   0x0800beca   0x0000001e   Code   RO         5881    i.prvIsQueueFull    queue.o
    0x0800bee8   0x0800bee8   0x00000030   Code   RO         6200    i.prvResetNextTaskUnblockTime  tasks.o
    0x0800bf18   0x0800bf18   0x00000040   Code   RO         6518    i.prvTaskExitError  port.o
    0x0800bf58   0x0800bf58   0x0000007e   Code   RO         5882    i.prvUnlockQueue    queue.o
    0x0800bfd6   0x0800bfd6   0x00000002   PAD
    0x0800bfd8   0x0800bfd8   0x0000016c   Code   RO         6595    i.pvPortMalloc      heap_4.o
    0x0800c144   0x0800c144   0x00000020   Code   RO         6202    i.pvTaskIncrementMutexHeldCount  tasks.o
    0x0800c164   0x0800c164   0x0000002c   Code   RO         6519    i.pxPortInitialiseStack  port.o
    0x0800c190   0x0800c190   0x00000074   Code   RO         8220    i.raw_input         raw.o
    0x0800c204   0x0800c204   0x00000058   Code   RO         9698    i.reset_phy         at32_emac_phy.o
    0x0800c25c   0x0800c25c   0x00000014   Code   RO         4070    i.scfg_emac_interface_set  at32f435_437_scfg.o
    0x0800c270   0x0800c270   0x00000016   Code   RO         4330    i.spi_default_para_init  at32f435_437_spi.o
    0x0800c286   0x0800c286   0x0000000a   Code   RO         4331    i.spi_enable        at32f435_437_spi.o
    0x0800c290   0x0800c290   0x0000000a   Code   RO         4337    i.spi_i2s_dma_receiver_enable  at32f435_437_spi.o
    0x0800c29a   0x0800c29a   0x0000000a   Code   RO         4338    i.spi_i2s_dma_transmitter_enable  at32f435_437_spi.o
    0x0800c2a4   0x0800c2a4   0x00000010   Code   RO         4340    i.spi_i2s_flag_get  at32f435_437_spi.o
    0x0800c2b4   0x0800c2b4   0x00000158   Code   RO         4344    i.spi_init          at32f435_437_spi.o
    0x0800c40c   0x0800c40c   0x000000a4   Code   RO        10616    i.spi_tranrecv_buf  spi_tranrecv.o
    0x0800c4b0   0x0800c4b0   0x00000010   Code   RO        10617    i.spi_tranrecv_cs_high  spi_tranrecv.o
    0x0800c4c0   0x0800c4c0   0x00000010   Code   RO        10618    i.spi_tranrecv_cs_low  spi_tranrecv.o
    0x0800c4d0   0x0800c4d0   0x000001b0   Code   RO        10619    i.spi_tranrecv_init  spi_tranrecv.o
    0x0800c680   0x0800c680   0x00000040   Code   RO         8274    i.stats_init        stats.o
    0x0800c6c0   0x0800c6c0   0x0000004a   Code   RO        10840    i.sync_window       ff.o
    0x0800c70a   0x0800c70a   0x00000002   PAD
    0x0800c70c   0x0800c70c   0x000000ec   Code   RO         9476    i.sys_arch_mbox_fetch  sys_arch.o
    0x0800c7f8   0x0800c7f8   0x00000016   Code   RO         9478    i.sys_arch_protect  sys_arch.o
    0x0800c80e   0x0800c80e   0x0000000c   Code   RO         9480    i.sys_arch_unprotect  sys_arch.o
    0x0800c81a   0x0800c81a   0x00000002   PAD
    0x0800c81c   0x0800c81c   0x00000014   Code   RO         9482    i.sys_init          sys_arch.o
    0x0800c830   0x0800c830   0x00000020   Code   RO         9485    i.sys_mbox_new      sys_arch.o
    0x0800c850   0x0800c850   0x00000050   Code   RO         9486    i.sys_mbox_post     sys_arch.o
    0x0800c8a0   0x0800c8a0   0x00000060   Code   RO         9488    i.sys_mbox_trypost  sys_arch.o
    0x0800c900   0x0800c900   0x0000000e   Code   RO         9490    i.sys_mbox_valid    sys_arch.o
    0x0800c90e   0x0800c90e   0x00000002   PAD
    0x0800c910   0x0800c910   0x00000040   Code   RO         9492    i.sys_mutex_lock    sys_arch.o
    0x0800c950   0x0800c950   0x0000001a   Code   RO         9493    i.sys_mutex_new     sys_arch.o
    0x0800c96a   0x0800c96a   0x00000002   PAD
    0x0800c96c   0x0800c96c   0x00000040   Code   RO         9495    i.sys_mutex_unlock  sys_arch.o
    0x0800c9ac   0x0800c9ac   0x00000008   Code   RO         9496    i.sys_now           sys_arch.o
    0x0800c9b4   0x0800c9b4   0x00000040   Code   RO         9502    i.sys_thread_new    sys_arch.o
    0x0800c9f4   0x0800c9f4   0x0000013c   Code   RO         8713    i.sys_timeout       timers_1.o
    0x0800cb30   0x0800cb30   0x00000070   Code   RO         8714    i.sys_timeouts_init  timers_1.o
    0x0800cba0   0x0800cba0   0x00000088   Code   RO         8715    i.sys_timeouts_mbox_fetch  timers_1.o
    0x0800cc28   0x0800cc28   0x00000060   Code   RO         8716    i.sys_untimeout     timers_1.o
    0x0800cc88   0x0800cc88   0x0000009c   Code   RO        11242    i.system_clock_config  at32f435_437_clock.o
    0x0800cd24   0x0800cd24   0x000000f0   Code   RO           14    i.system_core_clock_update  system_at32f435_437.o
    0x0800ce14   0x0800ce14   0x00000134   Code   RO         8312    i.tcp_abandon       tcp.o
    0x0800cf48   0x0800cf48   0x0000000e   Code   RO         8313    i.tcp_abort         tcp.o
    0x0800cf56   0x0800cf56   0x00000002   PAD
    0x0800cf58   0x0800cf58   0x000000e8   Code   RO         8316    i.tcp_alloc         tcp.o
    0x0800d040   0x0800d040   0x0000001c   Code   RO         8319    i.tcp_close         tcp.o
    0x0800d05c   0x0800d05c   0x00000240   Code   RO         8320    i.tcp_close_shutdown  tcp.o
    0x0800d29c   0x0800d29c   0x000000cc   Code   RO         8606    i.tcp_create_segment  tcp_out.o
    0x0800d368   0x0800d368   0x0000002e   Code   RO         8323    i.tcp_eff_send_mss  tcp.o
    0x0800d396   0x0800d396   0x00000002   PAD
    0x0800d398   0x0800d398   0x000002fc   Code   RO         8607    i.tcp_enqueue_flags  tcp_out.o
    0x0800d694   0x0800d694   0x00000080   Code   RO         8325    i.tcp_fasttmr       tcp.o
    0x0800d714   0x0800d714   0x00000002   Code   RO         8326    i.tcp_init          tcp.o
    0x0800d716   0x0800d716   0x00000002   PAD
    0x0800d718   0x0800d718   0x00000770   Code   RO         8550    i.tcp_input         tcp_in.o
    0x0800de88   0x0800de88   0x00000068   Code   RO         8608    i.tcp_keepalive     tcp_out.o
    0x0800def0   0x0800def0   0x00000058   Code   RO         8327    i.tcp_kill_prio     tcp.o
    0x0800df48   0x0800df48   0x00000040   Code   RO         8328    i.tcp_kill_timewait  tcp.o
    0x0800df88   0x0800df88   0x00000150   Code   RO         8551    i.tcp_listen_input  tcp_in.o
    0x0800e0d8   0x0800e0d8   0x0000001c   Code   RO         8332    i.tcp_next_iss      tcp.o
    0x0800e0f4   0x0800e0f4   0x00000090   Code   RO         8552    i.tcp_oos_insert_segment  tcp_in.o
    0x0800e184   0x0800e184   0x00000280   Code   RO         8609    i.tcp_output        tcp_out.o
    0x0800e404   0x0800e404   0x0000010c   Code   RO         8610    i.tcp_output_alloc_header  tcp_out.o
    0x0800e510   0x0800e510   0x000000e8   Code   RO         8611    i.tcp_output_segment  tcp_out.o
    0x0800e5f8   0x0800e5f8   0x000000d0   Code   RO         8553    i.tcp_parseopt      tcp_in.o
    0x0800e6c8   0x0800e6c8   0x0000006a   Code   RO         8333    i.tcp_pcb_purge     tcp.o
    0x0800e732   0x0800e732   0x00000002   PAD
    0x0800e734   0x0800e734   0x00000178   Code   RO         8334    i.tcp_pcb_remove    tcp.o
    0x0800e8ac   0x0800e8ac   0x0000069c   Code   RO         8554    i.tcp_process       tcp_in.o
    0x0800ef48   0x0800ef48   0x00000098   Code   RO         8336    i.tcp_process_refused_data  tcp.o
    0x0800efe0   0x0800efe0   0x00000e3c   Code   RO         8555    i.tcp_receive       tcp_in.o
    0x0800fe1c   0x0800fe1c   0x0000002e   Code   RO         8338    i.tcp_recv_null     tcp.o
    0x0800fe4a   0x0800fe4a   0x00000002   PAD
    0x0800fe4c   0x0800fe4c   0x00000118   Code   RO         8339    i.tcp_recved        tcp.o
    0x0800ff64   0x0800ff64   0x0000005a   Code   RO         8613    i.tcp_rexmit        tcp_out.o
    0x0800ffbe   0x0800ffbe   0x00000078   Code   RO         8614    i.tcp_rexmit_fast   tcp_out.o
    0x08010036   0x08010036   0x0000003a   Code   RO         8615    i.tcp_rexmit_rto    tcp_out.o
    0x08010070   0x08010070   0x00000128   Code   RO         8616    i.tcp_rst           tcp_out.o
    0x08010198   0x08010198   0x00000026   Code   RO         8340    i.tcp_seg_copy      tcp.o
    0x080101be   0x080101be   0x0000001a   Code   RO         8341    i.tcp_seg_free      tcp.o
    0x080101d8   0x080101d8   0x00000018   Code   RO         8342    i.tcp_segs_free     tcp.o
    0x080101f0   0x080101f0   0x00000056   Code   RO         8617    i.tcp_send_empty_ack  tcp_out.o
    0x08010246   0x08010246   0x0000004a   Code   RO         8618    i.tcp_send_fin      tcp_out.o
    0x08010290   0x08010290   0x00000648   Code   RO         8346    i.tcp_slowtmr       tcp.o
    0x080108d8   0x080108d8   0x00000038   Code   RO         8717    i.tcp_timer_needed  timers_1.o
    0x08010910   0x08010910   0x000000ac   Code   RO         8556    i.tcp_timewait_input  tcp_in.o
    0x080109bc   0x080109bc   0x00000024   Code   RO         8347    i.tcp_tmr           tcp.o
    0x080109e0   0x080109e0   0x000000c8   Code   RO         8348    i.tcp_update_rcv_ann_wnd  tcp.o
    0x08010aa8   0x08010aa8   0x000000c8   Code   RO         8621    i.tcp_zero_window_probe  tcp_out.o
    0x08010b70   0x08010b70   0x00000060   Code   RO         7388    i.tcpip_callback_with_block  tcpip.o
    0x08010bd0   0x08010bd0   0x000000d4   Code   RO         7391    i.tcpip_init        tcpip.o
    0x08010ca4   0x08010ca4   0x0000004c   Code   RO         7392    i.tcpip_input       tcpip.o
    0x08010cf0   0x08010cf0   0x000000f8   Code   RO         9785    i.tcpip_stack_init  netconf.o
    0x08010de8   0x08010de8   0x00000038   Code   RO         8718    i.tcpip_tcp_timer   timers_1.o
    0x08010e20   0x08010e20   0x0000015c   Code   RO         7393    i.tcpip_thread      tcpip.o
    0x08010f7c   0x08010f7c   0x00000100   Code   RO         8819    i.udp_bind          udp.o
    0x0801107c   0x0801107c   0x00000068   Code   RO         8820    i.udp_connect       udp.o
    0x080110e4   0x080110e4   0x00000002   Code   RO         8822    i.udp_init          udp.o
    0x080110e6   0x080110e6   0x00000002   PAD
    0x080110e8   0x080110e8   0x00000300   Code   RO         8823    i.udp_input         udp.o
    0x080113e8   0x080113e8   0x0000001c   Code   RO         8824    i.udp_new           udp.o
    0x08011404   0x08011404   0x00000058   Code   RO         8825    i.udp_new_port      udp.o
    0x0801145c   0x0801145c   0x00000006   Code   RO         8826    i.udp_recv          udp.o
    0x08011462   0x08011462   0x00000002   PAD
    0x08011464   0x08011464   0x00000040   Code   RO         8827    i.udp_remove        udp.o
    0x080114a4   0x080114a4   0x0000005c   Code   RO         8829    i.udp_sendto        udp.o
    0x08011500   0x08011500   0x000001ac   Code   RO         8830    i.udp_sendto_if     udp.o
    0x080116ac   0x080116ac   0x00000008   Code   RO         4861    i.usart_data_transmit  at32f435_437_usart.o
    0x080116b4   0x080116b4   0x0000000a   Code   RO         4865    i.usart_enable      at32f435_437_usart.o
    0x080116be   0x080116be   0x00000010   Code   RO         4867    i.usart_flag_get    at32f435_437_usart.o
    0x080116ce   0x080116ce   0x00000002   PAD
    0x080116d0   0x080116d0   0x000000ac   Code   RO         4870    i.usart_init        at32f435_437_usart.o
    0x0801177c   0x0801177c   0x0000000a   Code   RO         4888    i.usart_transmitter_enable  at32f435_437_usart.o
    0x08011786   0x08011786   0x00000002   PAD
    0x08011788   0x08011788   0x0000011c   Code   RO        11135    i.usb_clock48m_select  main.o
    0x080118a4   0x080118a4   0x00000012   Code   RO         5084    i.usb_connect       at32f435_437_usb.o
    0x080118b6   0x080118b6   0x00000042   Code   RO         9839    i.usb_core_config   usb_core.o
    0x080118f8   0x080118f8   0x00000014   Code   RO         5085    i.usb_disconnect    at32f435_437_usb.o
    0x0801190c   0x0801190c   0x00000022   Code   RO         5086    i.usb_ept0_setup    at32f435_437_usb.o
    0x0801192e   0x0801192e   0x0000002c   Code   RO         5087    i.usb_ept0_start    at32f435_437_usb.o
    0x0801195a   0x0801195a   0x00000092   Code   RO         5088    i.usb_ept_clear_stall  at32f435_437_usb.o
    0x080119ec   0x080119ec   0x00000102   Code   RO         5089    i.usb_ept_close     at32f435_437_usb.o
    0x08011aee   0x08011aee   0x000000fa   Code   RO         9885    i.usb_ept_default_init  usbd_core.o
    0x08011be8   0x08011be8   0x0000000c   Code   RO         5090    i.usb_ept_in_clear  at32f435_437_usb.o
    0x08011bf4   0x08011bf4   0x0000002c   Code   RO         5091    i.usb_ept_in_interrupt  at32f435_437_usb.o
    0x08011c20   0x08011c20   0x000001b6   Code   RO         5092    i.usb_ept_open      at32f435_437_usb.o
    0x08011dd6   0x08011dd6   0x0000000c   Code   RO         5093    i.usb_ept_out_clear  at32f435_437_usb.o
    0x08011de2   0x08011de2   0x00000016   Code   RO         5094    i.usb_ept_out_interrupt  at32f435_437_usb.o
    0x08011df8   0x08011df8   0x00000092   Code   RO         5095    i.usb_ept_stall     at32f435_437_usb.o
    0x08011e8a   0x08011e8a   0x00000002   PAD
    0x08011e8c   0x08011e8c   0x0000002c   Code   RO         5096    i.usb_flush_rx_fifo  at32f435_437_usb.o
    0x08011eb8   0x08011eb8   0x00000038   Code   RO         5097    i.usb_flush_tx_fifo  at32f435_437_usb.o
    0x08011ef0   0x08011ef0   0x00000012   Code   RO         5098    i.usb_get_all_in_interrupt  at32f435_437_usb.o
    0x08011f02   0x08011f02   0x00000012   Code   RO         5099    i.usb_get_all_out_interrupt  at32f435_437_usb.o
    0x08011f14   0x08011f14   0x00000004   Code   RO         5100    i.usb_global_clear_interrupt  at32f435_437_usb.o
    0x08011f18   0x08011f18   0x0000000a   Code   RO         5101    i.usb_global_get_all_interrupt  at32f435_437_usb.o
    0x08011f22   0x08011f22   0x00000018   Code   RO         5102    i.usb_global_init   at32f435_437_usb.o
    0x08011f3a   0x08011f3a   0x00000014   Code   RO         5103    i.usb_global_interrupt_enable  at32f435_437_usb.o
    0x08011f4e   0x08011f4e   0x00000002   PAD
    0x08011f50   0x08011f50   0x0000004c   Code   RO         5105    i.usb_global_reset  at32f435_437_usb.o
    0x08011f9c   0x08011f9c   0x00000014   Code   RO         5106    i.usb_global_select_core  at32f435_437_usb.o
    0x08011fb0   0x08011fb0   0x00000044   Code   RO         5107    i.usb_global_set_mode  at32f435_437_usb.o
    0x08011ff4   0x08011ff4   0x00000054   Code   RO        11137    i.usb_gpio_config   main.o
    0x08012048   0x08012048   0x0000000a   Code   RO         5112    i.usb_interrupt_disable  at32f435_437_usb.o
    0x08012052   0x08012052   0x0000000c   Code   RO         5113    i.usb_interrupt_enable  at32f435_437_usb.o
    0x0801205e   0x0801205e   0x0000000e   Code   RO         5114    i.usb_open_phy_clk  at32f435_437_usb.o
    0x0801206c   0x0801206c   0x0000002a   Code   RO         5116    i.usb_read_packet   at32f435_437_usb.o
    0x08012096   0x08012096   0x0000000e   Code   RO         5119    i.usb_set_address   at32f435_437_usb.o
    0x080120a4   0x080120a4   0x00000004   Code   RO         5120    i.usb_set_rx_fifo   at32f435_437_usb.o
    0x080120a8   0x080120a8   0x00000042   Code   RO         5121    i.usb_set_tx_fifo   at32f435_437_usb.o
    0x080120ea   0x080120ea   0x00000010   Code   RO         5122    i.usb_stop_phy_clk  at32f435_437_usb.o
    0x080120fa   0x080120fa   0x0000000e   Code   RO         5123    i.usb_suspend_status_get  at32f435_437_usb.o
    0x08012108   0x08012108   0x00000088   Code   RO        11138    i.usb_task_function  main.o
    0x08012190   0x08012190   0x00000074   Code   RO        10251    i.usb_vcp_cmd_process  cdc_msc_class.o
    0x08012204   0x08012204   0x00000050   Code   RO        10252    i.usb_vcp_get_rxdata  cdc_msc_class.o
    0x08012254   0x08012254   0x0000003a   Code   RO        10253    i.usb_vcp_send_data  cdc_msc_class.o
    0x0801228e   0x0801228e   0x00000098   Code   RO        10062    i.usb_write_empty_txfifo  usbd_int.o
    0x08012326   0x08012326   0x00000030   Code   RO         5124    i.usb_write_packet  at32f435_437_usb.o
    0x08012356   0x08012356   0x00000054   Code   RO        10161    i.usbd_clear_feature  usbd_sdr.o
    0x080123aa   0x080123aa   0x0000004a   Code   RO         9886    i.usbd_clear_stall  usbd_core.o
    0x080123f4   0x080123f4   0x0000000c   Code   RO         9887    i.usbd_connect      usbd_core.o
    0x08012400   0x08012400   0x000000c2   Code   RO         9889    i.usbd_core_in_handler  usbd_core.o
    0x080124c2   0x080124c2   0x00000002   PAD
    0x080124c4   0x080124c4   0x00000158   Code   RO         9890    i.usbd_core_init    usbd_core.o
    0x0801261c   0x0801261c   0x00000080   Code   RO         9891    i.usbd_core_out_handler  usbd_core.o
    0x0801269c   0x0801269c   0x0000005a   Code   RO         9892    i.usbd_core_setup_handler  usbd_core.o
    0x080126f6   0x080126f6   0x00000024   Code   RO         9893    i.usbd_ctrl_recv    usbd_core.o
    0x0801271a   0x0801271a   0x00000018   Code   RO         9894    i.usbd_ctrl_recv_status  usbd_core.o
    0x08012732   0x08012732   0x00000028   Code   RO         9895    i.usbd_ctrl_send    usbd_core.o
    0x0801275a   0x0801275a   0x00000018   Code   RO         9896    i.usbd_ctrl_send_status  usbd_core.o
    0x08012772   0x08012772   0x00000016   Code   RO         9897    i.usbd_ctrl_unsupport  usbd_core.o
    0x08012788   0x08012788   0x00000080   Code   RO        10162    i.usbd_device_request  usbd_sdr.o
    0x08012808   0x08012808   0x0000000c   Code   RO         9898    i.usbd_disconnect   usbd_core.o
    0x08012814   0x08012814   0x0000019e   Code   RO        10163    i.usbd_endpoint_request  usbd_sdr.o
    0x080129b2   0x080129b2   0x00000016   Code   RO         9899    i.usbd_enter_suspend  usbd_core.o
    0x080129c8   0x080129c8   0x00000046   Code   RO        10064    i.usbd_enumdone_handler  usbd_int.o
    0x08012a0e   0x08012a0e   0x00000040   Code   RO         9900    i.usbd_ept_close    usbd_core.o
    0x08012a4e   0x08012a4e   0x000000b0   Code   RO         9901    i.usbd_ept_in_check_fifo  usbd_core.o
    0x08012afe   0x08012afe   0x0000005a   Code   RO         9902    i.usbd_ept_open     usbd_core.o
    0x08012b58   0x08012b58   0x00000114   Code   RO         9903    i.usbd_ept_recv     usbd_core.o
    0x08012c6c   0x08012c6c   0x0000012e   Code   RO         9904    i.usbd_ept_send     usbd_core.o
    0x08012d9a   0x08012d9a   0x00000002   PAD
    0x08012d9c   0x08012d9c   0x000000c8   Code   RO         9905    i.usbd_fifo_alloc   usbd_core.o
    0x08012e64   0x08012e64   0x00000012   Code   RO         9906    i.usbd_flush_tx_fifo  usbd_core.o
    0x08012e76   0x08012e76   0x00000056   Code   RO        10164    i.usbd_get_configuration  usbd_sdr.o
    0x08012ecc   0x08012ecc   0x0000011c   Code   RO        10165    i.usbd_get_descriptor  usbd_sdr.o
    0x08012fe8   0x08012fe8   0x0000001c   Code   RO         9907    i.usbd_get_recv_len  usbd_core.o
    0x08013004   0x08013004   0x00000044   Code   RO        10166    i.usbd_get_status   usbd_sdr.o
    0x08013048   0x08013048   0x00000016   Code   RO        10065    i.usbd_incomisioin_handler  usbd_int.o
    0x0801305e   0x0801305e   0x00000016   Code   RO        10066    i.usbd_incomisoout_handler  usbd_int.o
    0x08013074   0x08013074   0x000000ac   Code   RO        10067    i.usbd_inept_handler  usbd_int.o
    0x08013120   0x08013120   0x00000068   Code   RO         9840    i.usbd_init         usb_core.o
    0x08013188   0x08013188   0x0000003e   Code   RO        10356    i.usbd_int_to_unicode  cdc_msc_desc.o
    0x080131c6   0x080131c6   0x0000004a   Code   RO        10167    i.usbd_interface_request  usbd_sdr.o
    0x08013210   0x08013210   0x000000ea   Code   RO        10068    i.usbd_irq_handler  usbd_int.o
    0x080132fa   0x080132fa   0x00000092   Code   RO        10069    i.usbd_outept_handler  usbd_int.o
    0x0801338c   0x0801338c   0x00000122   Code   RO        10070    i.usbd_reset_handler  usbd_int.o
    0x080134ae   0x080134ae   0x00000082   Code   RO        10071    i.usbd_rxflvl_handler  usbd_int.o
    0x08013530   0x08013530   0x0000005c   Code   RO        10168    i.usbd_set_address  usbd_sdr.o
    0x0801358c   0x0801358c   0x000000c8   Code   RO        10169    i.usbd_set_configuration  usbd_sdr.o
    0x08013654   0x08013654   0x00000010   Code   RO         9909    i.usbd_set_device_addr  usbd_core.o
    0x08013664   0x08013664   0x00000032   Code   RO        10170    i.usbd_set_feature  usbd_sdr.o
    0x08013696   0x08013696   0x0000004a   Code   RO         9910    i.usbd_set_stall    usbd_core.o
    0x080136e0   0x080136e0   0x00000028   Code   RO        10171    i.usbd_setup_request_parse  usbd_sdr.o
    0x08013708   0x08013708   0x00000014   Code   RO        10072    i.usbd_sof_handler  usbd_int.o
    0x0801371c   0x0801371c   0x00000038   Code   RO        10073    i.usbd_suspend_handler  usbd_int.o
    0x08013754   0x08013754   0x0000003c   Code   RO        10357    i.usbd_unicode_convert  cdc_msc_desc.o
    0x08013790   0x08013790   0x00000036   Code   RO        10074    i.usbd_wakeup_handler  usbd_int.o
    0x080137c6   0x080137c6   0x00000028   Code   RO         5834    i.uxListRemove      list.o
    0x080137ee   0x080137ee   0x0000001a   Code   RO         5835    i.vListInitialise   list.o
    0x08013808   0x08013808   0x00000006   Code   RO         5836    i.vListInitialiseItem  list.o
    0x0801380e   0x0801380e   0x00000034   Code   RO         5837    i.vListInsert       list.o
    0x08013842   0x08013842   0x00000018   Code   RO         5838    i.vListInsertEnd    list.o
    0x0801385a   0x0801385a   0x00000002   PAD
    0x0801385c   0x0801385c   0x00000054   Code   RO         6521    i.vPortEnterCritical  port.o
    0x080138b0   0x080138b0   0x0000003c   Code   RO         6522    i.vPortExitCritical  port.o
    0x080138ec   0x080138ec   0x000000a4   Code   RO         6596    i.vPortFree         heap_4.o
    0x08013990   0x08013990   0x00000028   Code   RO         6523    i.vPortSetupTimerInterrupt  port.o
    0x080139b8   0x080139b8   0x00000078   Code   RO         6524    i.vPortValidateInterruptPriority  port.o
    0x08013a30   0x08013a30   0x0000005c   Code   RO         6209    i.vTaskDelay        tasks.o
    0x08013a8c   0x08013a8c   0x000000f4   Code   RO         6210    i.vTaskDelete       tasks.o
    0x08013b80   0x08013b80   0x00000018   Code   RO         6213    i.vTaskInternalSetTimeOutState  tasks.o
    0x08013b98   0x08013b98   0x0000000c   Code   RO         6214    i.vTaskMissedYield  tasks.o
    0x08013ba4   0x08013ba4   0x00000038   Code   RO         6215    i.vTaskPlaceOnEventList  tasks.o
    0x08013bdc   0x08013bdc   0x000000e4   Code   RO         6217    i.vTaskPriorityDisinheritAfterTimeout  tasks.o
    0x08013cc0   0x08013cc0   0x00000090   Code   RO         6222    i.vTaskStartScheduler  tasks.o
    0x08013d50   0x08013d50   0x00000010   Code   RO         6224    i.vTaskSuspendAll   tasks.o
    0x08013d60   0x08013d60   0x0000008c   Code   RO         6225    i.vTaskSwitchContext  tasks.o
    0x08013dec   0x08013dec   0x00000008   Code   RO        10663    i.w25x80_init       w25x80.o
    0x08013df4   0x08013df4   0x00000068   Code   RO        10664    i.w25x80_read_data  w25x80.o
    0x08013e5c   0x08013e5c   0x00000044   Code   RO        10666    i.w25x80_sector_erase  w25x80.o
    0x08013ea0   0x08013ea0   0x00000030   Code   RO        10667    i.w25x80_wait_busy  w25x80.o
    0x08013ed0   0x08013ed0   0x0000001a   Code   RO        10668    i.w25x80_wdisable   w25x80.o
    0x08013eea   0x08013eea   0x0000001a   Code   RO        10669    i.w25x80_wenable    w25x80.o
    0x08013f04   0x08013f04   0x00000072   Code   RO        10670    i.w25x80_write_data  w25x80.o
    0x08013f76   0x08013f76   0x00000002   PAD
    0x08013f78   0x08013f78   0x00000168   Code   RO         6525    i.xPortStartScheduler  port.o
    0x080140e0   0x080140e0   0x00000022   Code   RO         5888    i.xQueueCreateMutex  queue.o
    0x08014102   0x08014102   0x000000a2   Code   RO         5889    i.xQueueGenericCreate  queue.o
    0x080141a4   0x080141a4   0x00000098   Code   RO         5890    i.xQueueGenericReset  queue.o
    0x0801423c   0x0801423c   0x00000180   Code   RO         5891    i.xQueueGenericSend  queue.o
    0x080143bc   0x080143bc   0x00000120   Code   RO         5892    i.xQueueGenericSendFromISR  queue.o
    0x080144dc   0x080144dc   0x00000104   Code   RO         5893    i.xQueueGiveFromISR  queue.o
    0x080145e0   0x080145e0   0x00000140   Code   RO         5899    i.xQueueReceive     queue.o
    0x08014720   0x08014720   0x000000ee   Code   RO         5900    i.xQueueReceiveFromISR  queue.o
    0x0801480e   0x0801480e   0x00000002   PAD
    0x08014810   0x08014810   0x00000190   Code   RO         5901    i.xQueueSemaphoreTake  queue.o
    0x080149a0   0x080149a0   0x00000090   Code   RO         6227    i.xTaskCheckForTimeOut  tasks.o
    0x08014a30   0x08014a30   0x00000060   Code   RO         6228    i.xTaskCreate       tasks.o
    0x08014a90   0x08014a90   0x0000000c   Code   RO         6235    i.xTaskGetTickCount  tasks.o
    0x08014a9c   0x08014a9c   0x00000148   Code   RO         6237    i.xTaskIncrementTick  tasks.o
    0x08014be4   0x08014be4   0x000000bc   Code   RO         6238    i.xTaskPriorityDisinherit  tasks.o
    0x08014ca0   0x08014ca0   0x000000b8   Code   RO         6239    i.xTaskPriorityInherit  tasks.o
    0x08014d58   0x08014d58   0x00000098   Code   RO         6240    i.xTaskRemoveFromEventList  tasks.o
    0x08014df0   0x08014df0   0x00000104   Code   RO         6241    i.xTaskResumeAll    tasks.o
    0x08014ef4   0x08014ef4   0x00000016   Data   RO           15    .constdata          system_at32f435_437.o
    0x08014f0a   0x08014f0a   0x00000026   Data   RO          924    .constdata          at32f435_437_crm.o
    0x08014f30   0x08014f30   0x00000040   Data   RO         7897    .constdata          memp.o
    0x08014f70   0x08014f70   0x00000040   Data   RO         8276    .constdata          stats.o
    0x08014fb0   0x08014fb0   0x00000050   Data   RO         8349    .constdata          tcp.o
    0x08015000   0x08015000   0x00000008   Data   RO         9158    .constdata          ip_addr.o
    0x08015008   0x08015008   0x0000000c   Data   RO         9288    .constdata          etharp.o
    0x08015014   0x08015014   0x0000008c   Data   RO         7554    .conststring        dhcp.o
    0x080150a0   0x080150a0   0x000000b4   Data   RO         8277    .conststring        stats.o
    0x08015154   0x08015154   0x0000006d   Data   RO         8350    .conststring        tcp.o
    0x080151c1   0x080151c1   0x00000003   PAD
    0x080151c4   0x080151c4   0x00000055   Data   RO         8622    .conststring        tcp_out.o
    0x08015219   0x08015219   0x00000003   PAD
    0x0801521c   0x0801521c   0x00000044   Data   RO         9289    .conststring        etharp.o
    0x08015260   0x08015260   0x00000020   Data   RO        11756    Region$$Table       anon$$obj.o


    Execution Region RW_IRAM1 (Exec base: 0x20000000, Load base: 0x08015280, Size: 0x00021978, Max: 0x00080000, ABSOLUTE, COMPRESSED[0x00000144])

    Exec Addr    Load Addr    Size         Type   Attr      Idx    E Section Name        Object

    0x20000000   COMPRESSED   0x00000004   Data   RW           16    .data               system_at32f435_437.o
    0x20000004   COMPRESSED   0x00000010   Data   RW         2021    .data               at32f435_437_emac.o
    0x20000014   COMPRESSED   0x00000044   Data   RW         6244    .data               tasks.o
    0x20000058   COMPRESSED   0x00000010   Data   RW         6526    .data               port.o
    0x20000068   COMPRESSED   0x00000024   Data   RW         6602    .data               heap_4.o
    0x2000008c   COMPRESSED   0x00000010   Data   RW         7397    .data               tcpip.o
    0x2000009c   COMPRESSED   0x00000008   Data   RW         7555    .data               dhcp.o
    0x200000a4   COMPRESSED   0x00000018   Data   RW         7747    .data               dns.o
    0x200000bc   COMPRESSED   0x00000014   Data   RW         7855    .data               mem.o
    0x200000d0   COMPRESSED   0x0000000d   Data   RW         7955    .data               netif.o
    0x200000dd   COMPRESSED   0x00000003   PAD
    0x200000e0   COMPRESSED   0x00000005   Data   RW         8095    .data               pbuf.o
    0x200000e5   COMPRESSED   0x00000003   PAD
    0x200000e8   COMPRESSED   0x00000008   Data   RW         8226    .data               raw.o
    0x200000f0   COMPRESSED   0x00000028   Data   RW         8351    .data               tcp.o
    0x20000118   COMPRESSED   0x00000024   Data   RW         8558    .data               tcp_in.o
    0x2000013c   COMPRESSED   0x00000010   Data   RW         8719    .data               timers_1.o
    0x2000014c   COMPRESSED   0x0000000c   Data   RW         8831    .data               udp.o
    0x20000158   COMPRESSED   0x00000010   Data   RW         8969    .data               igmp.o
    0x20000168   COMPRESSED   0x00000016   Data   RW         9108    .data               ip.o
    0x2000017e   COMPRESSED   0x00000002   PAD
    0x20000180   COMPRESSED   0x0000000a   Data   RW         9216    .data               ip_frag.o
    0x2000018a   COMPRESSED   0x00000002   PAD
    0x2000018c   COMPRESSED   0x00000005   Data   RW         9290    .data               etharp.o
    0x20000191   COMPRESSED   0x00000003   PAD
    0x20000194   COMPRESSED   0x00000016   Data   RW         9400    .data               ethernetif.o
    0x200001aa   COMPRESSED   0x00000002   PAD
    0x200001ac   COMPRESSED   0x00000014   Data   RW         9504    .data               sys_arch.o
    0x200001c0   COMPRESSED   0x00000028   Data   RW         9787    .data               netconf.o
    0x200001e8   COMPRESSED   0x00000001   Data   RW        10172    .data               usbd_sdr.o
    0x200001e9   COMPRESSED   0x00000003   PAD
    0x200001ec   COMPRESSED   0x00000030   Data   RW        10255    .data               cdc_msc_class.o
    0x2000021c   COMPRESSED   0x000000f0   Data   RW        10359    .data               cdc_msc_desc.o
    0x2000030c   COMPRESSED   0x00000030   Data   RW        10463    .data               msc_bot_scsi.o
    0x2000033c   COMPRESSED   0x00000006   Data   RW        10843    .data               ff.o
    0x20000342   COMPRESSED   0x00000002   PAD
    0x20000344   COMPRESSED   0x0000001c   Data   RW        11140    .data               main.o
    0x20000360   COMPRESSED   0x00000024   Data   RW        11345    .data               msc_diskio.o
    0x20000384   COMPRESSED   0x00000004   Data   RW        11394    .data               mc_w.l(rand.o)
    0x20000388   COMPRESSED   0x00000004   Data   RW        11691    .data               mc_w.l(stdout.o)
    0x2000038c        -       0x000002e4   Zero   RW         6243    .bss                tasks.o
    0x20000670        -       0x0000a000   Zero   RW         6601    .bss                heap_4.o
    0x2000a670        -       0x00000032   Zero   RW         7553    .bss                dhcp.o
    0x2000a6a2   COMPRESSED   0x00000002   PAD
    0x2000a6a4        -       0x00000663   Zero   RW         7746    .bss                dns.o
    0x2000ad07        -       0x00005014   Zero   RW         7854    .bss                mem.o
    0x2000fd1b   COMPRESSED   0x00000001   PAD
    0x2000fd1c        -       0x00006597   Zero   RW         7896    .bss                memp.o
    0x200162b3   COMPRESSED   0x00000001   PAD
    0x200162b4        -       0x00000044   Zero   RW         7954    .bss                netif.o
    0x200162f8        -       0x000001e8   Zero   RW         8275    .bss                stats.o
    0x200164e0        -       0x00000014   Zero   RW         8557    .bss                tcp_in.o
    0x200164f4        -       0x00000010   Zero   RW         9157    .bss                ip_addr.o
    0x20016504        -       0x000000c8   Zero   RW         9287    .bss                etharp.o
    0x200165cc        -       0x00007940   Zero   RW         9399    .bss                ethernetif.o
    0x2001df0c        -       0x0000000e   Zero   RW         9699    .bss                at32_emac_phy.o
    0x2001df1a   COMPRESSED   0x00000002   PAD
    0x2001df1c        -       0x00000044   Zero   RW         9786    .bss                netconf.o
    0x2001df60        -       0x000010b0   Zero   RW        10254    .bss                cdc_msc_class.o
    0x2001f010        -       0x00000100   Zero   RW        10358    .bss                cdc_msc_desc.o
    0x2001f110        -       0x00000428   Zero   RW        10620    .bss                spi_tranrecv.o
    0x2001f538        -       0x0000143c   Zero   RW        11139    .bss                main.o
    0x20020974   COMPRESSED   0x00000004   PAD
    0x20020978        -       0x00001000   Zero   RW            1    STACK               startup_at32f435_437.o


==============================================================================

Image component sizes


      Code (inc. data)   RO Data    RW Data    ZI Data      Debug   Object Name

         0          0          0          0          0      19418   api_lib.o
         0          0          0          0          0        812   api_msg.o
      1256         46          0          0         14       7832   at32_emac_phy.o
       100         26          0          0          0      49344   at32f435_437_acc.o
       156         12          0          0          0        546   at32f435_437_clock.o
      1294        144         38          0          0      11770   at32f435_437_crm.o
       344         30          0          0          0       4734   at32f435_437_dma.o
      2146        234          0         16          0      21558   at32f435_437_emac.o
       216          0          0          0          0       3289   at32f435_437_gpio.o
        38          0          0          0          0       3023   at32f435_437_int.o
       240         18          0          0          0      31922   at32f435_437_misc.o
        20          6          0          0          0        510   at32f435_437_scfg.o
       412          0          0          0          0       3794   at32f435_437_spi.o
       216         10          0          0          0       3374   at32f435_437_usart.o
      1792         22          0          0          0      19346   at32f435_437_usb.o
      1202         20          0         48       4272      14619   cdc_msc_class.o
       454        172          0        240        256      11727   cdc_msc_desc.o
         0          0          0          0          0      13232   croutine.o
       172         24          0          0          0       1148   debug_usart.o
        62          0          0          0          0       1972   def.o
      7644       2118        140          8         50      28293   dhcp.o
       154          0          0          0          0       6382   diskio.o
      2088        388          0         24       1635       9981   dns.o
      4512       1200         80          5        200      13648   etharp.o
       966        156          0         22      31040       7675   ethernetif.o
         0          0          0          0          0      13488   event_groups.o
      1440         46          0          6          0      22386   ff.o
       756         74          0         36      40960       6775   heap_4.o
      1316        436          0          0          0       3702   icmp.o
      1360        206          0         16          0       8711   igmp.o
       200          0          0          0          0       2481   inet_chksum.o
        48          0          0          0          0       9805   init.o
      1616        250          0         22          0       8456   ip.o
       746         94          8          0         16      10472   ip_addr.o
      3162        870          0         10          0      10184   ip_frag.o
       148          0          0          0          0       3034   list.o
      1504        522          0         28       5180       8042   main.o
      2416        850          0         20      20500       5257   mem.o
       728        308         64          0      26007       3926   memp.o
      2544         42          0         48          0      18436   msc_bot_scsi.o
       204          6          0         36          0       3062   msc_diskio.o
         0          0          0          0          0       3820   netbuf.o
       636        208          0         40         68       2808   netconf.o
      1484        406          0         13         68      22463   netif.o
      4244       1638          0          5          0      11765   pbuf.o
      1014         92          0         16          0      11109   port.o
      2676         20          0          0          0      19267   queue.o
       116         14          0          8          0       1392   raw.o
         2          0          0          0          0        427   sockets.o
       628         64          0          0       1064       2876   spi_tranrecv.o
        36          8        524          0       4096        896   startup_at32f435_437.o
        64         14        244          0        488       3870   stats.o
       754         38          0         20          0      23848   sys_arch.o
       384         42         22          4          0      55688   system_at32f435_437.o
      3146        412          0         68        740      27444   tasks.o
      4406       1134        189         40          0      24432   tcp.o
      8100       1258          0         36         20      17883   tcp_in.o
      3136        628         85          0          0      10807   tcp_out.o
       732        260          0         16          0       9950   tcpip.o
         0          0          0          0          0       2184   timers.o
      1068        250          0         16          0       8174   timers_1.o
      1836        330          0         12          0      16713   udp.o
       170          0          0          0          0      10350   usb_core.o
      2516         10          0          0          0      16023   usbd_core.o
      1368          0          0          0          0       8028   usbd_int.o
      1520         24          0          1          0       7618   usbd_sdr.o
       394          8          0          0          0       4075   w25x80.o

    ----------------------------------------------------------------------
     84190      15188       1432        900     136684     752076   Object Totals
         0          0         32          0          0          0   (incl. Generated)
        88          0          6         20         10          0   (incl. Padding)

    ----------------------------------------------------------------------

      Code (inc. data)   RO Data    RW Data    ZI Data      Debug   Library Member Name

        86          0          0          0          0          0   __dczerorl2.o
         0          0          0          0          0          0   entry.o
         0          0          0          0          0          0   entry10a.o
         0          0          0          0          0          0   entry11a.o
         4          0          0          0          0          0   entry12b.o
         8          4          0          0          0          0   entry2.o
         4          0          0          0          0          0   entry5.o
         0          0          0          0          0          0   entry7b.o
         0          0          0          0          0          0   entry8b.o
         8          4          0          0          0          0   entry9a.o
        30          0          0          0          0          0   handlers.o
        36          8          0          0          0         68   init.o
        30          0          0          0          0         68   llshl.o
        32          0          0          0          0         68   llushr.o
        26          0          0          0          0         80   memcmp.o
        36          0          0          0          0         68   memcpya.o
        36          0          0          0          0        108   memseta.o
       472         14          0          0          0        184   printf3.o
        36         10          0          4          0        136   rand.o
         0          0          0          4          0          0   stdout.o
        28          0          0          0          0         76   strcmp.o
        14          0          0          0          0         68   strlen.o
        44          0          0          0          0         80   uidiv.o
        98          0          0          0          0         92   uldiv.o

    ----------------------------------------------------------------------
      1034         40          0          8          0       1096   Library Totals
         6          0          0          0          0          0   (incl. Padding)

    ----------------------------------------------------------------------

      Code (inc. data)   RO Data    RW Data    ZI Data      Debug   Library Name

      1028         40          0          8          0       1096   mc_w.l

    ----------------------------------------------------------------------
      1034         40          0          8          0       1096   Library Totals

    ----------------------------------------------------------------------

==============================================================================


      Code (inc. data)   RO Data    RW Data    ZI Data      Debug   

     85224      15228       1432        908     136684     695388   Grand Totals
     85224      15228       1432        324     136684     695388   ELF Image Totals (compressed)
     85224      15228       1432        324          0          0   ROM Totals

==============================================================================

    Total RO  Size (Code + RO Data)                86656 (  84.63kB)
    Total RW  Size (RW Data + ZI Data)            137592 ( 134.37kB)
    Total ROM Size (Code + RO Data + RW Data)      86980 (  84.94kB)

==============================================================================

