Component: ARM Compiler 5.06 update 7 (build 960) Tool: armlink [4d3601]

==============================================================================

Section Cross References

    startup_at32f435_437.o(RESET) refers to startup_at32f435_437.o(STACK) for __initial_sp
    startup_at32f435_437.o(RESET) refers to startup_at32f435_437.o(.text) for Reset_Handler
    startup_at32f435_437.o(RESET) refers to at32f435_437_int.o(i.NMI_Handler) for NMI_Handler
    startup_at32f435_437.o(RESET) refers to at32f435_437_int.o(i.HardFault_Handler) for HardFault_Handler
    startup_at32f435_437.o(RESET) refers to at32f435_437_int.o(i.MemManage_Handler) for MemManage_Handler
    startup_at32f435_437.o(RESET) refers to at32f435_437_int.o(i.BusFault_Handler) for BusFault_Handler
    startup_at32f435_437.o(RESET) refers to at32f435_437_int.o(i.UsageFault_Handler) for UsageFault_Handler
    startup_at32f435_437.o(RESET) refers to port.o(.emb_text) for SVC_Handler
    startup_at32f435_437.o(RESET) refers to at32f435_437_int.o(i.DebugMon_Handler) for DebugMon_Handler
    startup_at32f435_437.o(RESET) refers to port.o(i.SysTick_Handler) for SysTick_Handler
    startup_at32f435_437.o(RESET) refers to at32f435_437_int.o(i.EMAC_IRQHandler) for EMAC_IRQHandler
    startup_at32f435_437.o(RESET) refers to main.o(i.OTGFS2_IRQHandler) for OTGFS2_IRQHandler
    startup_at32f435_437.o(.text) refers to system_at32f435_437.o(i.SystemInit) for SystemInit
    startup_at32f435_437.o(.text) refers to entry.o(.ARM.Collect$$$$00000000) for __main
    system_at32f435_437.o(i.system_core_clock_update) refers to at32f435_437_crm.o(i.crm_sysclk_switch_status_get) for crm_sysclk_switch_status_get
    system_at32f435_437.o(i.system_core_clock_update) refers to uldiv.o(.text) for __aeabi_uldivmod
    system_at32f435_437.o(i.system_core_clock_update) refers to system_at32f435_437.o(.data) for system_core_clock
    system_at32f435_437.o(i.system_core_clock_update) refers to system_at32f435_437.o(.constdata) for pll_fr_table
    at32f435_437_adc.o(i.adc_reset) refers to at32f435_437_crm.o(i.crm_periph_reset) for crm_periph_reset
    at32f435_437_can.o(i.can_interrupt_flag_get) refers to at32f435_437_can.o(i.can_flag_get) for can_flag_get
    at32f435_437_can.o(i.can_message_receive) refers to at32f435_437_can.o(i.can_receive_fifo_release) for can_receive_fifo_release
    at32f435_437_can.o(i.can_reset) refers to at32f435_437_crm.o(i.crm_periph_reset) for crm_periph_reset
    at32f435_437_crm.o(i.crm_clocks_freq_get) refers to at32f435_437_crm.o(i.crm_sysclk_switch_status_get) for crm_sysclk_switch_status_get
    at32f435_437_crm.o(i.crm_clocks_freq_get) refers to uldiv.o(.text) for __aeabi_uldivmod
    at32f435_437_crm.o(i.crm_clocks_freq_get) refers to at32f435_437_crm.o(.constdata) for pll_fr_table
    at32f435_437_crm.o(i.crm_hext_stable_wait) refers to at32f435_437_crm.o(i.crm_flag_get) for crm_flag_get
    at32f435_437_crm.o(i.crm_pll_config) refers to at32f435_437_crm.o(i.crm_hick_divider_select) for crm_hick_divider_select
    at32f435_437_crm.o(i.crm_usb_clock_source_select) refers to at32f435_437_crm.o(i.crm_hick_sclk_frequency_select) for crm_hick_sclk_frequency_select
    at32f435_437_dac.o(i.dac_reset) refers to at32f435_437_crm.o(i.crm_periph_reset) for crm_periph_reset
    at32f435_437_dvp.o(i.dvp_reset) refers to at32f435_437_crm.o(i.crm_periph_reset) for crm_periph_reset
    at32f435_437_emac.o(i.emac_clock_range_set) refers to at32f435_437_crm.o(i.crm_clocks_freq_get) for crm_clocks_freq_get
    at32f435_437_emac.o(i.emac_control_config) refers to at32f435_437_emac.o(i.emac_deferral_check_set) for emac_deferral_check_set
    at32f435_437_emac.o(i.emac_control_config) refers to at32f435_437_emac.o(i.emac_backoff_limit_set) for emac_backoff_limit_set
    at32f435_437_emac.o(i.emac_control_config) refers to at32f435_437_emac.o(i.emac_auto_pad_crc_stripping_set) for emac_auto_pad_crc_stripping_set
    at32f435_437_emac.o(i.emac_control_config) refers to at32f435_437_emac.o(i.emac_retry_disable) for emac_retry_disable
    at32f435_437_emac.o(i.emac_control_config) refers to at32f435_437_emac.o(i.emac_ipv4_checksum_offload_set) for emac_ipv4_checksum_offload_set
    at32f435_437_emac.o(i.emac_control_config) refers to at32f435_437_emac.o(i.emac_loopback_mode_enable) for emac_loopback_mode_enable
    at32f435_437_emac.o(i.emac_control_config) refers to at32f435_437_emac.o(i.emac_receive_own_disable) for emac_receive_own_disable
    at32f435_437_emac.o(i.emac_control_config) refers to at32f435_437_emac.o(i.emac_carrier_sense_disable) for emac_carrier_sense_disable
    at32f435_437_emac.o(i.emac_control_config) refers to at32f435_437_emac.o(i.emac_interframe_gap_set) for emac_interframe_gap_set
    at32f435_437_emac.o(i.emac_control_config) refers to at32f435_437_emac.o(i.emac_jabber_disable) for emac_jabber_disable
    at32f435_437_emac.o(i.emac_control_config) refers to at32f435_437_emac.o(i.emac_watchdog_disable) for emac_watchdog_disable
[...]
    dhcp_coarse_timer                        0x200001f8   Data           4  netconf.o(.data)
    linecoding                               0x20000204   Data           8  cdc_msc_class.o(.data)
    cdc_msc_class_handler                    0x2000020c   Data          40  cdc_msc_class.o(.data)
    cdc_msc_desc_handler                     0x20000234   Data          40  cdc_msc_desc.o(.data)
    page00_inquiry_data                      0x20000324   Data           5  msc_bot_scsi.o(.data)
    sense_data                               0x2000032c   Data          24  msc_bot_scsi.o(.data)
    mode_sense6_data                         0x20000344   Data           8  msc_bot_scsi.o(.data)
    mode_sense10_data                        0x2000034c   Data           8  msc_bot_scsi.o(.data)
    pxMBFrameCBByteReceived                  0x20000398   Data           4  mb.o(.data)
    pxMBFrameCBTransmitterEmpty              0x2000039c   Data           4  mb.o(.data)
    pxMBPortCBTimerExpired                   0x200003a0   Data           4  mb.o(.data)
    pxMBFrameCBReceiveFSMCur                 0x200003a4   Data           4  mb.o(.data)
    pxMBFrameCBTransmitFSMCur                0x200003a8   Data           4  mb.o(.data)
    res                                      0x2000044c   Data           1  main.o(.data)
    network_handler                          0x20000450   Data           4  main.o(.data)
    dns_handler                              0x20000454   Data           4  main.o(.data)
    usb_handler                              0x20000458   Data           4  main.o(.data)
    scsi_inquiry                             0x20000464   Data          36  msc_diskio.o(.data)
    __stdout                                 0x2000048c   Data           4  stdout.o(.data)
    dhcp_rx_options_val                      0x2000a79c   Data          40  dhcp.o(.bss)
    dhcp_rx_options_given                    0x2000a7c4   Data          10  dhcp.o(.bss)
    ram_heap                                 0x2000ae33   Data       20500  mem.o(.bss)
    lwip_stats                               0x20016424   Data         488  stats.o(.bss)
    DMARxDscrTab                             0x200166f8   Data         320  ethernetif.o(.bss)
    DMATxDscrTab                             0x20016838   Data         320  ethernetif.o(.bss)
    Rx_Buff                                  0x20016978   Data       15200  ethernetif.o(.bss)
    Tx_Buff                                  0x2001a4d8   Data       15200  ethernetif.o(.bss)
    mac_control_para                         0x2001e038   Data          14  at32_emac_phy.o(.bss)
    netif                                    0x2001e048   Data          68  netconf.o(.bss)
    cdc_msc_struct                           0x2001e090   Data        4272  cdc_msc_class.o(.bss)
    ucRTUBuf                                 0x2001ff8a   Data         256  mbrtu.o(.bss)
    g_file_system                            0x200200ac   Data        4148  main.o(.bss)
    otg_core_struct                          0x200210e0   Data         776  main.o(.bss)
    usb_buffer                               0x200213e8   Data         256  main.o(.bss)
    __initial_sp                             0x200224e8   Data           0  startup_at32f435_437.o(STACK)



==============================================================================

Memory Map of the image

  Image Entry point : 0x0800020d

  Load Region LR_IROM1 (Base: 0x08000000, Size: 0x000174c8, Max: 0x00100000, ABSOLUTE, COMPRESSED[0x000171c0])

    Execution Region ER_IROM1 (Exec base: 0x08000000, Load base: 0x08000000, Size: 0x00017038, Max: 0x00100000, ABSOLUTE)

    Exec Addr    Load Addr    Size         Type   Attr      Idx    E Section Name        Object

    0x08000000   0x08000000   0x0000020c   Data   RO            3    RESET               startup_at32f435_437.o
    0x0800020c   0x0800020c   0x00000000   Code   RO        12094  * .ARM.Collect$$$$00000000  mc_w.l(entry.o)
    0x0800020c   0x0800020c   0x00000004   Code   RO        12383    .ARM.Collect$$$$00000001  mc_w.l(entry2.o)
    0x08000210   0x08000210   0x00000004   Code   RO        12386    .ARM.Collect$$$$00000004  mc_w.l(entry5.o)
    0x08000214   0x08000214   0x00000000   Code   RO        12388    .ARM.Collect$$$$00000008  mc_w.l(entry7b.o)
    0x08000214   0x08000214   0x00000000   Code   RO        12390    .ARM.Collect$$$$0000000A  mc_w.l(entry8b.o)
    0x08000214   0x08000214   0x00000008   Code   RO        12391    .ARM.Collect$$$$0000000B  mc_w.l(entry9a.o)
    0x0800021c   0x0800021c   0x00000004   Code   RO        12398    .ARM.Collect$$$$0000000E  mc_w.l(entry12b.o)
    0x08000220   0x08000220   0x00000000   Code   RO        12393    .ARM.Collect$$$$0000000F  mc_w.l(entry10a.o)
    0x08000220   0x08000220   0x00000000   Code   RO        12395    .ARM.Collect$$$$00000011  mc_w.l(entry11a.o)
    0x08000220   0x08000220   0x00000004   Code   RO        12384    .ARM.Collect$$$$00002712  mc_w.l(entry2.o)
    0x08000224   0x08000224   0x000000be   Code   RO         6672    .emb_text           port.o
    0x080002e2   0x080002e2   0x00000002   PAD
    0x080002e4   0x080002e4   0x00000024   Code   RO            4    .text               startup_at32f435_437.o
    0x08000308   0x08000308   0x00000062   Code   RO        12099    .text               mc_w.l(uldiv.o)
    0x0800036a   0x0800036a   0x00000002   PAD
    0x0800036c   0x0800036c   0x00000024   Code   RO        12101    .text               mc_w.l(rand.o)
    0x08000390   0x08000390   0x00000024   Code   RO        12104    .text               mc_w.l(memcpya.o)
    0x080003b4   0x080003b4   0x00000024   Code   RO        12108    .text               mc_w.l(memseta.o)
    0x080003d8   0x080003d8   0x0000000e   Code   RO        12112    .text               mc_w.l(strlen.o)
    0x080003e6   0x080003e6   0x0000001c   Code   RO        12114    .text               mc_w.l(strcmp.o)
    0x08000402   0x08000402   0x0000001a   Code   RO        12116    .text               mc_w.l(memcmp.o)
    0x0800041c   0x0800041c   0x0000001e   Code   RO        12402    .text               mc_w.l(llshl.o)
    0x0800043a   0x0800043a   0x00000020   Code   RO        12404    .text               mc_w.l(llushr.o)
    0x0800045a   0x0800045a   0x00000002   PAD
    0x0800045c   0x0800045c   0x00000024   Code   RO        12426    .text               mc_w.l(init.o)
    0x08000480   0x08000480   0x00000056   Code   RO        12472    .text               mc_w.l(__dczerorl2.o)
    0x080004d6   0x080004d6   0x00000004   Code   RO        11978    i.BusFault_Handler  at32f435_437_int.o
    0x080004da   0x080004da   0x00000002   Code   RO        11979    i.DebugMon_Handler  at32f435_437_int.o
    0x080004dc   0x080004dc   0x00000012   Code   RO        11980    i.EMAC_IRQHandler   at32f435_437_int.o
    0x080004ee   0x080004ee   0x00000004   Code   RO        11981    i.HardFault_Handler  at32f435_437_int.o
    0x080004f2   0x080004f2   0x00000004   Code   RO        11982    i.MemManage_Handler  at32f435_437_int.o
    0x080004f6   0x080004f6   0x00000002   Code   RO        11983    i.NMI_Handler       at32f435_437_int.o
    0x080004f8   0x080004f8   0x00000010   Code   RO        11850    i.OTGFS2_IRQHandler  main.o
    0x08000508   0x08000508   0x00000034   Code   RO         6673    i.SysTick_Handler   port.o
    0x0800053c   0x0800053c   0x00000090   Code   RO           13    i.SystemInit        system_at32f435_437.o
    0x080005cc   0x080005cc   0x00000004   Code   RO        11984    i.UsageFault_Handler  at32f435_437_int.o
    0x080005d0   0x080005d0   0x00000020   Code   RO        12327    i.__0printf$8       mc_w.l(printf8.o)
    0x080005f0   0x080005f0   0x00000004   Code   RO        11286    i.__aeabi_assert    portserial.o
    0x080005f4   0x080005f4   0x0000000e   Code   RO        12466    i.__scatterload_copy  mc_w.l(handlers.o)
    0x08000602   0x08000602   0x00000002   Code   RO        12467    i.__scatterload_null  mc_w.l(handlers.o)
    0x08000604   0x08000604   0x0000000e   Code   RO        12468    i.__scatterload_zeroinit  mc_w.l(handlers.o)
    0x08000612   0x08000612   0x00000002   PAD
    0x08000614   0x08000614   0x00000404   Code   RO        12334    i._printf_core      mc_w.l(printf8.o)
    0x08000a18   0x08000a18   0x00000024   Code   RO        12335    i._printf_post_padding  mc_w.l(printf8.o)
    0x08000a3c   0x08000a3c   0x0000002e   Code   RO        12336    i._printf_pre_padding  mc_w.l(printf8.o)
    0x08000a6a   0x08000a6a   0x00000002   PAD
    0x08000a6c   0x08000a6c   0x00000030   Code   RO          163    i.acc_calibration_mode_enable  at32f435_437_acc.o
    0x08000a9c   0x08000a9c   0x00000010   Code   RO          173    i.acc_sof_select    at32f435_437_acc.o
    0x08000aac   0x08000aac   0x0000000c   Code   RO          175    i.acc_write_c1      at32f435_437_acc.o
    0x08000ab8   0x08000ab8   0x0000000c   Code   RO          176    i.acc_write_c2      at32f435_437_acc.o
    0x08000ac4   0x08000ac4   0x0000000c   Code   RO          177    i.acc_write_c3      at32f435_437_acc.o
    0x08000ad0   0x08000ad0   0x00000020   Code   RO         8850    i.arp_timer         timers_1.o
    0x08000af0   0x08000af0   0x000000bc   Code   RO        10583    i.bot_cbw_decode    msc_bot_scsi.o
    0x08000bac   0x08000bac   0x00000012   Code   RO        10584    i.bot_scsi_allow_medium_removal  msc_bot_scsi.o
    0x08000bbe   0x08000bbe   0x00000096   Code   RO        10585    i.bot_scsi_capacity  msc_bot_scsi.o
    0x08000c54   0x08000c54   0x00000038   Code   RO        10586    i.bot_scsi_check_address  msc_bot_scsi.o
    0x08000c8c   0x08000c8c   0x00000042   Code   RO        10587    i.bot_scsi_clear_feature  msc_bot_scsi.o
    0x08000cce   0x08000cce   0x0000012c   Code   RO        10588    i.bot_scsi_cmd_process  msc_bot_scsi.o
    0x08000dfa   0x08000dfa   0x00000046   Code   RO        10589    i.bot_scsi_datain_handler  msc_bot_scsi.o
    0x08000e40   0x08000e40   0x0000003a   Code   RO        10590    i.bot_scsi_dataout_handler  msc_bot_scsi.o
    0x08000e7a   0x08000e7a   0x0000009a   Code   RO        10591    i.bot_scsi_format_capacity  msc_bot_scsi.o
    0x08000f14   0x08000f14   0x00000050   Code   RO        10592    i.bot_scsi_init     msc_bot_scsi.o
    0x08000f64   0x08000f64   0x00000060   Code   RO        10593    i.bot_scsi_inquiry  msc_bot_scsi.o
    0x08000fc4   0x08000fc4   0x00000030   Code   RO        10594    i.bot_scsi_mode_sense10  msc_bot_scsi.o
    0x08000ff4   0x08000ff4   0x00000030   Code   RO        10595    i.bot_scsi_mode_sense6  msc_bot_scsi.o
    0x08001024   0x08001024   0x0000013a   Code   RO        10596    i.bot_scsi_read10   msc_bot_scsi.o
    0x0800115e   0x0800115e   0x00000002   PAD
    0x08001160   0x08001160   0x00000040   Code   RO        10597    i.bot_scsi_request_sense  msc_bot_scsi.o
    0x080011a0   0x080011a0   0x00000032   Code   RO        10598    i.bot_scsi_reset    msc_bot_scsi.o
    0x080011d2   0x080011d2   0x00000002   PAD
    0x080011d4   0x080011d4   0x00000048   Code   RO        10599    i.bot_scsi_send_csw  msc_bot_scsi.o
    0x0800121c   0x0800121c   0x00000052   Code   RO        10600    i.bot_scsi_send_data  msc_bot_scsi.o
    0x0800126e   0x0800126e   0x00000002   PAD
    0x08001270   0x08001270   0x0000000c   Code   RO        10601    i.bot_scsi_sense_code  msc_bot_scsi.o
    0x0800127c   0x0800127c   0x00000048   Code   RO        10602    i.bot_scsi_stall    msc_bot_scsi.o
    0x080012c4   0x080012c4   0x00000012   Code   RO        10603    i.bot_scsi_start_stop  msc_bot_scsi.o
    0x080012d6   0x080012d6   0x00000030   Code   RO        10604    i.bot_scsi_test_unit  msc_bot_scsi.o
    0x08001306   0x08001306   0x00000074   Code   RO        10605    i.bot_scsi_verify   msc_bot_scsi.o
    0x0800137a   0x0800137a   0x0000016c   Code   RO        10606    i.bot_scsi_write10  msc_bot_scsi.o
    0x080014e6   0x080014e6   0x000000b6   Code   RO        10383    i.cdc_class_setup_handler  cdc_msc_class.o
    0x0800159c   0x0800159c   0x00000038   Code   RO        10384    i.cdc_struct_init   cdc_msc_class.o
    0x080015d4   0x080015d4   0x000000e0   Code   RO        10933    i.check_fs          ff.o
    0x080016b4   0x080016b4   0x00000034   Code   RO        10385    i.class_clear_handler  cdc_msc_class.o
    0x080016e8   0x080016e8   0x00000038   Code   RO        10386    i.class_ept0_rx_handler  cdc_msc_class.o
    0x08001720   0x08001720   0x00000006   Code   RO        10387    i.class_ept0_tx_handler  cdc_msc_class.o
    0x08001726   0x08001726   0x00000024   Code   RO        10388    i.class_event_handler  cdc_msc_class.o
    0x0800174a   0x0800174a   0x0000003e   Code   RO        10389    i.class_in_handler  cdc_msc_class.o
    0x08001788   0x08001788   0x00000068   Code   RO        10390    i.class_init_handler  cdc_msc_class.o
    0x080017f0   0x080017f0   0x00000042   Code   RO        10391    i.class_out_handler  cdc_msc_class.o
    0x08001832   0x08001832   0x00000056   Code   RO        10392    i.class_setup_handler  cdc_msc_class.o
    0x08001888   0x08001888   0x00000006   Code   RO        10393    i.class_sof_handler  cdc_msc_class.o
    0x0800188e   0x0800188e   0x00000002   PAD
    0x08001890   0x08001890   0x00000014   Code   RO          888    i.crm_ahb_div_set   at32f435_437_crm.o
    0x080018a4   0x080018a4   0x00000014   Code   RO          889    i.crm_apb1_div_set  at32f435_437_crm.o
    0x080018b8   0x080018b8   0x00000014   Code   RO          890    i.crm_apb2_div_set  at32f435_437_crm.o
    0x080018cc   0x080018cc   0x00000028   Code   RO          891    i.crm_auto_step_mode_enable  at32f435_437_crm.o
    0x080018f4   0x080018f4   0x00000044   Code   RO          893    i.crm_clkout_div_set  at32f435_437_crm.o
    0x08001938   0x08001938   0x00000014   Code   RO          896    i.crm_clock_out1_set  at32f435_437_crm.o
    0x0800194c   0x0800194c   0x00000068   Code   RO          898    i.crm_clock_source_enable  at32f435_437_crm.o
    0x080019b4   0x080019b4   0x00000110   Code   RO          899    i.crm_clocks_freq_get  at32f435_437_crm.o
    0x08001ac4   0x08001ac4   0x00000030   Code   RO          904    i.crm_flag_get      at32f435_437_crm.o
    0x08001af4   0x08001af4   0x0000002e   Code   RO          906    i.crm_hext_stable_wait  at32f435_437_crm.o
    0x08001b22   0x08001b22   0x00000002   PAD
    0x08001b24   0x08001b24   0x00000048   Code   RO          909    i.crm_hick_divider_select  at32f435_437_crm.o
    0x08001b6c   0x08001b6c   0x0000003c   Code   RO          910    i.crm_hick_sclk_frequency_select  at32f435_437_crm.o
    0x08001ba8   0x08001ba8   0x0000004c   Code   RO          914    i.crm_periph_clock_enable  at32f435_437_crm.o
    0x08001bf4   0x08001bf4   0x0000004c   Code   RO          916    i.crm_periph_reset  at32f435_437_crm.o
    0x08001c40   0x08001c40   0x00000044   Code   RO          917    i.crm_pll_config    at32f435_437_crm.o
    0x08001c84   0x08001c84   0x0000009c   Code   RO          919    i.crm_reset         at32f435_437_crm.o
    0x08001d20   0x08001d20   0x0000003c   Code   RO          920    i.crm_sysclk_switch  at32f435_437_crm.o
    0x08001d5c   0x08001d5c   0x00000010   Code   RO          921    i.crm_sysclk_switch_status_get  at32f435_437_crm.o
    0x08001d6c   0x08001d6c   0x00000014   Code   RO          922    i.crm_usb_clock_div_set  at32f435_437_crm.o
    0x08001d80   0x08001d80   0x00000020   Code   RO          923    i.crm_usb_clock_source_select  at32f435_437_crm.o
    0x08001da0   0x08001da0   0x00000078   Code   RO        11817    i.debug_uart_print_init  debug_usart.o
    0x08001e18   0x08001e18   0x000000a4   Code   RO         7663    i.dhcp_arp_reply    dhcp.o
    0x08001ebc   0x08001ebc   0x000001a8   Code   RO         7664    i.dhcp_bind         dhcp.o
    0x08002064   0x08002064   0x00000046   Code   RO         7665    i.dhcp_check        dhcp.o
    0x080020aa   0x080020aa   0x00000002   PAD
    0x080020ac   0x080020ac   0x00000050   Code   RO         7667    i.dhcp_coarse_tmr   dhcp.o
    0x080020fc   0x080020fc   0x00000318   Code   RO         7668    i.dhcp_create_msg   dhcp.o
    0x08002414   0x08002414   0x00000094   Code   RO         7669    i.dhcp_decline      dhcp.o
    0x080024a8   0x080024a8   0x00000158   Code   RO         7670    i.dhcp_delete_msg   dhcp.o
    0x08002600   0x08002600   0x000000e4   Code   RO         7671    i.dhcp_discover     dhcp.o
    0x080026e4   0x080026e4   0x00000048   Code   RO         7672    i.dhcp_fine_tmr     dhcp.o
    0x0800272c   0x0800272c   0x000000a8   Code   RO         7673    i.dhcp_handle_ack   dhcp.o
    0x080027d4   0x080027d4   0x0000003c   Code   RO         7674    i.dhcp_handle_nak   dhcp.o
    0x08002810   0x08002810   0x00000040   Code   RO         7675    i.dhcp_handle_offer  dhcp.o
    0x08002850   0x08002850   0x00000050   Code   RO         7677    i.dhcp_network_changed  dhcp.o
    0x080028a0   0x080028a0   0x00000090   Code   RO         7678    i.dhcp_option       dhcp.o
    0x08002930   0x08002930   0x000000b4   Code   RO         7679    i.dhcp_option_byte  dhcp.o
    0x080029e4   0x080029e4   0x000000e8   Code   RO         7680    i.dhcp_option_long  dhcp.o
    0x08002acc   0x08002acc   0x0000008c   Code   RO         7681    i.dhcp_option_short  dhcp.o
    0x08002b58   0x08002b58   0x0000019c   Code   RO         7682    i.dhcp_option_trailer  dhcp.o
    0x08002cf4   0x08002cf4   0x00000598   Code   RO         7683    i.dhcp_parse_reply  dhcp.o
    0x0800328c   0x0800328c   0x00000098   Code   RO         7684    i.dhcp_rebind       dhcp.o
    0x08003324   0x08003324   0x000000b8   Code   RO         7685    i.dhcp_reboot       dhcp.o
    0x080033dc   0x080033dc   0x000001a4   Code   RO         7686    i.dhcp_recv         dhcp.o
    0x08003580   0x08003580   0x000000b8   Code   RO         7687    i.dhcp_release      dhcp.o
    0x08003638   0x08003638   0x00000096   Code   RO         7688    i.dhcp_renew        dhcp.o
    0x080036ce   0x080036ce   0x00000002   PAD
    0x080036d0   0x080036d0   0x00000104   Code   RO         7689    i.dhcp_select       dhcp.o
    0x080037d4   0x080037d4   0x00000010   Code   RO         7690    i.dhcp_set_state    dhcp.o
    0x080037e4   0x080037e4   0x000001f0   Code   RO         7692    i.dhcp_start        dhcp.o
    0x080039d4   0x080039d4   0x00000110   Code   RO         7693    i.dhcp_stop         dhcp.o
    0x08003ae4   0x08003ae4   0x00000028   Code   RO         7694    i.dhcp_t1_timeout   dhcp.o
    0x08003b0c   0x08003b0c   0x00000028   Code   RO         7695    i.dhcp_t2_timeout   dhcp.o
    0x08003b34   0x08003b34   0x000000c4   Code   RO         7696    i.dhcp_timeout      dhcp.o
    0x08003bf8   0x08003bf8   0x00000020   Code   RO         8851    i.dhcp_timer_coarse  timers_1.o
    0x08003c18   0x08003c18   0x00000020   Code   RO         8852    i.dhcp_timer_fine   timers_1.o
    0x08003c38   0x08003c38   0x00000012   Code   RO        10873    i.disk_initialize   diskio.o
    0x08003c4a   0x08003c4a   0x00000028   Code   RO        10874    i.disk_ioctl        diskio.o
    0x08003c72   0x08003c72   0x0000002a   Code   RO        10875    i.disk_read         diskio.o
    0x08003c9c   0x08003c9c   0x0000000c   Code   RO        10876    i.disk_status       diskio.o
    0x08003ca8   0x08003ca8   0x0000002a   Code   RO        10877    i.disk_write        diskio.o
    0x08003cd2   0x08003cd2   0x0000000a   Code   RO         1291    i.dma_channel_enable  at32f435_437_dma.o
    0x08003cdc   0x08003cdc   0x00000018   Code   RO         1294    i.dma_default_para_init  at32f435_437_dma.o
    0x08003cf4   0x08003cf4   0x00000020   Code   RO         1295    i.dma_flag_clear    at32f435_437_dma.o
    0x08003d14   0x08003d14   0x0000002c   Code   RO         1296    i.dma_flag_get      at32f435_437_dma.o
    0x08003d40   0x08003d40   0x00000062   Code   RO         1298    i.dma_init          at32f435_437_dma.o
    0x08003da2   0x08003da2   0x00000002   PAD
    0x08003da4   0x08003da4   0x00000070   Code   RO         1301    i.dma_reset         at32f435_437_dma.o
    0x08003e14   0x08003e14   0x0000000e   Code   RO         1302    i.dmamux_enable     at32f435_437_dma.o
    0x08003e22   0x08003e22   0x0000000a   Code   RO         1309    i.dmamux_init       at32f435_437_dma.o
    0x08003e2c   0x08003e2c   0x00000016   Code   RO         7877    i.dns_check_entries  dns.o
    0x08003e42   0x08003e42   0x00000002   PAD
    0x08003e44   0x08003e44   0x000001b0   Code   RO         7878    i.dns_check_entry   dns.o
    0x08003ff4   0x08003ff4   0x0000003c   Code   RO         7879    i.dns_compare_name  dns.o
    0x08004030   0x08004030   0x000000ec   Code   RO         7880    i.dns_enqueue       dns.o
    0x0800411c   0x0800411c   0x00000084   Code   RO        11851    i.dns_found         main.o
    0x080041a0   0x080041a0   0x0000007c   Code   RO         7881    i.dns_gethostbyname  dns.o
    0x0800421c   0x0800421c   0x00000078   Code   RO         7883    i.dns_init          dns.o
    0x08004294   0x08004294   0x00000068   Code   RO         7884    i.dns_lookup        dns.o
    0x080042fc   0x080042fc   0x0000002a   Code   RO         7885    i.dns_parse_name    dns.o
    0x08004326   0x08004326   0x00000002   PAD
    0x08004328   0x08004328   0x00000188   Code   RO         7886    i.dns_recv          dns.o
    0x080044b0   0x080044b0   0x000001f0   Code   RO         7887    i.dns_send          dns.o
    0x080046a0   0x080046a0   0x00000024   Code   RO         7888    i.dns_setserver     dns.o
    0x080046c4   0x080046c4   0x000001b8   Code   RO        11852    i.dns_task_function  main.o
    0x0800487c   0x0800487c   0x00000020   Code   RO         8853    i.dns_timer         timers_1.o
    0x0800489c   0x0800489c   0x00000018   Code   RO         7889    i.dns_tmr           dns.o
    0x080048b4   0x080048b4   0x00000028   Code   RO        11542    i.eMBEnable         mb.o
    0x080048dc   0x080048dc   0x000000ae   Code   RO        11682    i.eMBFuncReadCoils  mbfunccoils.o
    0x0800498a   0x0800498a   0x000000ac   Code   RO        11709    i.eMBFuncReadDiscreteInputs  mbfuncdisc.o
    0x08004a36   0x08004a36   0x0000008e   Code   RO        11727    i.eMBFuncReadHoldingRegister  mbfuncholding.o
    0x08004ac4   0x08004ac4   0x0000008c   Code   RO        11757    i.eMBFuncReadInputRegister  mbfuncinput.o
    0x08004b50   0x08004b50   0x000000d4   Code   RO        11728    i.eMBFuncReadWriteMultipleHoldingRegister  mbfuncholding.o
    0x08004c24   0x08004c24   0x00000028   Code   RO        11769    i.eMBFuncReportSlaveID  mbfuncother.o
    0x08004c4c   0x08004c4c   0x00000070   Code   RO        11683    i.eMBFuncWriteCoil  mbfunccoils.o
    0x08004cbc   0x08004cbc   0x00000042   Code   RO        11729    i.eMBFuncWriteHoldingRegister  mbfuncholding.o
    0x08004cfe   0x08004cfe   0x00000090   Code   RO        11684    i.eMBFuncWriteMultipleCoils  mbfunccoils.o
    0x08004d8e   0x08004d8e   0x00000078   Code   RO        11730    i.eMBFuncWriteMultipleHoldingRegister  mbfuncholding.o
    0x08004e06   0x08004e06   0x00000002   PAD
    0x08004e08   0x08004e08   0x000000e4   Code   RO        11543    i.eMBInit           mb.o
    0x08004eec   0x08004eec   0x00000138   Code   RO        11544    i.eMBPoll           mb.o
    0x08005024   0x08005024   0x00000058   Code   RO        11617    i.eMBRTUInit        mbrtu.o
    0x0800507c   0x0800507c   0x000000a8   Code   RO        11618    i.eMBRTUReceive     mbrtu.o
    0x08005124   0x08005124   0x00000088   Code   RO        11619    i.eMBRTUSend        mbrtu.o
    0x080051ac   0x080051ac   0x0000001c   Code   RO        11620    i.eMBRTUStart       mbrtu.o
    0x080051c8   0x080051c8   0x00000010   Code   RO        11621    i.eMBRTUStop        mbrtu.o
    0x080051d8   0x080051d8   0x00000198   Code   RO        11439    i.eMBRegCoilsCB     mb_callback.o
    0x08005370   0x08005370   0x000000a8   Code   RO        11440    i.eMBRegDiscreteCB  mb_callback.o
    0x08005418   0x08005418   0x00000068   Code   RO        11441    i.eMBRegHoldingCB   mb_callback.o
    0x08005480   0x08005480   0x00000040   Code   RO        11442    i.eMBRegInputCB     mb_callback.o
    0x080054c0   0x080054c0   0x00000014   Code   RO         1892    i.emac_auto_pad_crc_stripping_set  at32f435_437_emac.o
    0x080054d4   0x080054d4   0x00000014   Code   RO         1893    i.emac_backoff_limit_set  at32f435_437_emac.o
    0x080054e8   0x080054e8   0x00000014   Code   RO         1895    i.emac_carrier_sense_disable  at32f435_437_emac.o
    0x080054fc   0x080054fc   0x000000c4   Code   RO         1896    i.emac_clock_range_set  at32f435_437_emac.o
    0x080055c0   0x080055c0   0x00000048   Code   RO         1897    i.emac_control_config  at32f435_437_emac.o
    0x08005608   0x08005608   0x00000020   Code   RO         1898    i.emac_control_para_init  at32f435_437_emac.o
    0x08005628   0x08005628   0x00000014   Code   RO         1899    i.emac_deferral_check_set  at32f435_437_emac.o
    0x0800563c   0x0800563c   0x00000028   Code   RO         1900    i.emac_delay        at32f435_437_emac.o
    0x08005664   0x08005664   0x000000f4   Code   RO         1905    i.emac_dma_config   at32f435_437_emac.o
    0x08005758   0x08005758   0x000000ac   Code   RO         1908    i.emac_dma_descriptor_list_address_set  at32f435_437_emac.o
    0x08005804   0x08005804   0x0000000c   Code   RO         1912    i.emac_dma_flag_clear  at32f435_437_emac.o
    0x08005810   0x08005810   0x00000014   Code   RO         1913    i.emac_dma_flag_get  at32f435_437_emac.o
    0x08005824   0x08005824   0x000000f4   Code   RO         1914    i.emac_dma_interrupt_enable  at32f435_437_emac.o
    0x08005918   0x08005918   0x000000c4   Code   RO         1917    i.emac_dma_operations_set  at32f435_437_emac.o
    0x080059dc   0x080059dc   0x0000002e   Code   RO         1918    i.emac_dma_para_init  at32f435_437_emac.o
    0x08005a0a   0x08005a0a   0x00000016   Code   RO         1923    i.emac_dma_rx_desc_interrupt_config  at32f435_437_emac.o
    0x08005a20   0x08005a20   0x00000018   Code   RO         1925    i.emac_dma_software_reset_get  at32f435_437_emac.o
    0x08005a38   0x08005a38   0x00000014   Code   RO         1926    i.emac_dma_software_reset_set  at32f435_437_emac.o
    0x08005a4c   0x08005a4c   0x0000000a   Code   RO         1930    i.emac_dmarxdesc_frame_length_get  at32f435_437_emac.o
    0x08005a56   0x08005a56   0x00000002   PAD
    0x08005a58   0x08005a58   0x00000014   Code   RO         1932    i.emac_duplex_mode_set  at32f435_437_emac.o
    0x08005a6c   0x08005a6c   0x00000014   Code   RO         1933    i.emac_fast_speed_set  at32f435_437_emac.o
    0x08005a80   0x08005a80   0x0000000c   Code   RO         9533    i.emac_getcurrenttxbuffer  ethernetif.o
    0x08005a8c   0x08005a8c   0x00000014   Code   RO         1941    i.emac_interframe_gap_set  at32f435_437_emac.o
    0x08005aa0   0x08005aa0   0x00000014   Code   RO         1944    i.emac_ipv4_checksum_offload_set  at32f435_437_emac.o
    0x08005ab4   0x08005ab4   0x00000014   Code   RO         1945    i.emac_jabber_disable  at32f435_437_emac.o
    0x08005ac8   0x08005ac8   0x000000a8   Code   RO         9831    i.emac_layer2_configuration  at32_emac_phy.o
    0x08005b70   0x08005b70   0x00000038   Code   RO         1946    i.emac_local_address_set  at32f435_437_emac.o
    0x08005ba8   0x08005ba8   0x00000014   Code   RO         1947    i.emac_loopback_mode_enable  at32f435_437_emac.o
    0x08005bbc   0x08005bbc   0x0000000e   Code   RO         9832    i.emac_nvic_configuration  at32_emac_phy.o
    0x08005bca   0x08005bca   0x0000001c   Code   RO         9833    i.emac_phy_init     at32_emac_phy.o
    0x08005be6   0x08005be6   0x00000002   PAD
    0x08005be8   0x08005be8   0x0000006c   Code   RO         1965    i.emac_phy_register_read  at32f435_437_emac.o
    0x08005c54   0x08005c54   0x00000068   Code   RO         9834    i.emac_phy_register_reset  at32_emac_phy.o
    0x08005cbc   0x08005cbc   0x0000006c   Code   RO         1966    i.emac_phy_register_write  at32f435_437_emac.o
    0x08005d28   0x08005d28   0x0000011c   Code   RO         9835    i.emac_pins_configuration  at32_emac_phy.o
    0x08005e44   0x08005e44   0x00000014   Code   RO         1999    i.emac_receive_own_disable  at32f435_437_emac.o
    0x08005e58   0x08005e58   0x00000048   Code   RO         2001    i.emac_received_packet_size_get  at32f435_437_emac.o
    0x08005ea0   0x08005ea0   0x0000002c   Code   RO         2003    i.emac_receiver_enable  at32f435_437_emac.o
    0x08005ecc   0x08005ecc   0x00000018   Code   RO         2004    i.emac_reset        at32f435_437_emac.o
    0x08005ee4   0x08005ee4   0x00000014   Code   RO         2005    i.emac_retry_disable  at32f435_437_emac.o
    0x08005ef8   0x08005ef8   0x000000a4   Code   RO         9534    i.emac_rxpkt_chainmode  ethernetif.o
    0x08005f9c   0x08005f9c   0x00000150   Code   RO         9836    i.emac_speed_config  at32_emac_phy.o
    0x080060ec   0x080060ec   0x00000028   Code   RO         2008    i.emac_start        at32f435_437_emac.o
    0x08006114   0x08006114   0x00000028   Code   RO         2009    i.emac_stop         at32f435_437_emac.o
    0x0800613c   0x0800613c   0x00000034   Code   RO         9837    i.emac_system_init  at32_emac_phy.o
    0x08006170   0x08006170   0x0000002c   Code   RO         2011    i.emac_trasmitter_enable  at32f435_437_emac.o
    0x0800619c   0x0800619c   0x00000028   Code   RO         9535    i.emac_tx_delay     ethernetif.o
    0x080061c4   0x080061c4   0x00000074   Code   RO         9536    i.emac_txpkt_chainmode  ethernetif.o
    0x08006238   0x08006238   0x00000014   Code   RO         2019    i.emac_watchdog_disable  at32f435_437_emac.o
    0x0800624c   0x0800624c   0x00000230   Code   RO         9416    i.etharp_arp_input  etharp.o
    0x0800647c   0x0800647c   0x00000038   Code   RO         9417    i.etharp_cleanup_netif  etharp.o
    0x080064b4   0x080064b4   0x00000308   Code   RO         9419    i.etharp_find_entry  etharp.o
    0x080067bc   0x080067bc   0x00000078   Code   RO         9420    i.etharp_free_entry  etharp.o
    0x08006834   0x08006834   0x00000224   Code   RO         9421    i.etharp_output     etharp.o
    0x08006a58   0x08006a58   0x00000108   Code   RO         9422    i.etharp_output_to_arp_index  etharp.o
    0x08006b60   0x08006b60   0x00000298   Code   RO         9423    i.etharp_query      etharp.o
    0x08006df8   0x08006df8   0x000001bc   Code   RO         9424    i.etharp_raw        etharp.o
    0x08006fb4   0x08006fb4   0x00000030   Code   RO         9426    i.etharp_request    etharp.o
    0x08006fe4   0x08006fe4   0x000000a4   Code   RO         9427    i.etharp_send_ip    etharp.o
    0x08007088   0x08007088   0x00000098   Code   RO         9428    i.etharp_tmr        etharp.o
    0x08007120   0x08007120   0x00000164   Code   RO         9429    i.etharp_update_arp_entry  etharp.o
    0x08007284   0x08007284   0x00000168   Code   RO         9430    i.ethernet_input    etharp.o
    0x080073ec   0x080073ec   0x000000b8   Code   RO         9537    i.ethernetif_init   ethernetif.o
    0x080074a4   0x080074a4   0x00000030   Code   RO         9538    i.ethernetif_input  ethernetif.o
    0x080074d4   0x080074d4   0x00000024   Code   RO         9838    i.ethernetif_notify_conn_changed  at32_emac_phy.o
    0x080074f8   0x080074f8   0x0000003c   Code   RO         9839    i.ethernetif_set_link  at32_emac_phy.o
    0x08007534   0x08007534   0x00000038   Code   RO         9840    i.ethernetif_update_config  at32_emac_phy.o
    0x0800756c   0x0800756c   0x00000060   Code   RO        10956    i.f_mount           ff.o
    0x080075cc   0x080075cc   0x00000078   Code   RO        10968    i.find_volume       ff.o
    0x08007644   0x08007644   0x00000034   Code   RO        11818    i.fputc             debug_usart.o
    0x08007678   0x08007678   0x00000040   Code   RO        10489    i.get_device_config_string  cdc_msc_desc.o
    0x080076b8   0x080076b8   0x00000008   Code   RO        10490    i.get_device_configuration  cdc_msc_desc.o
    0x080076c0   0x080076c0   0x00000008   Code   RO        10491    i.get_device_descriptor  cdc_msc_desc.o
    0x080076c8   0x080076c8   0x00000040   Code   RO        10492    i.get_device_interface_string  cdc_msc_desc.o
    0x08007708   0x08007708   0x00000008   Code   RO        10493    i.get_device_lang_id  cdc_msc_desc.o
    0x08007710   0x08007710   0x00000028   Code   RO        10494    i.get_device_manufacturer_string  cdc_msc_desc.o
    0x08007738   0x08007738   0x00000004   Code   RO        10495    i.get_device_other_speed  cdc_msc_desc.o
    0x0800773c   0x0800773c   0x00000040   Code   RO        10496    i.get_device_product_string  cdc_msc_desc.o
    0x0800777c   0x0800777c   0x00000004   Code   RO        10497    i.get_device_qualifier  cdc_msc_desc.o
    0x08007780   0x08007780   0x00000010   Code   RO        10498    i.get_device_serial_string  cdc_msc_desc.o
    0x08007790   0x08007790   0x0000001c   Code   RO        12049    i.get_inquiry       msc_diskio.o
    0x080077ac   0x080077ac   0x00000052   Code   RO        10972    i.get_ldnumber      ff.o
    0x080077fe   0x080077fe   0x00000002   PAD
    0x08007800   0x08007800   0x00000034   Code   RO        10499    i.get_serial_num    cdc_msc_desc.o
    0x08007834   0x08007834   0x00000004   Code   RO         3394    i.gpio_bits_reset   at32f435_437_gpio.o
    0x08007838   0x08007838   0x00000004   Code   RO         3395    i.gpio_bits_set     at32f435_437_gpio.o
    0x0800783c   0x0800783c   0x00000014   Code   RO         3398    i.gpio_default_para_init  at32f435_437_gpio.o
    0x08007850   0x08007850   0x0000007a   Code   RO         3399    i.gpio_init         at32f435_437_gpio.o
    0x080078ca   0x080078ca   0x00000042   Code   RO         3404    i.gpio_pin_mux_config  at32f435_437_gpio.o
    0x0800790c   0x0800790c   0x00000012   Code   RO         9065    i.icmp_dest_unreach  icmp.o
    0x0800791e   0x0800791e   0x00000002   PAD
    0x08007920   0x08007920   0x000003d4   Code   RO         9066    i.icmp_input        icmp.o
    0x08007cf4   0x08007cf4   0x0000012c   Code   RO         9067    i.icmp_send_response  icmp.o
    0x08007e20   0x08007e20   0x00000012   Code   RO         9068    i.icmp_time_exceeded  icmp.o
    0x08007e32   0x08007e32   0x0000002a   Code   RO         9096    i.igmp_delaying_member  igmp.o
    0x08007e5c   0x08007e5c   0x00000024   Code   RO         9098    i.igmp_init         igmp.o
    0x08007e80   0x08007e80   0x00000200   Code   RO         9099    i.igmp_input        igmp.o
    0x08008080   0x08008080   0x00000050   Code   RO         9100    i.igmp_ip_output_if  igmp.o
    0x080080d0   0x080080d0   0x0000002c   Code   RO         9103    i.igmp_lookfor_group  igmp.o
    0x080080fc   0x080080fc   0x00000058   Code   RO         9104    i.igmp_lookup_group  igmp.o
    0x08008154   0x08008154   0x00000028   Code   RO         9106    i.igmp_report_groups  igmp.o
    0x0800817c   0x0800817c   0x00000140   Code   RO         9107    i.igmp_send         igmp.o
    0x080082bc   0x080082bc   0x00000048   Code   RO         9108    i.igmp_start        igmp.o
    0x08008304   0x08008304   0x0000001e   Code   RO         9109    i.igmp_start_timer  igmp.o
    0x08008322   0x08008322   0x00000002   PAD
    0x08008324   0x08008324   0x00000034   Code   RO         9111    i.igmp_timeout      igmp.o
    0x08008358   0x08008358   0x0000001c   Code   RO         8854    i.igmp_timer        timers_1.o
    0x08008374   0x08008374   0x0000002c   Code   RO         9112    i.igmp_tmr          igmp.o
    0x080083a0   0x080083a0   0x00000010   Code   RO         9619    i.inHandlerMode     sys_arch.o
    0x080083b0   0x080083b0   0x00000014   Code   RO         9210    i.inet_chksum       inet_chksum.o
    0x080083c4   0x080083c4   0x00000056   Code   RO         9211    i.inet_chksum_pbuf  inet_chksum.o
    0x0800841a   0x0800841a   0x0000004e   Code   RO         9295    i.ip4_addr_isbroadcast  ip_addr.o
    0x08008468   0x08008468   0x00000244   Code   RO         9349    i.ip_frag           ip_frag.o
    0x080086ac   0x080086ac   0x0000000a   Code   RO         9350    i.ip_frag_alloc_pbuf_custom_ref  ip_frag.o
    0x080086b6   0x080086b6   0x00000002   PAD
    0x080086b8   0x080086b8   0x00000084   Code   RO         9351    i.ip_frag_free_pbuf_custom_ref  ip_frag.o
    0x0800873c   0x0800873c   0x000002b4   Code   RO         9247    i.ip_input          ip.o
    0x080089f0   0x080089f0   0x000000bc   Code   RO         9248    i.ip_output         ip.o
    0x08008aac   0x08008aac   0x00000034   Code   RO         9249    i.ip_output_if      ip.o
    0x08008ae0   0x08008ae0   0x00000240   Code   RO         9250    i.ip_output_if_opt  ip.o
    0x08008d20   0x08008d20   0x000001ec   Code   RO         9352    i.ip_reass          ip_frag.o
    0x08008f0c   0x08008f0c   0x00000330   Code   RO         9353    i.ip_reass_chain_frag_into_datagram_and_validate  ip_frag.o
    0x0800923c   0x0800923c   0x000000ac   Code   RO         9354    i.ip_reass_dequeue_datagram  ip_frag.o
    0x080092e8   0x080092e8   0x00000068   Code   RO         9355    i.ip_reass_enqueue_new_datagram  ip_frag.o
    0x08009350   0x08009350   0x000001e4   Code   RO         9356    i.ip_reass_free_complete_datagram  ip_frag.o
    0x08009534   0x08009534   0x0000007c   Code   RO         9357    i.ip_reass_remove_oldest_datagram  ip_frag.o
    0x080095b0   0x080095b0   0x00000020   Code   RO         8855    i.ip_reass_timer    timers_1.o
    0x080095d0   0x080095d0   0x0000003c   Code   RO         9358    i.ip_reass_tmr      ip_frag.o
    0x0800960c   0x0800960c   0x0000006c   Code   RO         9251    i.ip_route          ip.o
    0x08009678   0x08009678   0x00000018   Code   RO         9297    i.ipaddr_addr       ip_addr.o
    0x08009690   0x08009690   0x000001c8   Code   RO         9298    i.ipaddr_aton       ip_addr.o
    0x08009858   0x08009858   0x00000014   Code   RO         9299    i.ipaddr_ntoa       ip_addr.o
    0x0800986c   0x0800986c   0x000000a8   Code   RO         9300    i.ipaddr_ntoa_r     ip_addr.o
    0x08009914   0x08009914   0x000000bc   Code   RO         9359    i.ipfrag_free_pbuf_custom  ip_frag.o
    0x080099d0   0x080099d0   0x0000000c   Code   RO        10973    i.ld_16             ff.o
    0x080099dc   0x080099dc   0x00000018   Code   RO        10974    i.ld_32             ff.o
    0x080099f4   0x080099f4   0x0000001e   Code   RO         9841    i.link_update       at32_emac_phy.o
    0x08009a12   0x08009a12   0x00000002   PAD
    0x08009a14   0x08009a14   0x000000b0   Code   RO         9539    i.low_level_init    ethernetif.o
    0x08009ac4   0x08009ac4   0x0000007c   Code   RO         9540    i.low_level_input   ethernetif.o
    0x08009b40   0x08009b40   0x0000003a   Code   RO         9541    i.low_level_output  ethernetif.o
    0x08009b7a   0x08009b7a   0x0000001a   Code   RO         7631    i.lwip_htonl        def.o
    0x08009b94   0x08009b94   0x0000000c   Code   RO         7632    i.lwip_htons        def.o
    0x08009ba0   0x08009ba0   0x00000030   Code   RO         7956    i.lwip_init         init.o
    0x08009bd0   0x08009bd0   0x0000000c   Code   RO         7633    i.lwip_ntohl        def.o
    0x08009bdc   0x08009bdc   0x0000000c   Code   RO         7634    i.lwip_ntohs        def.o
    0x08009be8   0x08009be8   0x00000178   Code   RO         9927    i.lwip_periodic_handle  netconf.o
    0x08009d60   0x08009d60   0x00000010   Code   RO         9928    i.lwip_pkt_handle   netconf.o
    0x08009d70   0x08009d70   0x0000002c   Code   RO         9542    i.lwip_set_mac_address  ethernetif.o
    0x08009d9c   0x08009d9c   0x00000002   Code   RO         7374    i.lwip_socket_init  sockets.o
    0x08009d9e   0x08009d9e   0x0000005e   Code   RO         9214    i.lwip_standard_chksum  inet_chksum.o
    0x08009dfc   0x08009dfc   0x0000006c   Code   RO         8856    i.lwip_timeout_poll  timers_1.o
    0x08009e68   0x08009e68   0x00000114   Code   RO        11853    i.main              main.o
    0x08009f7c   0x08009f7c   0x0000001c   Code   RO        11287    i.mb_usb_rx_available  portserial.o
    0x08009f98   0x08009f98   0x00000064   Code   RO        11288    i.mb_usb_rx_data    portserial.o
    0x08009ffc   0x08009ffc   0x00000198   Code   RO         7993    i.mem_free          mem.o
    0x0800a194   0x0800a194   0x000000ec   Code   RO         7994    i.mem_init          mem.o
    0x0800a280   0x0800a280   0x00000304   Code   RO         7995    i.mem_malloc        mem.o
    0x0800a584   0x0800a584   0x00000228   Code   RO         7996    i.mem_trim          mem.o
    0x0800a7ac   0x0800a7ac   0x000000d0   Code   RO         8037    i.memp_free         memp.o
    0x0800a87c   0x0800a87c   0x00000090   Code   RO         8038    i.memp_init         memp.o
    0x0800a90c   0x0800a90c   0x00000178   Code   RO         8039    i.memp_malloc       memp.o
    0x0800aa84   0x0800aa84   0x000002f4   Code   RO        10976    i.mount_volume      ff.o
    0x0800ad78   0x0800ad78   0x00000034   Code   RO        10977    i.move_window       ff.o
    0x0800adac   0x0800adac   0x000000ec   Code   RO        10394    i.msc_class_setup_handler  cdc_msc_class.o
    0x0800ae98   0x0800ae98   0x00000020   Code   RO        12050    i.msc_disk_capacity  msc_diskio.o
    0x0800aeb8   0x0800aeb8   0x0000002e   Code   RO        12051    i.msc_disk_read     msc_diskio.o
    0x0800aee6   0x0800aee6   0x00000062   Code   RO        12052    i.msc_disk_write    msc_diskio.o
    0x0800af48   0x0800af48   0x00000114   Code   RO         8081    i.netif_add         netif.o
    0x0800b05c   0x0800b05c   0x00000040   Code   RO         8083    i.netif_init        netif.o
    0x0800b09c   0x0800b09c   0x00000134   Code   RO         8084    i.netif_loop_output  netif.o
    0x0800b1d0   0x0800b1d0   0x0000001c   Code   RO         8085    i.netif_loopif_init  netif.o
    0x0800b1ec   0x0800b1ec   0x0000014c   Code   RO         8086    i.netif_poll        netif.o
    0x0800b338   0x0800b338   0x00000028   Code   RO         8088    i.netif_set_addr    netif.o
    0x0800b360   0x0800b360   0x00000010   Code   RO         8089    i.netif_set_default  netif.o
    0x0800b370   0x0800b370   0x0000002a   Code   RO         8090    i.netif_set_down    netif.o
    0x0800b39a   0x0800b39a   0x00000010   Code   RO         8091    i.netif_set_gw      netif.o
    0x0800b3aa   0x0800b3aa   0x00000002   PAD
    0x0800b3ac   0x0800b3ac   0x00000084   Code   RO         8092    i.netif_set_ipaddr  netif.o
    0x0800b430   0x0800b430   0x00000006   Code   RO         8093    i.netif_set_link_callback  netif.o
    0x0800b436   0x0800b436   0x0000002a   Code   RO         8094    i.netif_set_link_down  netif.o
    0x0800b460   0x0800b460   0x00000060   Code   RO         8095    i.netif_set_link_up  netif.o
    0x0800b4c0   0x0800b4c0   0x00000010   Code   RO         8096    i.netif_set_netmask  netif.o
    0x0800b4d0   0x0800b4d0   0x00000046   Code   RO         8097    i.netif_set_up      netif.o
    0x0800b516   0x0800b516   0x00000002   PAD
    0x0800b518   0x0800b518   0x00000084   Code   RO        11854    i.network_task_function  main.o
    0x0800b59c   0x0800b59c   0x000000c8   Code   RO         3767    i.nvic_irq_enable   at32f435_437_misc.o
    0x0800b664   0x0800b664   0x00000028   Code   RO         3769    i.nvic_priority_group_config  at32f435_437_misc.o
    0x0800b68c   0x0800b68c   0x0000045c   Code   RO         8218    i.pbuf_alloc        pbuf.o
    0x0800bae8   0x0800bae8   0x00000100   Code   RO         8219    i.pbuf_alloced_custom  pbuf.o
    0x0800bbe8   0x0800bbe8   0x00000174   Code   RO         8220    i.pbuf_cat          pbuf.o
    0x0800bd5c   0x0800bd5c   0x0000001a   Code   RO         8221    i.pbuf_chain        pbuf.o
    0x0800bd76   0x0800bd76   0x00000012   Code   RO         8222    i.pbuf_clen         pbuf.o
    0x0800bd88   0x0800bd88   0x00000274   Code   RO         8224    i.pbuf_copy         pbuf.o
    0x0800bffc   0x0800bffc   0x00000148   Code   RO         8225    i.pbuf_copy_partial  pbuf.o
    0x0800c144   0x0800c144   0x000001d0   Code   RO         8227    i.pbuf_free         pbuf.o
    0x0800c314   0x0800c314   0x00000040   Code   RO         8228    i.pbuf_free_ooseq   pbuf.o
    0x0800c354   0x0800c354   0x0000000a   Code   RO         8229    i.pbuf_free_ooseq_callback  pbuf.o
    0x0800c35e   0x0800c35e   0x00000002   PAD
    0x0800c360   0x0800c360   0x00000184   Code   RO         8231    i.pbuf_header       pbuf.o
    0x0800c4e4   0x0800c4e4   0x00000048   Code   RO         8234    i.pbuf_pool_is_empty  pbuf.o
    0x0800c52c   0x0800c52c   0x000001dc   Code   RO         8235    i.pbuf_realloc      pbuf.o
    0x0800c708   0x0800c708   0x0000001a   Code   RO         8236    i.pbuf_ref          pbuf.o
    0x0800c722   0x0800c722   0x00000002   PAD
    0x0800c724   0x0800c724   0x000001c0   Code   RO         7997    i.plug_holes        mem.o
    0x0800c8e4   0x0800c8e4   0x00000098   Code   RO         6199    i.prvAddCurrentTaskToDelayedList  tasks.o
    0x0800c97c   0x0800c97c   0x000000b4   Code   RO         6200    i.prvAddNewTaskToReadyList  tasks.o
    0x0800ca30   0x0800ca30   0x0000004c   Code   RO         6524    i.prvCheckForValidListAndQueue  timers.o
    0x0800ca7c   0x0800ca7c   0x00000048   Code   RO         6201    i.prvCheckTasksWaitingTermination  tasks.o
    0x0800cac4   0x0800cac4   0x0000002a   Code   RO         5875    i.prvCopyDataFromQueue  queue.o
    0x0800caee   0x0800caee   0x0000007e   Code   RO         5876    i.prvCopyDataToQueue  queue.o
    0x0800cb6c   0x0800cb6c   0x00000012   Code   RO         6202    i.prvDeleteTCB      tasks.o
    0x0800cb7e   0x0800cb7e   0x00000014   Code   RO         5877    i.prvGetDisinheritPriorityAfterTimeout  queue.o
    0x0800cb92   0x0800cb92   0x00000002   PAD
    0x0800cb94   0x0800cb94   0x00000028   Code   RO         6525    i.prvGetNextExpireTime  timers.o
    0x0800cbbc   0x0800cbbc   0x0000007c   Code   RO         6749    i.prvHeapInit       heap_4.o
    0x0800cc38   0x0800cc38   0x00000028   Code   RO         6203    i.prvIdleTask       tasks.o
    0x0800cc60   0x0800cc60   0x0000001e   Code   RO         5878    i.prvInitialiseMutex  queue.o
    0x0800cc7e   0x0800cc7e   0x00000026   Code   RO         5879    i.prvInitialiseNewQueue  queue.o
    0x0800cca4   0x0800cca4   0x000000b4   Code   RO         6204    i.prvInitialiseNewTask  tasks.o
    0x0800cd58   0x0800cd58   0x0000005a   Code   RO         6526    i.prvInitialiseNewTimer  timers.o
    0x0800cdb2   0x0800cdb2   0x00000002   PAD
    0x0800cdb4   0x0800cdb4   0x00000068   Code   RO         6205    i.prvInitialiseTaskLists  tasks.o
    0x0800ce1c   0x0800ce1c   0x00000068   Code   RO         6750    i.prvInsertBlockIntoFreeList  heap_4.o
    0x0800ce84   0x0800ce84   0x00000058   Code   RO         6527    i.prvInsertTimerInActiveList  timers.o
    0x0800cedc   0x0800cedc   0x0000001a   Code   RO         5880    i.prvIsQueueEmpty   queue.o
    0x0800cef6   0x0800cef6   0x0000001e   Code   RO         5881    i.prvIsQueueFull    queue.o
    0x0800cf14   0x0800cf14   0x00000074   Code   RO         6528    i.prvProcessExpiredTimer  timers.o
    0x0800cf88   0x0800cf88   0x00000138   Code   RO         6529    i.prvProcessReceivedCommands  timers.o
    0x0800d0c0   0x0800d0c0   0x00000074   Code   RO         6530    i.prvProcessTimerOrBlockTask  timers.o
    0x0800d134   0x0800d134   0x00000030   Code   RO         6206    i.prvResetNextTaskUnblockTime  tasks.o
    0x0800d164   0x0800d164   0x0000002c   Code   RO         6531    i.prvSampleTimeNow  timers.o
    0x0800d190   0x0800d190   0x000000a4   Code   RO         6532    i.prvSwitchTimerLists  timers.o
    0x0800d234   0x0800d234   0x00000040   Code   RO         6674    i.prvTaskExitError  port.o
    0x0800d274   0x0800d274   0x0000001a   Code   RO         6533    i.prvTimerTask      timers.o
    0x0800d28e   0x0800d28e   0x0000007e   Code   RO         5882    i.prvUnlockQueue    queue.o
    0x0800d30c   0x0800d30c   0x00000022   Code   RO        11790    i.prveMBError2Exception  mbutils.o
    0x0800d32e   0x0800d32e   0x00000002   PAD
    0x0800d330   0x0800d330   0x0000016c   Code   RO         6751    i.pvPortMalloc      heap_4.o
    0x0800d49c   0x0800d49c   0x00000020   Code   RO         6208    i.pvTaskIncrementMutexHeldCount  tasks.o
    0x0800d4bc   0x0800d4bc   0x0000002c   Code   RO         6675    i.pxPortInitialiseStack  port.o
    0x0800d4e8   0x0800d4e8   0x00000074   Code   RO         8364    i.raw_input         raw.o
    0x0800d55c   0x0800d55c   0x00000058   Code   RO         9842    i.reset_phy         at32_emac_phy.o
    0x0800d5b4   0x0800d5b4   0x00000014   Code   RO         4070    i.scfg_emac_interface_set  at32f435_437_scfg.o
    0x0800d5c8   0x0800d5c8   0x00000016   Code   RO         4330    i.spi_default_para_init  at32f435_437_spi.o
    0x0800d5de   0x0800d5de   0x0000000a   Code   RO         4331    i.spi_enable        at32f435_437_spi.o
    0x0800d5e8   0x0800d5e8   0x0000000a   Code   RO         4337    i.spi_i2s_dma_receiver_enable  at32f435_437_spi.o
    0x0800d5f2   0x0800d5f2   0x0000000a   Code   RO         4338    i.spi_i2s_dma_transmitter_enable  at32f435_437_spi.o
    0x0800d5fc   0x0800d5fc   0x00000010   Code   RO         4340    i.spi_i2s_flag_get  at32f435_437_spi.o
    0x0800d60c   0x0800d60c   0x00000158   Code   RO         4344    i.spi_init          at32f435_437_spi.o
    0x0800d764   0x0800d764   0x000000a4   Code   RO        10760    i.spi_tranrecv_buf  spi_tranrecv.o
    0x0800d808   0x0800d808   0x00000010   Code   RO        10761    i.spi_tranrecv_cs_high  spi_tranrecv.o
    0x0800d818   0x0800d818   0x00000010   Code   RO        10762    i.spi_tranrecv_cs_low  spi_tranrecv.o
    0x0800d828   0x0800d828   0x000001b0   Code   RO        10763    i.spi_tranrecv_init  spi_tranrecv.o
    0x0800d9d8   0x0800d9d8   0x00000040   Code   RO         8418    i.stats_init        stats.o
    0x0800da18   0x0800da18   0x0000004a   Code   RO        10984    i.sync_window       ff.o
    0x0800da62   0x0800da62   0x00000002   PAD
    0x0800da64   0x0800da64   0x000000ec   Code   RO         9620    i.sys_arch_mbox_fetch  sys_arch.o
    0x0800db50   0x0800db50   0x00000016   Code   RO         9622    i.sys_arch_protect  sys_arch.o
    0x0800db66   0x0800db66   0x0000000c   Code   RO         9624    i.sys_arch_unprotect  sys_arch.o
    0x0800db72   0x0800db72   0x00000002   PAD
    0x0800db74   0x0800db74   0x00000014   Code   RO         9626    i.sys_init          sys_arch.o
    0x0800db88   0x0800db88   0x00000020   Code   RO         9629    i.sys_mbox_new      sys_arch.o
    0x0800dba8   0x0800dba8   0x00000050   Code   RO         9630    i.sys_mbox_post     sys_arch.o
    0x0800dbf8   0x0800dbf8   0x00000060   Code   RO         9632    i.sys_mbox_trypost  sys_arch.o
    0x0800dc58   0x0800dc58   0x0000000e   Code   RO         9634    i.sys_mbox_valid    sys_arch.o
    0x0800dc66   0x0800dc66   0x00000002   PAD
    0x0800dc68   0x0800dc68   0x00000040   Code   RO         9636    i.sys_mutex_lock    sys_arch.o
    0x0800dca8   0x0800dca8   0x0000001a   Code   RO         9637    i.sys_mutex_new     sys_arch.o
    0x0800dcc2   0x0800dcc2   0x00000002   PAD
    0x0800dcc4   0x0800dcc4   0x00000040   Code   RO         9639    i.sys_mutex_unlock  sys_arch.o
    0x0800dd04   0x0800dd04   0x00000008   Code   RO         9640    i.sys_now           sys_arch.o
    0x0800dd0c   0x0800dd0c   0x00000040   Code   RO         9646    i.sys_thread_new    sys_arch.o
    0x0800dd4c   0x0800dd4c   0x0000013c   Code   RO         8857    i.sys_timeout       timers_1.o
    0x0800de88   0x0800de88   0x00000070   Code   RO         8858    i.sys_timeouts_init  timers_1.o
    0x0800def8   0x0800def8   0x00000088   Code   RO         8859    i.sys_timeouts_mbox_fetch  timers_1.o
    0x0800df80   0x0800df80   0x00000060   Code   RO         8860    i.sys_untimeout     timers_1.o
    0x0800dfe0   0x0800dfe0   0x0000009c   Code   RO        11954    i.system_clock_config  at32f435_437_clock.o
    0x0800e07c   0x0800e07c   0x000000f0   Code   RO           14    i.system_core_clock_update  system_at32f435_437.o
    0x0800e16c   0x0800e16c   0x00000134   Code   RO         8456    i.tcp_abandon       tcp.o
    0x0800e2a0   0x0800e2a0   0x0000000e   Code   RO         8457    i.tcp_abort         tcp.o
    0x0800e2ae   0x0800e2ae   0x00000002   PAD
    0x0800e2b0   0x0800e2b0   0x000000e8   Code   RO         8460    i.tcp_alloc         tcp.o
    0x0800e398   0x0800e398   0x0000001c   Code   RO         8463    i.tcp_close         tcp.o
    0x0800e3b4   0x0800e3b4   0x00000240   Code   RO         8464    i.tcp_close_shutdown  tcp.o
    0x0800e5f4   0x0800e5f4   0x000000cc   Code   RO         8750    i.tcp_create_segment  tcp_out.o
    0x0800e6c0   0x0800e6c0   0x0000002e   Code   RO         8467    i.tcp_eff_send_mss  tcp.o
    0x0800e6ee   0x0800e6ee   0x00000002   PAD
    0x0800e6f0   0x0800e6f0   0x000002fc   Code   RO         8751    i.tcp_enqueue_flags  tcp_out.o
    0x0800e9ec   0x0800e9ec   0x00000080   Code   RO         8469    i.tcp_fasttmr       tcp.o
    0x0800ea6c   0x0800ea6c   0x00000002   Code   RO         8470    i.tcp_init          tcp.o
    0x0800ea6e   0x0800ea6e   0x00000002   PAD
    0x0800ea70   0x0800ea70   0x00000770   Code   RO         8694    i.tcp_input         tcp_in.o
    0x0800f1e0   0x0800f1e0   0x00000068   Code   RO         8752    i.tcp_keepalive     tcp_out.o
    0x0800f248   0x0800f248   0x00000058   Code   RO         8471    i.tcp_kill_prio     tcp.o
    0x0800f2a0   0x0800f2a0   0x00000040   Code   RO         8472    i.tcp_kill_timewait  tcp.o
    0x0800f2e0   0x0800f2e0   0x00000150   Code   RO         8695    i.tcp_listen_input  tcp_in.o
    0x0800f430   0x0800f430   0x0000001c   Code   RO         8476    i.tcp_next_iss      tcp.o
    0x0800f44c   0x0800f44c   0x00000090   Code   RO         8696    i.tcp_oos_insert_segment  tcp_in.o
    0x0800f4dc   0x0800f4dc   0x00000280   Code   RO         8753    i.tcp_output        tcp_out.o
    0x0800f75c   0x0800f75c   0x0000010c   Code   RO         8754    i.tcp_output_alloc_header  tcp_out.o
    0x0800f868   0x0800f868   0x000000e8   Code   RO         8755    i.tcp_output_segment  tcp_out.o
    0x0800f950   0x0800f950   0x000000d0   Code   RO         8697    i.tcp_parseopt      tcp_in.o
    0x0800fa20   0x0800fa20   0x0000006a   Code   RO         8477    i.tcp_pcb_purge     tcp.o
    0x0800fa8a   0x0800fa8a   0x00000002   PAD
    0x0800fa8c   0x0800fa8c   0x00000178   Code   RO         8478    i.tcp_pcb_remove    tcp.o
    0x0800fc04   0x0800fc04   0x0000069c   Code   RO         8698    i.tcp_process       tcp_in.o
    0x080102a0   0x080102a0   0x00000098   Code   RO         8480    i.tcp_process_refused_data  tcp.o
    0x08010338   0x08010338   0x00000e3c   Code   RO         8699    i.tcp_receive       tcp_in.o
    0x08011174   0x08011174   0x0000002e   Code   RO         8482    i.tcp_recv_null     tcp.o
    0x080111a2   0x080111a2   0x00000002   PAD
    0x080111a4   0x080111a4   0x00000118   Code   RO         8483    i.tcp_recved        tcp.o
    0x080112bc   0x080112bc   0x0000005a   Code   RO         8757    i.tcp_rexmit        tcp_out.o
    0x08011316   0x08011316   0x00000078   Code   RO         8758    i.tcp_rexmit_fast   tcp_out.o
    0x0801138e   0x0801138e   0x0000003a   Code   RO         8759    i.tcp_rexmit_rto    tcp_out.o
    0x080113c8   0x080113c8   0x00000128   Code   RO         8760    i.tcp_rst           tcp_out.o
    0x080114f0   0x080114f0   0x00000026   Code   RO         8484    i.tcp_seg_copy      tcp.o
    0x08011516   0x08011516   0x0000001a   Code   RO         8485    i.tcp_seg_free      tcp.o
    0x08011530   0x08011530   0x00000018   Code   RO         8486    i.tcp_segs_free     tcp.o
    0x08011548   0x08011548   0x00000056   Code   RO         8761    i.tcp_send_empty_ack  tcp_out.o
    0x0801159e   0x0801159e   0x0000004a   Code   RO         8762    i.tcp_send_fin      tcp_out.o
    0x080115e8   0x080115e8   0x00000648   Code   RO         8490    i.tcp_slowtmr       tcp.o
    0x08011c30   0x08011c30   0x00000038   Code   RO         8861    i.tcp_timer_needed  timers_1.o
    0x08011c68   0x08011c68   0x000000ac   Code   RO         8700    i.tcp_timewait_input  tcp_in.o
    0x08011d14   0x08011d14   0x00000024   Code   RO         8491    i.tcp_tmr           tcp.o
    0x08011d38   0x08011d38   0x000000c8   Code   RO         8492    i.tcp_update_rcv_ann_wnd  tcp.o
    0x08011e00   0x08011e00   0x000000c8   Code   RO         8765    i.tcp_zero_window_probe  tcp_out.o
    0x08011ec8   0x08011ec8   0x00000060   Code   RO         7532    i.tcpip_callback_with_block  tcpip.o
    0x08011f28   0x08011f28   0x000000d4   Code   RO         7535    i.tcpip_init        tcpip.o
    0x08011ffc   0x08011ffc   0x0000004c   Code   RO         7536    i.tcpip_input       tcpip.o
    0x08012048   0x08012048   0x000000f8   Code   RO         9929    i.tcpip_stack_init  netconf.o
    0x08012140   0x08012140   0x00000038   Code   RO         8862    i.tcpip_tcp_timer   timers_1.o
    0x08012178   0x08012178   0x0000015c   Code   RO         7537    i.tcpip_thread      tcpip.o
    0x080122d4   0x080122d4   0x00000100   Code   RO         8963    i.udp_bind          udp.o
    0x080123d4   0x080123d4   0x00000068   Code   RO         8964    i.udp_connect       udp.o
    0x0801243c   0x0801243c   0x00000002   Code   RO         8966    i.udp_init          udp.o
    0x0801243e   0x0801243e   0x00000002   PAD
    0x08012440   0x08012440   0x00000300   Code   RO         8967    i.udp_input         udp.o
    0x08012740   0x08012740   0x0000001c   Code   RO         8968    i.udp_new           udp.o
    0x0801275c   0x0801275c   0x00000058   Code   RO         8969    i.udp_new_port      udp.o
    0x080127b4   0x080127b4   0x00000006   Code   RO         8970    i.udp_recv          udp.o
    0x080127ba   0x080127ba   0x00000002   PAD
    0x080127bc   0x080127bc   0x00000040   Code   RO         8971    i.udp_remove        udp.o
    0x080127fc   0x080127fc   0x0000005c   Code   RO         8973    i.udp_sendto        udp.o
    0x08012858   0x08012858   0x000001ac   Code   RO         8974    i.udp_sendto_if     udp.o
    0x08012a04   0x08012a04   0x00000038   Code   RO        11603    i.usMBCRC16         mbcrc.o
    0x08012a3c   0x08012a3c   0x00000008   Code   RO         4861    i.usart_data_transmit  at32f435_437_usart.o
    0x08012a44   0x08012a44   0x0000000a   Code   RO         4865    i.usart_enable      at32f435_437_usart.o
    0x08012a4e   0x08012a4e   0x00000010   Code   RO         4867    i.usart_flag_get    at32f435_437_usart.o
    0x08012a5e   0x08012a5e   0x00000002   PAD
    0x08012a60   0x08012a60   0x000000ac   Code   RO         4870    i.usart_init        at32f435_437_usart.o
    0x08012b0c   0x08012b0c   0x0000000a   Code   RO         4888    i.usart_transmitter_enable  at32f435_437_usart.o
    0x08012b16   0x08012b16   0x00000002   PAD
    0x08012b18   0x08012b18   0x0000011c   Code   RO        11855    i.usb_clock48m_select  main.o
    0x08012c34   0x08012c34   0x00000012   Code   RO         5084    i.usb_connect       at32f435_437_usb.o
    0x08012c46   0x08012c46   0x00000042   Code   RO         9983    i.usb_core_config   usb_core.o
    0x08012c88   0x08012c88   0x00000014   Code   RO         5085    i.usb_disconnect    at32f435_437_usb.o
    0x08012c9c   0x08012c9c   0x00000022   Code   RO         5086    i.usb_ept0_setup    at32f435_437_usb.o
    0x08012cbe   0x08012cbe   0x0000002c   Code   RO         5087    i.usb_ept0_start    at32f435_437_usb.o
    0x08012cea   0x08012cea   0x00000092   Code   RO         5088    i.usb_ept_clear_stall  at32f435_437_usb.o
    0x08012d7c   0x08012d7c   0x00000102   Code   RO         5089    i.usb_ept_close     at32f435_437_usb.o
    0x08012e7e   0x08012e7e   0x000000fa   Code   RO        10029    i.usb_ept_default_init  usbd_core.o
    0x08012f78   0x08012f78   0x0000000c   Code   RO         5090    i.usb_ept_in_clear  at32f435_437_usb.o
    0x08012f84   0x08012f84   0x0000002c   Code   RO         5091    i.usb_ept_in_interrupt  at32f435_437_usb.o
    0x08012fb0   0x08012fb0   0x000001b6   Code   RO         5092    i.usb_ept_open      at32f435_437_usb.o
    0x08013166   0x08013166   0x0000000c   Code   RO         5093    i.usb_ept_out_clear  at32f435_437_usb.o
    0x08013172   0x08013172   0x00000016   Code   RO         5094    i.usb_ept_out_interrupt  at32f435_437_usb.o
    0x08013188   0x08013188   0x00000092   Code   RO         5095    i.usb_ept_stall     at32f435_437_usb.o
    0x0801321a   0x0801321a   0x00000002   PAD
    0x0801321c   0x0801321c   0x0000002c   Code   RO         5096    i.usb_flush_rx_fifo  at32f435_437_usb.o
    0x08013248   0x08013248   0x00000038   Code   RO         5097    i.usb_flush_tx_fifo  at32f435_437_usb.o
    0x08013280   0x08013280   0x00000012   Code   RO         5098    i.usb_get_all_in_interrupt  at32f435_437_usb.o
    0x08013292   0x08013292   0x00000012   Code   RO         5099    i.usb_get_all_out_interrupt  at32f435_437_usb.o
    0x080132a4   0x080132a4   0x00000004   Code   RO         5100    i.usb_global_clear_interrupt  at32f435_437_usb.o
    0x080132a8   0x080132a8   0x0000000a   Code   RO         5101    i.usb_global_get_all_interrupt  at32f435_437_usb.o
    0x080132b2   0x080132b2   0x00000018   Code   RO         5102    i.usb_global_init   at32f435_437_usb.o
    0x080132ca   0x080132ca   0x00000014   Code   RO         5103    i.usb_global_interrupt_enable  at32f435_437_usb.o
    0x080132de   0x080132de   0x00000002   PAD
    0x080132e0   0x080132e0   0x0000004c   Code   RO         5105    i.usb_global_reset  at32f435_437_usb.o
    0x0801332c   0x0801332c   0x00000014   Code   RO         5106    i.usb_global_select_core  at32f435_437_usb.o
    0x08013340   0x08013340   0x00000044   Code   RO         5107    i.usb_global_set_mode  at32f435_437_usb.o
    0x08013384   0x08013384   0x00000054   Code   RO        11857    i.usb_gpio_config   main.o
    0x080133d8   0x080133d8   0x0000000a   Code   RO         5112    i.usb_interrupt_disable  at32f435_437_usb.o
    0x080133e2   0x080133e2   0x0000000c   Code   RO         5113    i.usb_interrupt_enable  at32f435_437_usb.o
    0x080133ee   0x080133ee   0x0000000e   Code   RO         5114    i.usb_open_phy_clk  at32f435_437_usb.o
    0x080133fc   0x080133fc   0x0000002a   Code   RO         5116    i.usb_read_packet   at32f435_437_usb.o
    0x08013426   0x08013426   0x0000000e   Code   RO         5119    i.usb_set_address   at32f435_437_usb.o
    0x08013434   0x08013434   0x00000004   Code   RO         5120    i.usb_set_rx_fifo   at32f435_437_usb.o
    0x08013438   0x08013438   0x00000042   Code   RO         5121    i.usb_set_tx_fifo   at32f435_437_usb.o
    0x0801347a   0x0801347a   0x00000010   Code   RO         5122    i.usb_stop_phy_clk  at32f435_437_usb.o
    0x0801348a   0x0801348a   0x0000000e   Code   RO         5123    i.usb_suspend_status_get  at32f435_437_usb.o
    0x08013498   0x08013498   0x0000011c   Code   RO        11858    i.usb_task_function  main.o
    0x080135b4   0x080135b4   0x00000074   Code   RO        10395    i.usb_vcp_cmd_process  cdc_msc_class.o
    0x08013628   0x08013628   0x00000050   Code   RO        10396    i.usb_vcp_get_rxdata  cdc_msc_class.o
    0x08013678   0x08013678   0x0000003a   Code   RO        10397    i.usb_vcp_send_data  cdc_msc_class.o
    0x080136b2   0x080136b2   0x00000098   Code   RO        10206    i.usb_write_empty_txfifo  usbd_int.o
    0x0801374a   0x0801374a   0x00000030   Code   RO         5124    i.usb_write_packet  at32f435_437_usb.o
    0x0801377a   0x0801377a   0x00000054   Code   RO        10305    i.usbd_clear_feature  usbd_sdr.o
    0x080137ce   0x080137ce   0x0000004a   Code   RO        10030    i.usbd_clear_stall  usbd_core.o
    0x08013818   0x08013818   0x0000000c   Code   RO        10031    i.usbd_connect      usbd_core.o
    0x08013824   0x08013824   0x000000c2   Code   RO        10033    i.usbd_core_in_handler  usbd_core.o
    0x080138e6   0x080138e6   0x00000002   PAD
    0x080138e8   0x080138e8   0x00000158   Code   RO        10034    i.usbd_core_init    usbd_core.o
    0x08013a40   0x08013a40   0x00000080   Code   RO        10035    i.usbd_core_out_handler  usbd_core.o
    0x08013ac0   0x08013ac0   0x0000005a   Code   RO        10036    i.usbd_core_setup_handler  usbd_core.o
    0x08013b1a   0x08013b1a   0x00000024   Code   RO        10037    i.usbd_ctrl_recv    usbd_core.o
    0x08013b3e   0x08013b3e   0x00000018   Code   RO        10038    i.usbd_ctrl_recv_status  usbd_core.o
    0x08013b56   0x08013b56   0x00000028   Code   RO        10039    i.usbd_ctrl_send    usbd_core.o
    0x08013b7e   0x08013b7e   0x00000018   Code   RO        10040    i.usbd_ctrl_send_status  usbd_core.o
    0x08013b96   0x08013b96   0x00000016   Code   RO        10041    i.usbd_ctrl_unsupport  usbd_core.o
    0x08013bac   0x08013bac   0x00000080   Code   RO        10306    i.usbd_device_request  usbd_sdr.o
    0x08013c2c   0x08013c2c   0x0000000c   Code   RO        10042    i.usbd_disconnect   usbd_core.o
    0x08013c38   0x08013c38   0x0000019e   Code   RO        10307    i.usbd_endpoint_request  usbd_sdr.o
    0x08013dd6   0x08013dd6   0x00000016   Code   RO        10043    i.usbd_enter_suspend  usbd_core.o
    0x08013dec   0x08013dec   0x00000046   Code   RO        10208    i.usbd_enumdone_handler  usbd_int.o
    0x08013e32   0x08013e32   0x00000040   Code   RO        10044    i.usbd_ept_close    usbd_core.o
    0x08013e72   0x08013e72   0x000000b0   Code   RO        10045    i.usbd_ept_in_check_fifo  usbd_core.o
    0x08013f22   0x08013f22   0x0000005a   Code   RO        10046    i.usbd_ept_open     usbd_core.o
    0x08013f7c   0x08013f7c   0x00000114   Code   RO        10047    i.usbd_ept_recv     usbd_core.o
    0x08014090   0x08014090   0x0000012e   Code   RO        10048    i.usbd_ept_send     usbd_core.o
    0x080141be   0x080141be   0x00000002   PAD
    0x080141c0   0x080141c0   0x000000c8   Code   RO        10049    i.usbd_fifo_alloc   usbd_core.o
    0x08014288   0x08014288   0x00000012   Code   RO        10050    i.usbd_flush_tx_fifo  usbd_core.o
    0x0801429a   0x0801429a   0x00000056   Code   RO        10308    i.usbd_get_configuration  usbd_sdr.o
    0x080142f0   0x080142f0   0x0000011c   Code   RO        10309    i.usbd_get_descriptor  usbd_sdr.o
    0x0801440c   0x0801440c   0x0000001c   Code   RO        10051    i.usbd_get_recv_len  usbd_core.o
    0x08014428   0x08014428   0x00000044   Code   RO        10310    i.usbd_get_status   usbd_sdr.o
    0x0801446c   0x0801446c   0x00000016   Code   RO        10209    i.usbd_incomisioin_handler  usbd_int.o
    0x08014482   0x08014482   0x00000016   Code   RO        10210    i.usbd_incomisoout_handler  usbd_int.o
    0x08014498   0x08014498   0x000000ac   Code   RO        10211    i.usbd_inept_handler  usbd_int.o
    0x08014544   0x08014544   0x00000068   Code   RO         9984    i.usbd_init         usb_core.o
    0x080145ac   0x080145ac   0x0000003e   Code   RO        10500    i.usbd_int_to_unicode  cdc_msc_desc.o
    0x080145ea   0x080145ea   0x0000004a   Code   RO        10311    i.usbd_interface_request  usbd_sdr.o
    0x08014634   0x08014634   0x000000ea   Code   RO        10212    i.usbd_irq_handler  usbd_int.o
    0x0801471e   0x0801471e   0x00000092   Code   RO        10213    i.usbd_outept_handler  usbd_int.o
    0x080147b0   0x080147b0   0x00000122   Code   RO        10214    i.usbd_reset_handler  usbd_int.o
    0x080148d2   0x080148d2   0x00000082   Code   RO        10215    i.usbd_rxflvl_handler  usbd_int.o
    0x08014954   0x08014954   0x0000005c   Code   RO        10312    i.usbd_set_address  usbd_sdr.o
    0x080149b0   0x080149b0   0x000000c8   Code   RO        10313    i.usbd_set_configuration  usbd_sdr.o
    0x08014a78   0x08014a78   0x00000010   Code   RO        10053    i.usbd_set_device_addr  usbd_core.o
    0x08014a88   0x08014a88   0x00000032   Code   RO        10314    i.usbd_set_feature  usbd_sdr.o
    0x08014aba   0x08014aba   0x0000004a   Code   RO        10054    i.usbd_set_stall    usbd_core.o
    0x08014b04   0x08014b04   0x00000028   Code   RO        10315    i.usbd_setup_request_parse  usbd_sdr.o
    0x08014b2c   0x08014b2c   0x00000014   Code   RO        10216    i.usbd_sof_handler  usbd_int.o
    0x08014b40   0x08014b40   0x00000038   Code   RO        10217    i.usbd_suspend_handler  usbd_int.o
    0x08014b78   0x08014b78   0x0000003c   Code   RO        10501    i.usbd_unicode_convert  cdc_msc_desc.o
    0x08014bb4   0x08014bb4   0x00000036   Code   RO        10218    i.usbd_wakeup_handler  usbd_int.o
    0x08014bea   0x08014bea   0x00000028   Code   RO         5834    i.uxListRemove      list.o
    0x08014c12   0x08014c12   0x0000001a   Code   RO         5835    i.vListInitialise   list.o
    0x08014c2c   0x08014c2c   0x00000006   Code   RO         5836    i.vListInitialiseItem  list.o
    0x08014c32   0x08014c32   0x00000034   Code   RO         5837    i.vListInsert       list.o
    0x08014c66   0x08014c66   0x00000018   Code   RO         5838    i.vListInsertEnd    list.o
    0x08014c7e   0x08014c7e   0x00000002   PAD
    0x08014c80   0x08014c80   0x000000a8   Code   RO        11291    i.vMBPortSerialEnable  portserial.o
    0x08014d28   0x08014d28   0x0000002c   Code   RO        11392    i.vMBPortTimersDisable  porttimer.o
    0x08014d54   0x08014d54   0x00000030   Code   RO        11393    i.vMBPortTimersEnable  porttimer.o
    0x08014d84   0x08014d84   0x00000020   Code   RO        11394    i.vMBPortTimersPoll  porttimer.o
    0x08014da4   0x08014da4   0x00000030   Code   RO        11395    i.vMBPortTimersRestart  porttimer.o
    0x08014dd4   0x08014dd4   0x0000000c   Code   RO        11396    i.vMBTimerCallback  porttimer.o
    0x08014de0   0x08014de0   0x00000054   Code   RO         6677    i.vPortEnterCritical  port.o
    0x08014e34   0x08014e34   0x0000003c   Code   RO         6678    i.vPortExitCritical  port.o
    0x08014e70   0x08014e70   0x000000a4   Code   RO         6752    i.vPortFree         heap_4.o
    0x08014f14   0x08014f14   0x00000028   Code   RO         6679    i.vPortSetupTimerInterrupt  port.o
    0x08014f3c   0x08014f3c   0x00000078   Code   RO         6680    i.vPortValidateInterruptPriority  port.o
    0x08014fb4   0x08014fb4   0x0000004a   Code   RO         5887    i.vQueueWaitForMessageRestricted  queue.o
    0x08014ffe   0x08014ffe   0x00000002   PAD
    0x08015000   0x08015000   0x0000005c   Code   RO         6215    i.vTaskDelay        tasks.o
    0x0801505c   0x0801505c   0x000000f4   Code   RO         6216    i.vTaskDelete       tasks.o
    0x08015150   0x08015150   0x00000018   Code   RO         6219    i.vTaskInternalSetTimeOutState  tasks.o
    0x08015168   0x08015168   0x0000000c   Code   RO         6220    i.vTaskMissedYield  tasks.o
    0x08015174   0x08015174   0x00000038   Code   RO         6221    i.vTaskPlaceOnEventList  tasks.o
    0x080151ac   0x080151ac   0x00000040   Code   RO         6222    i.vTaskPlaceOnEventListRestricted  tasks.o
    0x080151ec   0x080151ec   0x000000e4   Code   RO         6224    i.vTaskPriorityDisinheritAfterTimeout  tasks.o
    0x080152d0   0x080152d0   0x0000009c   Code   RO         6229    i.vTaskStartScheduler  tasks.o
    0x0801536c   0x0801536c   0x00000010   Code   RO         6231    i.vTaskSuspendAll   tasks.o
    0x0801537c   0x0801537c   0x0000008c   Code   RO         6232    i.vTaskSwitchContext  tasks.o
    0x08015408   0x08015408   0x00000008   Code   RO        10807    i.w25x80_init       w25x80.o
    0x08015410   0x08015410   0x00000068   Code   RO        10808    i.w25x80_read_data  w25x80.o
    0x08015478   0x08015478   0x00000044   Code   RO        10810    i.w25x80_sector_erase  w25x80.o
    0x080154bc   0x080154bc   0x00000030   Code   RO        10811    i.w25x80_wait_busy  w25x80.o
    0x080154ec   0x080154ec   0x0000001a   Code   RO        10812    i.w25x80_wdisable   w25x80.o
    0x08015506   0x08015506   0x0000001a   Code   RO        10813    i.w25x80_wenable    w25x80.o
    0x08015520   0x08015520   0x00000072   Code   RO        10814    i.w25x80_write_data  w25x80.o
    0x08015592   0x08015592   0x00000002   PAD
    0x08015594   0x08015594   0x00000024   Code   RO        11238    i.xMBPortEventGet   portevent.o
    0x080155b8   0x080155b8   0x00000010   Code   RO        11239    i.xMBPortEventInit  portevent.o
    0x080155c8   0x080155c8   0x00000018   Code   RO        11240    i.xMBPortEventPost  portevent.o
    0x080155e0   0x080155e0   0x0000004c   Code   RO        11292    i.xMBPortSerialGetByte  portserial.o
    0x0801562c   0x0801562c   0x00000068   Code   RO        11293    i.xMBPortSerialInit  portserial.o
    0x08015694   0x08015694   0x00000034   Code   RO        11294    i.xMBPortSerialPutByte  portserial.o
    0x080156c8   0x080156c8   0x00000038   Code   RO        11397    i.xMBPortTimersInit  porttimer.o
    0x08015700   0x08015700   0x000000dc   Code   RO        11622    i.xMBRTUReceiveFSM  mbrtu.o
    0x080157dc   0x080157dc   0x00000088   Code   RO        11623    i.xMBRTUTimerT35Expired  mbrtu.o
    0x08015864   0x08015864   0x000000c0   Code   RO        11624    i.xMBRTUTransmitFSM  mbrtu.o
    0x08015924   0x08015924   0x00000168   Code   RO         6681    i.xPortStartScheduler  port.o
    0x08015a8c   0x08015a8c   0x00000022   Code   RO         5889    i.xQueueCreateMutex  queue.o
    0x08015aae   0x08015aae   0x000000a2   Code   RO         5890    i.xQueueGenericCreate  queue.o
    0x08015b50   0x08015b50   0x00000098   Code   RO         5891    i.xQueueGenericReset  queue.o
    0x08015be8   0x08015be8   0x000001a8   Code   RO         5892    i.xQueueGenericSend  queue.o
    0x08015d90   0x08015d90   0x00000120   Code   RO         5893    i.xQueueGenericSendFromISR  queue.o
    0x08015eb0   0x08015eb0   0x00000104   Code   RO         5894    i.xQueueGiveFromISR  queue.o
    0x08015fb4   0x08015fb4   0x00000168   Code   RO         5900    i.xQueueReceive     queue.o
    0x0801611c   0x0801611c   0x000000ee   Code   RO         5901    i.xQueueReceiveFromISR  queue.o
    0x0801620a   0x0801620a   0x00000002   PAD
    0x0801620c   0x0801620c   0x000001b8   Code   RO         5902    i.xQueueSemaphoreTake  queue.o
    0x080163c4   0x080163c4   0x00000090   Code   RO         6234    i.xTaskCheckForTimeOut  tasks.o
    0x08016454   0x08016454   0x00000060   Code   RO         6235    i.xTaskCreate       tasks.o
    0x080164b4   0x080164b4   0x00000020   Code   RO         6242    i.xTaskGetSchedulerState  tasks.o
    0x080164d4   0x080164d4   0x0000000c   Code   RO         6243    i.xTaskGetTickCount  tasks.o
    0x080164e0   0x080164e0   0x00000148   Code   RO         6245    i.xTaskIncrementTick  tasks.o
    0x08016628   0x08016628   0x000000bc   Code   RO         6246    i.xTaskPriorityDisinherit  tasks.o
    0x080166e4   0x080166e4   0x000000b8   Code   RO         6247    i.xTaskPriorityInherit  tasks.o
    0x0801679c   0x0801679c   0x00000098   Code   RO         6248    i.xTaskRemoveFromEventList  tasks.o
    0x08016834   0x08016834   0x00000104   Code   RO         6249    i.xTaskResumeAll    tasks.o
    0x08016938   0x08016938   0x00000036   Code   RO         6538    i.xTimerCreate      timers.o
    0x0801696e   0x0801696e   0x00000002   PAD
    0x08016970   0x08016970   0x00000054   Code   RO         6539    i.xTimerCreateTimerTask  timers.o
    0x080169c4   0x080169c4   0x00000084   Code   RO         6540    i.xTimerGenericCommand  timers.o
    0x08016a48   0x08016a48   0x00000016   Data   RO           15    .constdata          system_at32f435_437.o
    0x08016a5e   0x08016a5e   0x00000026   Data   RO          924    .constdata          at32f435_437_crm.o
    0x08016a84   0x08016a84   0x00000040   Data   RO         8041    .constdata          memp.o
    0x08016ac4   0x08016ac4   0x00000040   Data   RO         8420    .constdata          stats.o
    0x08016b04   0x08016b04   0x00000050   Data   RO         8493    .constdata          tcp.o
    0x08016b54   0x08016b54   0x00000008   Data   RO         9302    .constdata          ip_addr.o
    0x08016b5c   0x08016b5c   0x0000000c   Data   RO         9432    .constdata          etharp.o
    0x08016b68   0x08016b68   0x00000200   Data   RO        11604    .constdata          mbcrc.o
    0x08016d68   0x08016d68   0x0000008c   Data   RO         7698    .conststring        dhcp.o
    0x08016df4   0x08016df4   0x000000b4   Data   RO         8421    .conststring        stats.o
    0x08016ea8   0x08016ea8   0x0000006d   Data   RO         8494    .conststring        tcp.o
    0x08016f15   0x08016f15   0x00000003   PAD
    0x08016f18   0x08016f18   0x00000055   Data   RO         8766    .conststring        tcp_out.o
    0x08016f6d   0x08016f6d   0x00000003   PAD
    0x08016f70   0x08016f70   0x00000044   Data   RO         9433    .conststring        etharp.o
    0x08016fb4   0x08016fb4   0x00000063   Data   RO        11626    .conststring        mbrtu.o
    0x08017017   0x08017017   0x00000001   PAD
    0x08017018   0x08017018   0x00000020   Data   RO        12464    Region$$Table       anon$$obj.o


    Execution Region RW_IRAM1 (Exec base: 0x20000000, Load base: 0x08017038, Size: 0x000224e8, Max: 0x00080000, ABSOLUTE, COMPRESSED[0x00000188])

    Exec Addr    Load Addr    Size         Type   Attr      Idx    E Section Name        Object

    0x20000000   COMPRESSED   0x00000004   Data   RW           16    .data               system_at32f435_437.o
    0x20000004   COMPRESSED   0x00000010   Data   RW         2021    .data               at32f435_437_emac.o
    0x20000014   COMPRESSED   0x00000044   Data   RW         6252    .data               tasks.o
    0x20000058   COMPRESSED   0x00000018   Data   RW         6546    .data               timers.o
    0x20000070   COMPRESSED   0x00000010   Data   RW         6682    .data               port.o
    0x20000080   COMPRESSED   0x00000024   Data   RW         6758    .data               heap_4.o
    0x200000a4   COMPRESSED   0x00000010   Data   RW         7541    .data               tcpip.o
    0x200000b4   COMPRESSED   0x00000008   Data   RW         7699    .data               dhcp.o
    0x200000bc   COMPRESSED   0x00000018   Data   RW         7891    .data               dns.o
    0x200000d4   COMPRESSED   0x00000014   Data   RW         7999    .data               mem.o
    0x200000e8   COMPRESSED   0x0000000d   Data   RW         8099    .data               netif.o
    0x200000f5   COMPRESSED   0x00000003   PAD
    0x200000f8   COMPRESSED   0x00000005   Data   RW         8239    .data               pbuf.o
    0x200000fd   COMPRESSED   0x00000003   PAD
    0x20000100   COMPRESSED   0x00000008   Data   RW         8370    .data               raw.o
    0x20000108   COMPRESSED   0x00000028   Data   RW         8495    .data               tcp.o
    0x20000130   COMPRESSED   0x00000024   Data   RW         8702    .data               tcp_in.o
    0x20000154   COMPRESSED   0x00000010   Data   RW         8863    .data               timers_1.o
    0x20000164   COMPRESSED   0x0000000c   Data   RW         8975    .data               udp.o
    0x20000170   COMPRESSED   0x00000010   Data   RW         9113    .data               igmp.o
    0x20000180   COMPRESSED   0x00000016   Data   RW         9252    .data               ip.o
    0x20000196   COMPRESSED   0x00000002   PAD
    0x20000198   COMPRESSED   0x0000000a   Data   RW         9360    .data               ip_frag.o
    0x200001a2   COMPRESSED   0x00000002   PAD
    0x200001a4   COMPRESSED   0x00000005   Data   RW         9434    .data               etharp.o
    0x200001a9   COMPRESSED   0x00000003   PAD
    0x200001ac   COMPRESSED   0x00000016   Data   RW         9544    .data               ethernetif.o
    0x200001c2   COMPRESSED   0x00000002   PAD
    0x200001c4   COMPRESSED   0x00000014   Data   RW         9648    .data               sys_arch.o
    0x200001d8   COMPRESSED   0x00000028   Data   RW         9931    .data               netconf.o
    0x20000200   COMPRESSED   0x00000001   Data   RW        10316    .data               usbd_sdr.o
    0x20000201   COMPRESSED   0x00000003   PAD
    0x20000204   COMPRESSED   0x00000030   Data   RW        10399    .data               cdc_msc_class.o
    0x20000234   COMPRESSED   0x000000f0   Data   RW        10503    .data               cdc_msc_desc.o
    0x20000324   COMPRESSED   0x00000030   Data   RW        10607    .data               msc_bot_scsi.o
    0x20000354   COMPRESSED   0x00000006   Data   RW        10987    .data               ff.o
    0x2000035a   COMPRESSED   0x00000002   Data   RW        11241    .data               portevent.o
    0x2000035c   COMPRESSED   0x00000018   Data   RW        11296    .data               portserial.o
    0x20000374   COMPRESSED   0x0000000c   Data   RW        11398    .data               porttimer.o
    0x20000380   COMPRESSED   0x000000b5   Data   RW        11546    .data               mb.o
    0x20000435   COMPRESSED   0x00000003   PAD
    0x20000438   COMPRESSED   0x0000000c   Data   RW        11627    .data               mbrtu.o
    0x20000444   COMPRESSED   0x00000002   Data   RW        11772    .data               mbfuncother.o
    0x20000446   COMPRESSED   0x00000002   PAD
    0x20000448   COMPRESSED   0x0000001c   Data   RW        11860    .data               main.o
    0x20000464   COMPRESSED   0x00000024   Data   RW        12053    .data               msc_diskio.o
    0x20000488   COMPRESSED   0x00000004   Data   RW        12102    .data               mc_w.l(rand.o)
    0x2000048c   COMPRESSED   0x00000004   Data   RW        12399    .data               mc_w.l(stdout.o)
    0x20000490        -       0x000002e4   Zero   RW         6251    .bss                tasks.o
    0x20000774        -       0x00000028   Zero   RW         6545    .bss                timers.o
    0x2000079c        -       0x0000a000   Zero   RW         6757    .bss                heap_4.o
    0x2000a79c        -       0x00000032   Zero   RW         7697    .bss                dhcp.o
    0x2000a7ce   COMPRESSED   0x00000002   PAD
    0x2000a7d0        -       0x00000663   Zero   RW         7890    .bss                dns.o
    0x2000ae33        -       0x00005014   Zero   RW         7998    .bss                mem.o
    0x2000fe47   COMPRESSED   0x00000001   PAD
    0x2000fe48        -       0x00006597   Zero   RW         8040    .bss                memp.o
    0x200163df   COMPRESSED   0x00000001   PAD
    0x200163e0        -       0x00000044   Zero   RW         8098    .bss                netif.o
    0x20016424        -       0x000001e8   Zero   RW         8419    .bss                stats.o
    0x2001660c        -       0x00000014   Zero   RW         8701    .bss                tcp_in.o
    0x20016620        -       0x00000010   Zero   RW         9301    .bss                ip_addr.o
    0x20016630        -       0x000000c8   Zero   RW         9431    .bss                etharp.o
    0x200166f8        -       0x00007940   Zero   RW         9543    .bss                ethernetif.o
    0x2001e038        -       0x0000000e   Zero   RW         9843    .bss                at32_emac_phy.o
    0x2001e046   COMPRESSED   0x00000002   PAD
    0x2001e048        -       0x00000044   Zero   RW         9930    .bss                netconf.o
    0x2001e08c   COMPRESSED   0x00000004   PAD
    0x2001e090        -       0x000010b0   Zero   RW        10398    .bss                cdc_msc_class.o
    0x2001f140        -       0x00000100   Zero   RW        10502    .bss                cdc_msc_desc.o
    0x2001f240        -       0x00000428   Zero   RW        10764    .bss                spi_tranrecv.o
    0x2001f668        -       0x00000500   Zero   RW        11295    .bss                portserial.o
    0x2001fb68        -       0x00000422   Zero   RW        11454    .bss                mb_callback.o
    0x2001ff8a        -       0x00000100   Zero   RW        11625    .bss                mbrtu.o
    0x2002008a        -       0x00000020   Zero   RW        11771    .bss                mbfuncother.o
    0x200200aa   COMPRESSED   0x00000002   PAD
    0x200200ac        -       0x0000143c   Zero   RW        11859    .bss                main.o
    0x200214e8        -       0x00001000   Zero   RW            1    STACK               startup_at32f435_437.o


==============================================================================

Image component sizes


      Code (inc. data)   RO Data    RW Data    ZI Data      Debug   Object Name

         0          0          0          0          0      19418   api_lib.o
         0          0          0          0          0        812   api_msg.o
      1256         46          0          0         14       7832   at32_emac_phy.o
       100         26          0          0          0      49344   at32f435_437_acc.o
       156         12          0          0          0        546   at32f435_437_clock.o
      1294        144         38          0          0      11770   at32f435_437_crm.o
       344         30          0          0          0       4734   at32f435_437_dma.o
      2146        234          0         16          0      21558   at32f435_437_emac.o
       216          0          0          0          0       3289   at32f435_437_gpio.o
        38          0          0          0          0       3023   at32f435_437_int.o
       240         18          0          0          0      31922   at32f435_437_misc.o
        20          6          0          0          0        510   at32f435_437_scfg.o
       412          0          0          0          0       3794   at32f435_437_spi.o
       216         10          0          0          0       3374   at32f435_437_usart.o
      1792         22          0          0          0      19346   at32f435_437_usb.o
      1202         20          0         48       4272      14619   cdc_msc_class.o
       454        172          0        240        256      11727   cdc_msc_desc.o
         0          0          0          0          0      13232   croutine.o
       172         24          0          0          0       1148   debug_usart.o
        62          0          0          0          0       1972   def.o
      7644       2118        140          8         50      28293   dhcp.o
       154          0          0          0          0       6382   diskio.o
      2088        388          0         24       1635       9981   dns.o
      4512       1200         80          5        200      13648   etharp.o
       966        156          0         22      31040       7675   ethernetif.o
         0          0          0          0          0      15872   event_groups.o
      1440         46          0          6          0      22386   ff.o
       756         74          0         36      40960       4275   heap_4.o
      1316        436          0          0          0       3702   icmp.o
      1360        206          0         16          0       8711   igmp.o
       200          0          0          0          0       2481   inet_chksum.o
        48          0          0          0          0       9805   init.o
      1616        250          0         22          0       8456   ip.o
       746         94          8          0         16      10472   ip_addr.o
      3162        870          0         10          0      10184   ip_frag.o
       148          0          0          0          0       3034   list.o
      1648        558          0         28       5180       8178   main.o
       580        128          0        181          0       4624   mb.o
       744         20          0          0       1058       4049   mb_callback.o
        56          8        512          0          0       1124   mbcrc.o
       430          0          0          0          0       3762   mbfunccoils.o
       172          0          0          0          0       1592   mbfuncdisc.o
       540          0          0          0          0       5003   mbfuncholding.o
       140          0          0          0          0       1539   mbfuncinput.o
        40         10          0          2         32       1323   mbfuncother.o
       984        306         99         12        256       6167   mbrtu.o
        34          0          0          0          0        584   mbutils.o
      2416        850          0         20      20500       5257   mem.o
       728        308         64          0      26007       3926   memp.o
      2544         42          0         48          0      18436   msc_bot_scsi.o
       204          6          0         36          0       3062   msc_diskio.o
         0          0          0          0          0       3820   netbuf.o
       640        212          0         40         68       2808   netconf.o
      1484        406          0         13         68      22463   netif.o
      4244       1638          0          5          0      11765   pbuf.o
      1014         92          0         16          0      11109   port.o
        76         24          0          2          0       5237   portevent.o
       532         92          0         24       1280       6955   portserial.o
       240         56          0         12          0       3604   porttimer.o
      2870         20          0          0          0      20200   queue.o
       116         14          0          8          0       1392   raw.o
         2          0          0          0          0        427   sockets.o
       628         64          0          0       1064       2876   spi_tranrecv.o
        36          8        524          0       4096        896   startup_at32f435_437.o
        64         14        244          0        488       3870   stats.o
       754         38          0         20          0      23848   sys_arch.o
       384         42         22          4          0      55688   system_at32f435_437.o
      3254        426          0         68        740      28723   tasks.o
      4406       1134        189         40          0      24432   tcp.o
      8100       1258          0         36         20      17883   tcp_in.o
      3136        628         85          0          0      10807   tcp_out.o
       732        260          0         16          0       9950   tcpip.o
      1342        106          0         24         40      26358   timers.o
      1068        250          0         16          0       8174   timers_1.o
      1836        330          0         12          0      16713   udp.o
       170          0          0          0          0      10350   usb_core.o
      2516         10          0          0          0      16023   usbd_core.o
      1368          0          0          0          0       8028   usbd_int.o
      1520         24          0          1          0       7618   usbd_sdr.o
       394          8          0          0          0       4075   w25x80.o

    ----------------------------------------------------------------------
     90558      15992       2044       1160     139352     824045   Object Totals
         0          0         32          0          0          0   (incl. Generated)
        96          0          7         23         12          0   (incl. Padding)

    ----------------------------------------------------------------------

      Code (inc. data)   RO Data    RW Data    ZI Data      Debug   Library Member Name

        86          0          0          0          0          0   __dczerorl2.o
         0          0          0          0          0          0   entry.o
         0          0          0          0          0          0   entry10a.o
         0          0          0          0          0          0   entry11a.o
         4          0          0          0          0          0   entry12b.o
         8          4          0          0          0          0   entry2.o
         4          0          0          0          0          0   entry5.o
         0          0          0          0          0          0   entry7b.o
         0          0          0          0          0          0   entry8b.o
         8          4          0          0          0          0   entry9a.o
        30          0          0          0          0          0   handlers.o
        36          8          0          0          0         68   init.o
        30          0          0          0          0         68   llshl.o
        32          0          0          0          0         68   llushr.o
        26          0          0          0          0         80   memcmp.o
        36          0          0          0          0         68   memcpya.o
        36          0          0          0          0        108   memseta.o
      1142         54          0          0          0        352   printf8.o
        36         10          0          4          0        136   rand.o
         0          0          0          4          0          0   stdout.o
        28          0          0          0          0         76   strcmp.o
        14          0          0          0          0         68   strlen.o
        98          0          0          0          0         92   uldiv.o

    ----------------------------------------------------------------------
      1662         80          0          8          0       1184   Library Totals
         8          0          0          0          0          0   (incl. Padding)

    ----------------------------------------------------------------------

      Code (inc. data)   RO Data    RW Data    ZI Data      Debug   Library Name

      1654         80          0          8          0       1184   mc_w.l

    ----------------------------------------------------------------------
      1662         80          0          8          0       1184   Library Totals

    ----------------------------------------------------------------------

==============================================================================


      Code (inc. data)   RO Data    RW Data    ZI Data      Debug   

     92220      16072       2044       1168     139352     761493   Grand Totals
     92220      16072       2044        392     139352     761493   ELF Image Totals (compressed)
     92220      16072       2044        392          0          0   ROM Totals

==============================================================================

    Total RO  Size (Code + RO Data)                94264 (  92.05kB)
    Total RW  Size (RW Data + ZI Data)            140520 ( 137.23kB)
    Total ROM Size (Code + RO Data + RW Data)      94656 (  92.44kB)

==============================================================================

